[INFO] Scanning for projects...
[INFO] 
[INFO] ------------------< decentralabs:blockchain-services >------------------
[INFO] Building blockchain-services 1.0-SNAPSHOT
[INFO]   from pom.xml
[INFO] --------------------------------[ war ]---------------------------------
[INFO] 
[INFO] --- clean:3.5.0:clean (default-clean) @ blockchain-services ---
[INFO] Deleting C:\Repos\Lab Gateway\blockchain-services\target
[INFO] 
[INFO] --- jacoco:0.8.12:prepare-agent (default) @ blockchain-services ---
[INFO] argLine set to "-javaagent:C:\\Users\\ldela\\.m2\\repository\\org\\jacoco\\org.jacoco.agent\\0.8.12\\org.jacoco.agent-0.8.12-runtime.jar=destfile=C:\\Repos\\Lab Gateway\\blockchain-services\\target\\jacoco.exec"
[INFO] 
[INFO] --- resources:3.3.1:resources (default-resources) @ blockchain-services ---
[INFO] Copying 1 resource from src\main\resources to target\classes
[INFO] Copying 16 resources from src\main\resources to target\classes
[INFO] 
[INFO] --- compiler:3.15.0:compile (default-compile) @ blockchain-services ---
[INFO] Recompiling the module because of changed source code.
[INFO] Compiling 158 source files with javac [debug parameters release 21] to target\classes
[INFO] 
[INFO] --- resources:3.3.1:testResources (default-testResources) @ blockchain-services ---
[INFO] Copying 1 resource from src\test\resources to target\test-classes
[INFO] 
[INFO] --- compiler:3.15.0:testCompile (default-testCompile) @ blockchain-services ---
[INFO] Recompiling the module because of changed dependency.
[INFO] Compiling 91 source files with javac [debug parameters release 21] to target\test-classes
[WARNING] /C:/Repos/Lab Gateway/blockchain-services/src/test/java/decentralabs/blockchain/controller/auth/AuthControllerIntegrationTest.java:[48,29] extendMessageConverters(java.util.List<org.springframework.http.converter.HttpMessageConverter<?>>) in org.springframework.web.servlet.config.annotation.WebMvcConfigurer has been deprecated and marked for removal
[INFO] 
[INFO] --- surefire:3.5.4:test (default-test) @ blockchain-services ---
[INFO] Toolchain in maven-surefire-plugin: JDK[C:\Program Files\Java\jdk-21]
[INFO] Using auto detected provider org.apache.maven.surefire.junitplatform.JUnitPlatformProvider
[INFO] 
[INFO] -------------------------------------------------------
[INFO]  T E S T S
[INFO] -------------------------------------------------------
[INFO] Running decentralabs.blockchain.config.ContractEventListenerConfigTest
13:07:25.482 [main] INFO decentralabs.blockchain.config.ContractEventListenerConfig -- Reservation requested | key=0x4444444444444444444444444444444444444444444444444444444444444444 labId=5 tx=0xdeadfeed block=null
13:07:25.505 [main] INFO decentralabs.blockchain.config.ContractEventListenerConfig -- Evaluating reservation request for key=0x4444444444444444444444444444444444444444444444444444444444444444 labId=5 renter=0x00000000000000000000000000000000000000aa payerInstitution=n/a pucHash=n/a
13:07:25.521 [main] ERROR decentralabs.blockchain.config.ContractEventListenerConfig -- Failed to load metadata for lab 5 (ipfs://lab-metadata): metadata not found
13:07:25.524 [main] WARN decentralabs.blockchain.config.ContractEventListenerConfig -- Auto-approval failed for reservation 0x4444444444444444444444444444444444444444444444444444444444444444 on lab 5: Missing metadata for lab 5
13:07:25.527 [main] INFO decentralabs.blockchain.config.ContractEventListenerConfig -- Auto-denying reservation 0x4444444444444444444444444444444444444444444444444444444444444444 for lab 5: Missing metadata for lab 5
13:07:25.540 [main] WARN decentralabs.blockchain.config.ContractEventListenerConfig -- Unable to fetch gas price; using default: Cannot invoke "org.web3j.protocol.Web3j.ethGasPrice()" because "web3j" is null
13:07:25.542 [main] INFO decentralabs.blockchain.config.ContractEventListenerConfig -- Reservation 0x4444444444444444444444444444444444444444444444444444444444444444 denied on-chain (tx=null). Reason: Missing metadata for lab 5
13:07:28.499 [main] INFO decentralabs.blockchain.config.ContractEventListenerConfig -- Reservation canceled | key=0x5555555555555555555555555555555555555555555555555555555555555555 labId=11 tx=0xcanceled block=256
13:07:28.502 [main] WARN decentralabs.blockchain.config.ContractEventListenerConfig -- Unable to fetch metadata URI for lab 11: org.web3j.ens.EnsResolutionException: Unable to determine sync status of node
13:07:28.535 [main] INFO decentralabs.blockchain.config.ContractEventListenerConfig -- Configuring contract event listeners on startup…
13:07:28.539 [main] INFO decentralabs.blockchain.config.ContractEventListenerConfig -- Diamond contract address: 0x1234567890abcdef
13:07:28.540 [main] INFO decentralabs.blockchain.config.ContractEventListenerConfig -- Events to listen: [ReservationRequested, ReservationConfirmed]
13:07:28.544 [main] INFO decentralabs.blockchain.config.ContractEventListenerConfig -- Registering 'ReservationRequested' with signature 0xb106d572a25f91a608e1d76b2c24686100ee02f2d01c58b5fc1cc89149d8e566 (startBlock=null)
13:07:28.547 [main] INFO decentralabs.blockchain.config.ContractEventListenerConfig -- Registering 'ReservationConfirmed' with signature 0xf7a3be25903ef9ff363e21be2cc4c6e650e679d2f1b245bf140c1978bab7a345 (startBlock=null)
13:07:28.548 [main] INFO decentralabs.blockchain.config.ContractEventListenerConfig -- Contract event listener configuration completed for 2 events (with polling fallback)
13:07:28.571 [main] INFO decentralabs.blockchain.config.ContractEventListenerConfig -- Reservation confirmed | key=0x2222222222222222222222222222222222222222222222222222222222222222 labId=7 tx=0xbead block=null
13:07:28.573 [main] WARN decentralabs.blockchain.config.ContractEventListenerConfig -- Unable to fetch metadata URI for lab 7: Cannot invoke "org.web3j.protocol.core.RemoteFunctionCall.send()" because the return value of "decentralabs.blockchain.contract.Diamond.getLab(java.math.BigInteger)" is null
13:07:29.190 [main] INFO decentralabs.blockchain.config.ContractEventListenerConfig -- Reservation requested | key=0x1111111111111111111111111111111111111111111111111111111111111111 labId=42 tx=0xdeadbeef block=null
13:07:29.190 [main] INFO decentralabs.blockchain.config.ContractEventListenerConfig -- Evaluating reservation request for key=0x1111111111111111111111111111111111111111111111111111111111111111 labId=42 renter=0x00000000000000000000000000000000000000ab payerInstitution=n/a pucHash=n/a
13:07:29.190 [main] INFO decentralabs.blockchain.config.ContractEventListenerConfig -- Reservation 0x1111111111111111111111111111111111111111111111111111111111111111 already processed on-chain. Skipping.
13:07:29.260 [main] INFO decentralabs.blockchain.config.ContractEventListenerConfig -- Contract event listening is disabled
13:07:29.299 [main] INFO decentralabs.blockchain.config.ContractEventListenerConfig -- Reservation requested | key=0x7777777777777777777777777777777777777777777777777777777777777777 labId=15 tx=0xautoapprove block=768
13:07:29.300 [main] INFO decentralabs.blockchain.config.ContractEventListenerConfig -- Evaluating reservation request for key=0x7777777777777777777777777777777777777777777777777777777777777777 labId=15 renter=0x00000000000000000000000000000000000000bb payerInstitution=n/a pucHash=n/a
13:07:29.316 [main] WARN decentralabs.blockchain.config.ContractEventListenerConfig -- Unable to fetch gas price; using default: Cannot invoke "org.web3j.protocol.Web3j.ethGasPrice()" because "web3j" is null
13:07:29.317 [main] INFO decentralabs.blockchain.config.ContractEventListenerConfig -- Reservation 0x7777777777777777777777777777777777777777777777777777777777777777 confirmed on-chain (tx=null)
13:07:29.317 [main] INFO decentralabs.blockchain.config.ContractEventListenerConfig -- Reservation 0x7777777777777777777777777777777777777777777777777777777777777777 auto-approved for lab 15
13:07:29.330 [main] WARN decentralabs.blockchain.config.ContractEventListenerConfig -- Skipping unsupported contract events: [UnknownEvent]
13:07:29.424 [main] INFO decentralabs.blockchain.config.ContractEventListenerConfig -- Reservation booking-canceled | key=0x3333333333333333333333333333333333333333333333333333333333333333 labId=9 tx=0xca11ce block=null
13:07:29.426 [main] WARN decentralabs.blockchain.config.ContractEventListenerConfig -- Unable to fetch metadata URI for lab 9: org.web3j.ens.EnsResolutionException: Unable to determine sync status of node
13:07:29.442 [main] INFO decentralabs.blockchain.config.ContractEventListenerConfig -- Reservation confirmed | key=0x6666666666666666666666666666666666666666666666666666666666666666 labId=8 tx=0xconfirmed block=512
13:07:29.444 [main] WARN decentralabs.blockchain.config.ContractEventListenerConfig -- Unable to fetch metadata URI for lab 8: Cannot invoke "org.web3j.protocol.core.RemoteFunctionCall.send()" because the return value of "decentralabs.blockchain.contract.Diamond.getLab(java.math.BigInteger)" is null
[INFO] Tests run: 11, Failures: 0, Errors: 0, Skipped: 0, Time elapsed: 12.11 s -- in decentralabs.blockchain.config.ContractEventListenerConfigTest
[INFO] Running decentralabs.blockchain.config.EventPollingFallbackServiceTest
13:07:36.398 [main] INFO decentralabs.blockchain.config.EventPollingFallbackService -- EventPollingFallbackService initialized for contract 0xcontract
13:07:36.838 [main] INFO decentralabs.blockchain.config.EventPollingFallbackService -- Registered event 'ReservationRequested' with signature 0xb2b0a66240b3fea725cdb604a6f9a7003a35d59b10c877c458d8104865cb30e0 for monitoring
13:07:37.194 [main] INFO decentralabs.blockchain.config.EventPollingFallbackService -- Event polling fallback is disabled
13:07:37.625 [main] INFO decentralabs.blockchain.config.EventPollingFallbackService -- EventPollingFallbackService stopped
13:07:37.723 [main] INFO decentralabs.blockchain.config.EventPollingFallbackService -- EventPollingFallbackService initialized for contract 0xcontract
13:07:37.725 [main] INFO decentralabs.blockchain.config.EventPollingFallbackService -- Registered event 'ReservationRequested' with signature 0xb2b0a66240b3fea725cdb604a6f9a7003a35d59b10c877c458d8104865cb30e0 for monitoring
13:07:38.051 [main] WARN decentralabs.blockchain.config.EventPollingFallbackService -- Error polling logs for 'ReservationRequested': rpc down (range 16-20, current=20)
13:07:38.313 [main] INFO decentralabs.blockchain.config.EventPollingFallbackService -- Registered event 'ReservationRequested' with signature 0xb2b0a66240b3fea725cdb604a6f9a7003a35d59b10c877c458d8104865cb30e0 for monitoring
13:07:38.345 [main] ERROR decentralabs.blockchain.config.EventPollingFallbackService -- Error handling 'ReservationRequested' event (tx=0xtx3): boom
java.lang.IllegalStateException: boom
	at decentralabs.blockchain.config.EventPollingFallbackServiceTest.lambda$handleEventLog_returnsFalseForMissingTopicsMismatchesAndHandlerErrors$5(EventPollingFallbackServiceTest.java:173)
	at decentralabs.blockchain.config.EventPollingFallbackService.handleEventLog(EventPollingFallbackService.java:366)
	at java.base/jdk.internal.reflect.DirectMethodHandleAccessor.invoke(DirectMethodHandleAccessor.java:103)
	at java.base/java.lang.reflect.Method.invoke(Method.java:580)
	at org.springframework.util.MethodInvoker.invoke(MethodInvoker.java:275)
	at org.springframework.test.util.ReflectionTestUtils.invokeMethod(ReflectionTestUtils.java:517)
	at org.springframework.test.util.ReflectionTestUtils.invokeMethod(ReflectionTestUtils.java:438)
	at decentralabs.blockchain.config.EventPollingFallbackServiceTest.handleEventLog_returnsFalseForMissingTopicsMismatchesAndHandlerErrors(EventPollingFallbackServiceTest.java:188)
	at java.base/jdk.internal.reflect.DirectMethodHandleAccessor.invoke(DirectMethodHandleAccessor.java:103)
	at java.base/java.lang.reflect.Method.invoke(Method.java:580)
	at org.junit.platform.commons.util.ReflectionUtils.invokeMethod(ReflectionUtils.java:701)
	at org.junit.platform.commons.support.ReflectionSupport.invokeMethod(ReflectionSupport.java:502)
	at org.junit.jupiter.engine.support.MethodReflectionUtils.invoke(MethodReflectionUtils.java:45)
	at org.junit.jupiter.engine.execution.MethodInvocation.proceed(MethodInvocation.java:61)
	at org.junit.jupiter.engine.execution.InvocationInterceptorChain$ValidatingInvocation.proceed(InvocationInterceptorChain.java:124)
	at org.junit.jupiter.engine.extension.TimeoutExtension.intercept(TimeoutExtension.java:163)
	at org.junit.jupiter.engine.extension.TimeoutExtension.interceptTestableMethod(TimeoutExtension.java:148)
	at org.junit.jupiter.engine.extension.TimeoutExtension.interceptTestMethod(TimeoutExtension.java:86)
	at org.junit.jupiter.engine.execution.InterceptingExecutableInvoker$ReflectiveInterceptorCall.lambda$ofVoidMethod$0(InterceptingExecutableInvoker.java:123)
	at org.junit.jupiter.engine.execution.InterceptingExecutableInvoker.lambda$invoke$0(InterceptingExecutableInvoker.java:105)
	at org.junit.jupiter.engine.execution.InvocationInterceptorChain$InterceptedInvocation.proceed(InvocationInterceptorChain.java:99)
	at org.junit.jupiter.engine.execution.InvocationInterceptorChain.proceed(InvocationInterceptorChain.java:66)
	at org.junit.jupiter.engine.execution.InvocationInterceptorChain.chainAndInvoke(InvocationInterceptorChain.java:47)
	at org.junit.jupiter.engine.execution.InvocationInterceptorChain.invoke(InvocationInterceptorChain.java:39)
	at org.junit.jupiter.engine.execution.InterceptingExecutableInvoker.invoke(InterceptingExecutableInvoker.java:104)
	at org.junit.jupiter.engine.execution.InterceptingExecutableInvoker.invoke(InterceptingExecutableInvoker.java:98)
	at org.junit.jupiter.engine.execution.InterceptingExecutableInvoker.invokeVoid(InterceptingExecutableInvoker.java:71)
	at org.junit.jupiter.engine.descriptor.TestMethodTestDescriptor.lambda$invokeTestMethod$0(TestMethodTestDescriptor.java:219)
	at org.junit.platform.engine.support.hierarchical.ThrowableCollector.execute(ThrowableCollector.java:74)
	at org.junit.jupiter.engine.descriptor.TestMethodTestDescriptor.invokeTestMethod(TestMethodTestDescriptor.java:215)
	at org.junit.jupiter.engine.descriptor.TestMethodTestDescriptor.execute(TestMethodTestDescriptor.java:157)
	at org.junit.jupiter.engine.descriptor.TestMethodTestDescriptor.execute(TestMethodTestDescriptor.java:70)
	at org.junit.platform.engine.support.hierarchical.NodeTestTask.lambda$executeRecursively$2(NodeTestTask.java:176)
	at org.junit.platform.engine.support.hierarchical.ThrowableCollector.execute(ThrowableCollector.java:74)
	at org.junit.platform.engine.support.hierarchical.NodeTestTask.lambda$executeRecursively$1(NodeTestTask.java:166)
	at org.junit.platform.engine.support.hierarchical.Node.around(Node.java:138)
	at org.junit.platform.engine.support.hierarchical.NodeTestTask.lambda$executeRecursively$0(NodeTestTask.java:164)
	at org.junit.platform.engine.support.hierarchical.ThrowableCollector.execute(ThrowableCollector.java:74)
	at org.junit.platform.engine.support.hierarchical.NodeTestTask.executeRecursively(NodeTestTask.java:163)
	at org.junit.platform.engine.support.hierarchical.NodeTestTask.execute(NodeTestTask.java:116)
	at java.base/java.util.ArrayList.forEach(ArrayList.java:1596)
	at org.junit.platform.engine.support.hierarchical.SameThreadHierarchicalTestExecutorService.invokeAll(SameThreadHierarchicalTestExecutorService.java:42)
	at org.junit.platform.engine.support.hierarchical.NodeTestTask.lambda$executeRecursively$2(NodeTestTask.java:180)
	at org.junit.platform.engine.support.hierarchical.ThrowableCollector.execute(ThrowableCollector.java:74)
	at org.junit.platform.engine.support.hierarchical.NodeTestTask.lambda$executeRecursively$1(NodeTestTask.java:166)
	at org.junit.platform.engine.support.hierarchical.Node.around(Node.java:138)
	at org.junit.platform.engine.support.hierarchical.NodeTestTask.lambda$executeRecursively$0(NodeTestTask.java:164)
	at org.junit.platform.engine.support.hierarchical.ThrowableCollector.execute(ThrowableCollector.java:74)
	at org.junit.platform.engine.support.hierarchical.NodeTestTask.executeRecursively(NodeTestTask.java:163)
	at org.junit.platform.engine.support.hierarchical.NodeTestTask.execute(NodeTestTask.java:116)
	at java.base/java.util.ArrayList.forEach(ArrayList.java:1596)
	at org.junit.platform.engine.support.hierarchical.SameThreadHierarchicalTestExecutorService.invokeAll(SameThreadHierarchicalTestExecutorService.java:42)
	at org.junit.platform.engine.support.hierarchical.NodeTestTask.lambda$executeRecursively$2(NodeTestTask.java:180)
	at org.junit.platform.engine.support.hierarchical.ThrowableCollector.execute(ThrowableCollector.java:74)
	at org.junit.platform.engine.support.hierarchical.NodeTestTask.lambda$executeRecursively$1(NodeTestTask.java:166)
	at org.junit.platform.engine.support.hierarchical.Node.around(Node.java:138)
	at org.junit.platform.engine.support.hierarchical.NodeTestTask.lambda$executeRecursively$0(NodeTestTask.java:164)
	at org.junit.platform.engine.support.hierarchical.ThrowableCollector.execute(ThrowableCollector.java:74)
	at org.junit.platform.engine.support.hierarchical.NodeTestTask.executeRecursively(NodeTestTask.java:163)
	at org.junit.platform.engine.support.hierarchical.NodeTestTask.execute(NodeTestTask.java:116)
	at org.junit.platform.engine.support.hierarchical.SameThreadHierarchicalTestExecutorService.submit(SameThreadHierarchicalTestExecutorService.java:36)
	at org.junit.platform.engine.support.hierarchical.HierarchicalTestExecutor.execute(HierarchicalTestExecutor.java:52)
	at org.junit.platform.engine.support.hierarchical.HierarchicalTestEngine.execute(HierarchicalTestEngine.java:58)
	at org.junit.platform.launcher.core.EngineExecutionOrchestrator.executeEngine(EngineExecutionOrchestrator.java:246)
	at org.junit.platform.launcher.core.EngineExecutionOrchestrator.failOrExecuteEngine(EngineExecutionOrchestrator.java:218)
	at org.junit.platform.launcher.core.EngineExecutionOrchestrator.execute(EngineExecutionOrchestrator.java:179)
	at org.junit.platform.launcher.core.EngineExecutionOrchestrator.execute(EngineExecutionOrchestrator.java:108)
	at org.junit.platform.launcher.core.EngineExecutionOrchestrator.lambda$execute$0(EngineExecutionOrchestrator.java:66)
	at org.junit.platform.launcher.core.EngineExecutionOrchestrator.withInterceptedStreams(EngineExecutionOrchestrator.java:157)
	at org.junit.platform.launcher.core.EngineExecutionOrchestrator.execute(EngineExecutionOrchestrator.java:65)
	at org.junit.platform.launcher.core.DefaultLauncher.execute(DefaultLauncher.java:125)
	at org.junit.platform.launcher.core.DefaultLauncher.execute(DefaultLauncher.java:114)
	at org.junit.platform.launcher.core.DelegatingLauncher.execute(DelegatingLauncher.java:58)
	at org.junit.platform.launcher.core.InterceptingLauncher.lambda$execute$2(InterceptingLauncher.java:57)
	at org.junit.platform.launcher.core.ClasspathAlignmentCheckingLauncherInterceptor.intercept(ClasspathAlignmentCheckingLauncherInterceptor.java:25)
	at org.junit.platform.launcher.core.InterceptingLauncher.execute(InterceptingLauncher.java:56)
	at org.junit.platform.launcher.core.DelegatingLauncher.execute(DelegatingLauncher.java:58)
	at java.base/jdk.internal.reflect.DirectMethodHandleAccessor.invoke(DirectMethodHandleAccessor.java:103)
	at java.base/java.lang.reflect.Method.invoke(Method.java:580)
	at org.apache.maven.surefire.api.util.ReflectionUtils.invokeMethodWithArray(ReflectionUtils.java:125)
	at org.apache.maven.surefire.junitplatform.LauncherAdapter.executeWithCancellationToken(LauncherAdapter.java:68)
	at org.apache.maven.surefire.junitplatform.LauncherAdapter.execute(LauncherAdapter.java:54)
	at org.apache.maven.surefire.junitplatform.JUnitPlatformProvider.execute(JUnitPlatformProvider.java:203)
	at org.apache.maven.surefire.junitplatform.JUnitPlatformProvider.invokeAllTests(JUnitPlatformProvider.java:168)
	at org.apache.maven.surefire.junitplatform.JUnitPlatformProvider.invoke(JUnitPlatformProvider.java:134)
	at org.apache.maven.surefire.booter.ForkedBooter.runSuitesInProcess(ForkedBooter.java:385)
	at org.apache.maven.surefire.booter.ForkedBooter.execute(ForkedBooter.java:162)
	at org.apache.maven.surefire.booter.ForkedBooter.run(ForkedBooter.java:507)
	at org.apache.maven.surefire.booter.ForkedBooter.main(ForkedBooter.java:495)
13:07:38.366 [main] INFO decentralabs.blockchain.config.EventPollingFallbackService -- EventPollingFallbackService initialized for contract 0xcontract-a
13:07:38.369 [main] INFO decentralabs.blockchain.config.EventPollingFallbackService -- Registered event 'ReservationRequested' with signature 0xb2b0a66240b3fea725cdb604a6f9a7003a35d59b10c877c458d8104865cb30e0 for monitoring
13:07:38.370 [main] INFO decentralabs.blockchain.config.EventPollingFallbackService -- EventPollingFallbackService stopped
13:07:38.370 [main] INFO decentralabs.blockchain.config.EventPollingFallbackService -- EventPollingFallbackService reset for new network
13:07:38.370 [main] INFO decentralabs.blockchain.config.EventPollingFallbackService -- WebSocket contract event subscriptions are disabled
13:07:38.370 [main] INFO decentralabs.blockchain.config.EventPollingFallbackService -- Event polling fallback is disabled
13:07:38.381 [main] ERROR decentralabs.blockchain.config.EventPollingFallbackService -- Cannot start: Web3j or contract address not initialized
13:07:38.388 [main] INFO decentralabs.blockchain.config.EventPollingFallbackService -- Registered event 'ReservationRequested' with signature 0xb2b0a66240b3fea725cdb604a6f9a7003a35d59b10c877c458d8104865cb30e0 for monitoring
13:07:38.405 [main] INFO decentralabs.blockchain.config.EventPollingFallbackService -- Registered event 'ReservationRequested' with signature 0xb2b0a66240b3fea725cdb604a6f9a7003a35d59b10c877c458d8104865cb30e0 for monitoring
13:07:38.412 [main] INFO decentralabs.blockchain.config.EventPollingFallbackService -- EventPollingFallbackService initialized for contract 0xcontract
13:07:38.415 [main] INFO decentralabs.blockchain.config.EventPollingFallbackService -- Registered event 'ReservationRequested' with signature 0xb2b0a66240b3fea725cdb604a6f9a7003a35d59b10c877c458d8104865cb30e0 for monitoring
13:07:38.421 [main] INFO decentralabs.blockchain.config.EventPollingFallbackService -- Polling recovered 1 'ReservationRequested' events from blocks 10-15
[INFO] Tests run: 10, Failures: 0, Errors: 0, Skipped: 0, Time elapsed: 6.244 s -- in decentralabs.blockchain.config.EventPollingFallbackServiceTest
[INFO] Running decentralabs.blockchain.config.ProviderConfigurationFilterTest
[INFO] Tests run: 1, Failures: 0, Errors: 0, Skipped: 0, Time elapsed: 3.528 s -- in decentralabs.blockchain.config.ProviderConfigurationFilterTest
[INFO] Running decentralabs.blockchain.config.Web3jConfigTest
[INFO] Tests run: 1, Failures: 0, Errors: 0, Skipped: 0, Time elapsed: 5.748 s -- in decentralabs.blockchain.config.Web3jConfigTest
[INFO] Running decentralabs.blockchain.config.WebConfigTest
[INFO] Tests run: 4, Failures: 0, Errors: 0, Skipped: 0, Time elapsed: 3.112 s -- in decentralabs.blockchain.config.WebConfigTest
[INFO] Running decentralabs.blockchain.controller.auth.AuthControllerIntegrationTest

  .   ____          _            __ _ _
 /\\ / ___'_ __ _ _(_)_ __  __ _ \ \ \ \
( ( )\___ | '_ | '_| | '_ \/ _` | \ \ \ \
 \\/  ___)| |_)| | | | | || (_| |  ) ) ) )
  '  |____| .__|_| |_|_| |_\__, | / / / /
 =========|_|==============|___/=/_/_/_/

 :: Spring Boot ::                (v4.0.3)

ts=2026-03-22T13:08:03.726+01:00 level=INFO service=blockchain-services env=default thread=main logger=d.b.c.a.AuthControllerIntegrationTest msg="Starting AuthControllerIntegrationTest using Java 21.0.9 with PID 38640 (started by ldela in C:\Repos\Lab Gateway\blockchain-services)" traceId= spanId=
ts=2026-03-22T13:08:03.735+01:00 level=INFO service=blockchain-services env=default thread=main logger=d.b.c.a.AuthControllerIntegrationTest msg="No active profile set, falling back to 1 default profile: "default"" traceId= spanId=
ts=2026-03-22T13:08:04.720+01:00 level=INFO service=blockchain-services env=default thread=background-preinit logger=o.h.validator.internal.util.Version msg="HV000001: Hibernate Validator 9.0.1.Final" traceId= spanId=
ts=2026-03-22T13:08:06.769+01:00 level=INFO service=blockchain-services env=default thread=main logger=d.b.c.a.AuthControllerIntegrationTest msg="Started AuthControllerIntegrationTest in 4.372 seconds (process running for 8.627)" traceId= spanId=
ts=2026-03-22T13:08:10.261+01:00 level=INFO service=blockchain-services env=default thread=main logger=o.s.mock.web.MockServletContext msg="Initializing Spring TestDispatcherServlet ''" traceId= spanId=
ts=2026-03-22T13:08:10.262+01:00 level=INFO service=blockchain-services env=default thread=main logger=o.s.t.w.s.TestDispatcherServlet msg="Initializing Servlet ''" traceId= spanId=
ts=2026-03-22T13:08:10.269+01:00 level=INFO service=blockchain-services env=default thread=main logger=o.s.t.w.s.TestDispatcherServlet msg="Completed initialization in 7 ms" traceId= spanId=
ts=2026-03-22T13:08:10.766+01:00 level=ERROR service=blockchain-services env=default thread=main logger=d.b.controller.auth.AuthController msg="JWKS generation error: Key service unavailable" traceId= spanId=
java.lang.RuntimeException: Key service unavailable
	at decentralabs.blockchain.service.auth.KeyService.getPublicKey(KeyService.java:94)
	at decentralabs.blockchain.controller.auth.AuthController.getJWKS(AuthController.java:95)
	at java.base/jdk.internal.reflect.DirectMethodHandleAccessor.invoke(DirectMethodHandleAccessor.java:103)
	at java.base/java.lang.reflect.Method.invoke(Method.java:580)
	at org.springframework.web.method.support.InvocableHandlerMethod.doInvoke(InvocableHandlerMethod.java:252)
	at org.springframework.web.method.support.InvocableHandlerMethod.invokeForRequest(InvocableHandlerMethod.java:184)
	at org.springframework.web.servlet.mvc.method.annotation.ServletInvocableHandlerMethod.invokeAndHandle(ServletInvocableHandlerMethod.java:117)
	at org.springframework.web.servlet.mvc.method.annotation.RequestMappingHandlerAdapter.invokeHandlerMethod(RequestMappingHandlerAdapter.java:934)
	at org.springframework.web.servlet.mvc.method.annotation.RequestMappingHandlerAdapter.handleInternal(RequestMappingHandlerAdapter.java:853)
	at org.springframework.web.servlet.mvc.method.AbstractHandlerMethodAdapter.handle(AbstractHandlerMethodAdapter.java:86)
	at org.springframework.web.servlet.DispatcherServlet.doDispatch(DispatcherServlet.java:963)
	at org.springframework.web.servlet.DispatcherServlet.doService(DispatcherServlet.java:866)
	at org.springframework.web.servlet.FrameworkServlet.processRequest(FrameworkServlet.java:1000)
	at org.springframework.web.servlet.FrameworkServlet.doGet(FrameworkServlet.java:892)
	at jakarta.servlet.http.HttpServlet.service(HttpServlet.java:622)
	at org.springframework.web.servlet.FrameworkServlet.service(FrameworkServlet.java:874)
	at org.springframework.test.web.servlet.TestDispatcherServlet.service(TestDispatcherServlet.java:72)
	at jakarta.servlet.http.HttpServlet.service(HttpServlet.java:710)
	at org.springframework.mock.web.MockFilterChain$ServletFilterProxy.doFilter(MockFilterChain.java:160)
	at org.springframework.mock.web.MockFilterChain.doFilter(MockFilterChain.java:127)
	at org.springframework.test.web.servlet.MockMvc.perform(MockMvc.java:199)
	at decentralabs.blockchain.controller.auth.AuthControllerIntegrationTest.shouldHandleKeyServiceError(AuthControllerIntegrationTest.java:118)
	at java.base/jdk.internal.reflect.DirectMethodHandleAccessor.invoke(DirectMethodHandleAccessor.java:103)
	at java.base/java.lang.reflect.Method.invoke(Method.java:580)
	at org.junit.platform.commons.util.ReflectionUtils.invokeMethod(ReflectionUtils.java:701)
	at org.junit.platform.commons.support.ReflectionSupport.invokeMethod(ReflectionSupport.java:502)
	at org.junit.jupiter.engine.support.MethodReflectionUtils.invoke(MethodReflectionUtils.java:45)
	at org.junit.jupiter.engine.execution.MethodInvocation.proceed(MethodInvocation.java:61)
	at org.junit.jupiter.engine.execution.InvocationInterceptorChain$ValidatingInvocation.proceed(InvocationInterceptorChain.java:124)
	at org.junit.jupiter.engine.extension.TimeoutExtension.intercept(TimeoutExtension.java:163)
	at org.junit.jupiter.engine.extension.TimeoutExtension.interceptTestableMethod(TimeoutExtension.java:148)
	at org.junit.jupiter.engine.extension.TimeoutExtension.interceptTestMethod(TimeoutExtension.java:86)
	at org.junit.jupiter.engine.execution.InterceptingExecutableInvoker$ReflectiveInterceptorCall.lambda$ofVoidMethod$0(InterceptingExecutableInvoker.java:123)
	at org.junit.jupiter.engine.execution.InterceptingExecutableInvoker.lambda$invoke$0(InterceptingExecutableInvoker.java:105)
	at org.junit.jupiter.engine.execution.InvocationInterceptorChain$InterceptedInvocation.proceed(InvocationInterceptorChain.java:99)
	at org.junit.jupiter.engine.execution.InvocationInterceptorChain.proceed(InvocationInterceptorChain.java:66)
	at org.junit.jupiter.engine.execution.InvocationInterceptorChain.chainAndInvoke(InvocationInterceptorChain.java:47)
	at org.junit.jupiter.engine.execution.InvocationInterceptorChain.invoke(InvocationInterceptorChain.java:39)
	at org.junit.jupiter.engine.execution.InterceptingExecutableInvoker.invoke(InterceptingExecutableInvoker.java:104)
	at org.junit.jupiter.engine.execution.InterceptingExecutableInvoker.invoke(InterceptingExecutableInvoker.java:98)
	at org.junit.jupiter.engine.execution.InterceptingExecutableInvoker.invokeVoid(InterceptingExecutableInvoker.java:71)
	at org.junit.jupiter.engine.descriptor.TestMethodTestDescriptor.lambda$invokeTestMethod$0(TestMethodTestDescriptor.java:219)
	at org.junit.platform.engine.support.hierarchical.ThrowableCollector.execute(ThrowableCollector.java:74)
	at org.junit.jupiter.engine.descriptor.TestMethodTestDescriptor.invokeTestMethod(TestMethodTestDescriptor.java:215)
	at org.junit.jupiter.engine.descriptor.TestMethodTestDescriptor.execute(TestMethodTestDescriptor.java:157)
	at org.junit.jupiter.engine.descriptor.TestMethodTestDescriptor.execute(TestMethodTestDescriptor.java:70)
	at org.junit.platform.engine.support.hierarchical.NodeTestTask.lambda$executeRecursively$2(NodeTestTask.java:176)
	at org.junit.platform.engine.support.hierarchical.ThrowableCollector.execute(ThrowableCollector.java:74)
	at org.junit.platform.engine.support.hierarchical.NodeTestTask.lambda$executeRecursively$1(NodeTestTask.java:166)
	at org.junit.platform.engine.support.hierarchical.Node.around(Node.java:138)
	at org.junit.platform.engine.support.hierarchical.NodeTestTask.lambda$executeRecursively$0(NodeTestTask.java:164)
	at org.junit.platform.engine.support.hierarchical.ThrowableCollector.execute(ThrowableCollector.java:74)
	at org.junit.platform.engine.support.hierarchical.NodeTestTask.executeRecursively(NodeTestTask.java:163)
	at org.junit.platform.engine.support.hierarchical.NodeTestTask.execute(NodeTestTask.java:116)
	at java.base/java.util.ArrayList.forEach(ArrayList.java:1596)
	at org.junit.platform.engine.support.hierarchical.SameThreadHierarchicalTestExecutorService.invokeAll(SameThreadHierarchicalTestExecutorService.java:42)
	at org.junit.platform.engine.support.hierarchical.NodeTestTask.lambda$executeRecursively$2(NodeTestTask.java:180)
	at org.junit.platform.engine.support.hierarchical.ThrowableCollector.execute(ThrowableCollector.java:74)
	at org.junit.platform.engine.support.hierarchical.NodeTestTask.lambda$executeRecursively$1(NodeTestTask.java:166)
	at org.junit.platform.engine.support.hierarchical.Node.around(Node.java:138)
	at org.junit.platform.engine.support.hierarchical.NodeTestTask.lambda$executeRecursively$0(NodeTestTask.java:164)
	at org.junit.platform.engine.support.hierarchical.ThrowableCollector.execute(ThrowableCollector.java:74)
	at org.junit.platform.engine.support.hierarchical.NodeTestTask.executeRecursively(NodeTestTask.java:163)
	at org.junit.platform.engine.support.hierarchical.NodeTestTask.execute(NodeTestTask.java:116)
	at java.base/java.util.ArrayList.forEach(ArrayList.java:1596)
	at org.junit.platform.engine.support.hierarchical.SameThreadHierarchicalTestExecutorService.invokeAll(SameThreadHierarchicalTestExecutorService.java:42)
	at org.junit.platform.engine.support.hierarchical.NodeTestTask.lambda$executeRecursively$2(NodeTestTask.java:180)
	at org.junit.platform.engine.support.hierarchical.ThrowableCollector.execute(ThrowableCollector.java:74)
	at org.junit.platform.engine.support.hierarchical.NodeTestTask.lambda$executeRecursively$1(NodeTestTask.java:166)
	at org.junit.platform.engine.support.hierarchical.Node.around(Node.java:138)
	at org.junit.platform.engine.support.hierarchical.NodeTestTask.lambda$executeRecursively$0(NodeTestTask.java:164)
	at org.junit.platform.engine.support.hierarchical.ThrowableCollector.execute(ThrowableCollector.java:74)
	at org.junit.platform.engine.support.hierarchical.NodeTestTask.executeRecursively(NodeTestTask.java:163)
	at org.junit.platform.engine.support.hierarchical.NodeTestTask.execute(NodeTestTask.java:116)
	at org.junit.platform.engine.support.hierarchical.SameThreadHierarchicalTestExecutorService.submit(SameThreadHierarchicalTestExecutorService.java:36)
	at org.junit.platform.engine.support.hierarchical.HierarchicalTestExecutor.execute(HierarchicalTestExecutor.java:52)
	at org.junit.platform.engine.support.hierarchical.HierarchicalTestEngine.execute(HierarchicalTestEngine.java:58)
	at org.junit.platform.launcher.core.EngineExecutionOrchestrator.executeEngine(EngineExecutionOrchestrator.java:246)
	at org.junit.platform.launcher.core.EngineExecutionOrchestrator.failOrExecuteEngine(EngineExecutionOrchestrator.java:218)
	at org.junit.platform.launcher.core.EngineExecutionOrchestrator.execute(EngineExecutionOrchestrator.java:179)
	at org.junit.platform.launcher.core.EngineExecutionOrchestrator.execute(EngineExecutionOrchestrator.java:108)
	at org.junit.platform.launcher.core.EngineExecutionOrchestrator.lambda$execute$0(EngineExecutionOrchestrator.java:66)
	at org.junit.platform.launcher.core.EngineExecutionOrchestrator.withInterceptedStreams(EngineExecutionOrchestrator.java:157)
	at org.junit.platform.launcher.core.EngineExecutionOrchestrator.execute(EngineExecutionOrchestrator.java:65)
	at org.junit.platform.launcher.core.DefaultLauncher.execute(DefaultLauncher.java:125)
	at org.junit.platform.launcher.core.DefaultLauncher.execute(DefaultLauncher.java:114)
	at org.junit.platform.launcher.core.DelegatingLauncher.execute(DelegatingLauncher.java:58)
	at org.junit.platform.launcher.core.InterceptingLauncher.lambda$execute$2(InterceptingLauncher.java:57)
	at org.junit.platform.launcher.core.ClasspathAlignmentCheckingLauncherInterceptor.intercept(ClasspathAlignmentCheckingLauncherInterceptor.java:25)
	at org.junit.platform.launcher.core.InterceptingLauncher.execute(InterceptingLauncher.java:56)
	at org.junit.platform.launcher.core.DelegatingLauncher.execute(DelegatingLauncher.java:58)
	at java.base/jdk.internal.reflect.DirectMethodHandleAccessor.invoke(DirectMethodHandleAccessor.java:103)
	at java.base/java.lang.reflect.Method.invoke(Method.java:580)
	at org.apache.maven.surefire.api.util.ReflectionUtils.invokeMethodWithArray(ReflectionUtils.java:125)
	at org.apache.maven.surefire.junitplatform.LauncherAdapter.executeWithCancellationToken(LauncherAdapter.java:68)
	at org.apache.maven.surefire.junitplatform.LauncherAdapter.execute(LauncherAdapter.java:54)
	at org.apache.maven.surefire.junitplatform.JUnitPlatformProvider.execute(JUnitPlatformProvider.java:203)
	at org.apache.maven.surefire.junitplatform.JUnitPlatformProvider.invokeAllTests(JUnitPlatformProvider.java:168)
	at org.apache.maven.surefire.junitplatform.JUnitPlatformProvider.invoke(JUnitPlatformProvider.java:134)
	at org.apache.maven.surefire.booter.ForkedBooter.runSuitesInProcess(ForkedBooter.java:385)
	at org.apache.maven.surefire.booter.ForkedBooter.execute(ForkedBooter.java:162)
	at org.apache.maven.surefire.booter.ForkedBooter.run(ForkedBooter.java:507)
	at org.apache.maven.surefire.booter.ForkedBooter.main(ForkedBooter.java:495)
ts=2026-03-22T13:08:11.169+01:00 level=INFO service=blockchain-services env=default thread=main logger=o.s.mock.web.MockServletContext msg="Initializing Spring TestDispatcherServlet ''" traceId= spanId=
ts=2026-03-22T13:08:11.169+01:00 level=INFO service=blockchain-services env=default thread=main logger=o.s.t.w.s.TestDispatcherServlet msg="Initializing Servlet ''" traceId= spanId=
ts=2026-03-22T13:08:11.170+01:00 level=INFO service=blockchain-services env=default thread=main logger=o.s.t.w.s.TestDispatcherServlet msg="Completed initialization in 1 ms" traceId= spanId=
ts=2026-03-22T13:08:12.451+01:00 level=INFO service=blockchain-services env=default thread=main logger=o.s.mock.web.MockServletContext msg="Initializing Spring TestDispatcherServlet ''" traceId= spanId=
ts=2026-03-22T13:08:12.451+01:00 level=INFO service=blockchain-services env=default thread=main logger=o.s.t.w.s.TestDispatcherServlet msg="Initializing Servlet ''" traceId= spanId=
ts=2026-03-22T13:08:12.451+01:00 level=INFO service=blockchain-services env=default thread=main logger=o.s.t.w.s.TestDispatcherServlet msg="Completed initialization in 0 ms" traceId= spanId=
ts=2026-03-22T13:08:12.459+01:00 level=WARN service=blockchain-services env=default thread=main logger=d.b.controller.auth.AuthController msg="Failed to resolve backend base domain, using request context" traceId= spanId=
java.lang.RuntimeException: Backend resolver error
	at decentralabs.blockchain.service.BackendUrlResolver.resolveBaseDomain(BackendUrlResolver.java:50)
	at decentralabs.blockchain.controller.auth.AuthController.openidConfig(AuthController.java:59)
	at java.base/jdk.internal.reflect.DirectMethodHandleAccessor.invoke(DirectMethodHandleAccessor.java:103)
	at java.base/java.lang.reflect.Method.invoke(Method.java:580)
	at org.springframework.web.method.support.InvocableHandlerMethod.doInvoke(InvocableHandlerMethod.java:252)
	at org.springframework.web.method.support.InvocableHandlerMethod.invokeForRequest(InvocableHandlerMethod.java:184)
	at org.springframework.web.servlet.mvc.method.annotation.ServletInvocableHandlerMethod.invokeAndHandle(ServletInvocableHandlerMethod.java:117)
	at org.springframework.web.servlet.mvc.method.annotation.RequestMappingHandlerAdapter.invokeHandlerMethod(RequestMappingHandlerAdapter.java:934)
	at org.springframework.web.servlet.mvc.method.annotation.RequestMappingHandlerAdapter.handleInternal(RequestMappingHandlerAdapter.java:853)
	at org.springframework.web.servlet.mvc.method.AbstractHandlerMethodAdapter.handle(AbstractHandlerMethodAdapter.java:86)
	at org.springframework.web.servlet.DispatcherServlet.doDispatch(DispatcherServlet.java:963)
	at org.springframework.web.servlet.DispatcherServlet.doService(DispatcherServlet.java:866)
	at org.springframework.web.servlet.FrameworkServlet.processRequest(FrameworkServlet.java:1000)
	at org.springframework.web.servlet.FrameworkServlet.doGet(FrameworkServlet.java:892)
	at jakarta.servlet.http.HttpServlet.service(HttpServlet.java:622)
	at org.springframework.web.servlet.FrameworkServlet.service(FrameworkServlet.java:874)
	at org.springframework.test.web.servlet.TestDispatcherServlet.service(TestDispatcherServlet.java:72)
	at jakarta.servlet.http.HttpServlet.service(HttpServlet.java:710)
	at org.springframework.mock.web.MockFilterChain$ServletFilterProxy.doFilter(MockFilterChain.java:160)
	at org.springframework.mock.web.MockFilterChain.doFilter(MockFilterChain.java:127)
	at org.springframework.test.web.servlet.MockMvc.perform(MockMvc.java:199)
	at decentralabs.blockchain.controller.auth.AuthControllerIntegrationTest.shouldHandleBackendUrlResolverError(AuthControllerIntegrationTest.java:150)
	at java.base/jdk.internal.reflect.DirectMethodHandleAccessor.invoke(DirectMethodHandleAccessor.java:103)
	at java.base/java.lang.reflect.Method.invoke(Method.java:580)
	at org.junit.platform.commons.util.ReflectionUtils.invokeMethod(ReflectionUtils.java:701)
	at org.junit.platform.commons.support.ReflectionSupport.invokeMethod(ReflectionSupport.java:502)
	at org.junit.jupiter.engine.support.MethodReflectionUtils.invoke(MethodReflectionUtils.java:45)
	at org.junit.jupiter.engine.execution.MethodInvocation.proceed(MethodInvocation.java:61)
	at org.junit.jupiter.engine.execution.InvocationInterceptorChain$ValidatingInvocation.proceed(InvocationInterceptorChain.java:124)
	at org.junit.jupiter.engine.extension.TimeoutExtension.intercept(TimeoutExtension.java:163)
	at org.junit.jupiter.engine.extension.TimeoutExtension.interceptTestableMethod(TimeoutExtension.java:148)
	at org.junit.jupiter.engine.extension.TimeoutExtension.interceptTestMethod(TimeoutExtension.java:86)
	at org.junit.jupiter.engine.execution.InterceptingExecutableInvoker$ReflectiveInterceptorCall.lambda$ofVoidMethod$0(InterceptingExecutableInvoker.java:123)
	at org.junit.jupiter.engine.execution.InterceptingExecutableInvoker.lambda$invoke$0(InterceptingExecutableInvoker.java:105)
	at org.junit.jupiter.engine.execution.InvocationInterceptorChain$InterceptedInvocation.proceed(InvocationInterceptorChain.java:99)
	at org.junit.jupiter.engine.execution.InvocationInterceptorChain.proceed(InvocationInterceptorChain.java:66)
	at org.junit.jupiter.engine.execution.InvocationInterceptorChain.chainAndInvoke(InvocationInterceptorChain.java:47)
	at org.junit.jupiter.engine.execution.InvocationInterceptorChain.invoke(InvocationInterceptorChain.java:39)
	at org.junit.jupiter.engine.execution.InterceptingExecutableInvoker.invoke(InterceptingExecutableInvoker.java:104)
	at org.junit.jupiter.engine.execution.InterceptingExecutableInvoker.invoke(InterceptingExecutableInvoker.java:98)
	at org.junit.jupiter.engine.execution.InterceptingExecutableInvoker.invokeVoid(InterceptingExecutableInvoker.java:71)
	at org.junit.jupiter.engine.descriptor.TestMethodTestDescriptor.lambda$invokeTestMethod$0(TestMethodTestDescriptor.java:219)
	at org.junit.platform.engine.support.hierarchical.ThrowableCollector.execute(ThrowableCollector.java:74)
	at org.junit.jupiter.engine.descriptor.TestMethodTestDescriptor.invokeTestMethod(TestMethodTestDescriptor.java:215)
	at org.junit.jupiter.engine.descriptor.TestMethodTestDescriptor.execute(TestMethodTestDescriptor.java:157)
	at org.junit.jupiter.engine.descriptor.TestMethodTestDescriptor.execute(TestMethodTestDescriptor.java:70)
	at org.junit.platform.engine.support.hierarchical.NodeTestTask.lambda$executeRecursively$2(NodeTestTask.java:176)
	at org.junit.platform.engine.support.hierarchical.ThrowableCollector.execute(ThrowableCollector.java:74)
	at org.junit.platform.engine.support.hierarchical.NodeTestTask.lambda$executeRecursively$1(NodeTestTask.java:166)
	at org.junit.platform.engine.support.hierarchical.Node.around(Node.java:138)
	at org.junit.platform.engine.support.hierarchical.NodeTestTask.lambda$executeRecursively$0(NodeTestTask.java:164)
	at org.junit.platform.engine.support.hierarchical.ThrowableCollector.execute(ThrowableCollector.java:74)
	at org.junit.platform.engine.support.hierarchical.NodeTestTask.executeRecursively(NodeTestTask.java:163)
	at org.junit.platform.engine.support.hierarchical.NodeTestTask.execute(NodeTestTask.java:116)
	at java.base/java.util.ArrayList.forEach(ArrayList.java:1596)
	at org.junit.platform.engine.support.hierarchical.SameThreadHierarchicalTestExecutorService.invokeAll(SameThreadHierarchicalTestExecutorService.java:42)
	at org.junit.platform.engine.support.hierarchical.NodeTestTask.lambda$executeRecursively$2(NodeTestTask.java:180)
	at org.junit.platform.engine.support.hierarchical.ThrowableCollector.execute(ThrowableCollector.java:74)
	at org.junit.platform.engine.support.hierarchical.NodeTestTask.lambda$executeRecursively$1(NodeTestTask.java:166)
	at org.junit.platform.engine.support.hierarchical.Node.around(Node.java:138)
	at org.junit.platform.engine.support.hierarchical.NodeTestTask.lambda$executeRecursively$0(NodeTestTask.java:164)
	at org.junit.platform.engine.support.hierarchical.ThrowableCollector.execute(ThrowableCollector.java:74)
	at org.junit.platform.engine.support.hierarchical.NodeTestTask.executeRecursively(NodeTestTask.java:163)
	at org.junit.platform.engine.support.hierarchical.NodeTestTask.execute(NodeTestTask.java:116)
	at java.base/java.util.ArrayList.forEach(ArrayList.java:1596)
	at org.junit.platform.engine.support.hierarchical.SameThreadHierarchicalTestExecutorService.invokeAll(SameThreadHierarchicalTestExecutorService.java:42)
	at org.junit.platform.engine.support.hierarchical.NodeTestTask.lambda$executeRecursively$2(NodeTestTask.java:180)
	at org.junit.platform.engine.support.hierarchical.ThrowableCollector.execute(ThrowableCollector.java:74)
	at org.junit.platform.engine.support.hierarchical.NodeTestTask.lambda$executeRecursively$1(NodeTestTask.java:166)
	at org.junit.platform.engine.support.hierarchical.Node.around(Node.java:138)
	at org.junit.platform.engine.support.hierarchical.NodeTestTask.lambda$executeRecursively$0(NodeTestTask.java:164)
	at org.junit.platform.engine.support.hierarchical.ThrowableCollector.execute(ThrowableCollector.java:74)
	at org.junit.platform.engine.support.hierarchical.NodeTestTask.executeRecursively(NodeTestTask.java:163)
	at org.junit.platform.engine.support.hierarchical.NodeTestTask.execute(NodeTestTask.java:116)
	at org.junit.platform.engine.support.hierarchical.SameThreadHierarchicalTestExecutorService.submit(SameThreadHierarchicalTestExecutorService.java:36)
	at org.junit.platform.engine.support.hierarchical.HierarchicalTestExecutor.execute(HierarchicalTestExecutor.java:52)
	at org.junit.platform.engine.support.hierarchical.HierarchicalTestEngine.execute(HierarchicalTestEngine.java:58)
	at org.junit.platform.launcher.core.EngineExecutionOrchestrator.executeEngine(EngineExecutionOrchestrator.java:246)
	at org.junit.platform.launcher.core.EngineExecutionOrchestrator.failOrExecuteEngine(EngineExecutionOrchestrator.java:218)
	at org.junit.platform.launcher.core.EngineExecutionOrchestrator.execute(EngineExecutionOrchestrator.java:179)
	at org.junit.platform.launcher.core.EngineExecutionOrchestrator.execute(EngineExecutionOrchestrator.java:108)
	at org.junit.platform.launcher.core.EngineExecutionOrchestrator.lambda$execute$0(EngineExecutionOrchestrator.java:66)
	at org.junit.platform.launcher.core.EngineExecutionOrchestrator.withInterceptedStreams(EngineExecutionOrchestrator.java:157)
	at org.junit.platform.launcher.core.EngineExecutionOrchestrator.execute(EngineExecutionOrchestrator.java:65)
	at org.junit.platform.launcher.core.DefaultLauncher.execute(DefaultLauncher.java:125)
	at org.junit.platform.launcher.core.DefaultLauncher.execute(DefaultLauncher.java:114)
	at org.junit.platform.launcher.core.DelegatingLauncher.execute(DelegatingLauncher.java:58)
	at org.junit.platform.launcher.core.InterceptingLauncher.lambda$execute$2(InterceptingLauncher.java:57)
	at org.junit.platform.launcher.core.ClasspathAlignmentCheckingLauncherInterceptor.intercept(ClasspathAlignmentCheckingLauncherInterceptor.java:25)
	at org.junit.platform.launcher.core.InterceptingLauncher.execute(InterceptingLauncher.java:56)
	at org.junit.platform.launcher.core.DelegatingLauncher.execute(DelegatingLauncher.java:58)
	at java.base/jdk.internal.reflect.DirectMethodHandleAccessor.invoke(DirectMethodHandleAccessor.java:103)
	at java.base/java.lang.reflect.Method.invoke(Method.java:580)
	at org.apache.maven.surefire.api.util.ReflectionUtils.invokeMethodWithArray(ReflectionUtils.java:125)
	at org.apache.maven.surefire.junitplatform.LauncherAdapter.executeWithCancellationToken(LauncherAdapter.java:68)
	at org.apache.maven.surefire.junitplatform.LauncherAdapter.execute(LauncherAdapter.java:54)
	at org.apache.maven.surefire.junitplatform.JUnitPlatformProvider.execute(JUnitPlatformProvider.java:203)
	at org.apache.maven.surefire.junitplatform.JUnitPlatformProvider.invokeAllTests(JUnitPlatformProvider.java:168)
	at org.apache.maven.surefire.junitplatform.JUnitPlatformProvider.invoke(JUnitPlatformProvider.java:134)
	at org.apache.maven.surefire.booter.ForkedBooter.runSuitesInProcess(ForkedBooter.java:385)
	at org.apache.maven.surefire.booter.ForkedBooter.execute(ForkedBooter.java:162)
	at org.apache.maven.surefire.booter.ForkedBooter.run(ForkedBooter.java:507)
	at org.apache.maven.surefire.booter.ForkedBooter.main(ForkedBooter.java:495)
ts=2026-03-22T13:08:12.495+01:00 level=INFO service=blockchain-services env=default thread=main logger=o.s.mock.web.MockServletContext msg="Initializing Spring TestDispatcherServlet ''" traceId= spanId=
ts=2026-03-22T13:08:12.495+01:00 level=INFO service=blockchain-services env=default thread=main logger=o.s.t.w.s.TestDispatcherServlet msg="Initializing Servlet ''" traceId= spanId=
ts=2026-03-22T13:08:12.496+01:00 level=INFO service=blockchain-services env=default thread=main logger=o.s.t.w.s.TestDispatcherServlet msg="Completed initialization in 1 ms" traceId= spanId=
ts=2026-03-22T13:08:12.531+01:00 level=INFO service=blockchain-services env=default thread=main logger=o.s.mock.web.MockServletContext msg="Initializing Spring TestDispatcherServlet ''" traceId= spanId=
ts=2026-03-22T13:08:12.531+01:00 level=INFO service=blockchain-services env=default thread=main logger=o.s.t.w.s.TestDispatcherServlet msg="Initializing Servlet ''" traceId= spanId=
ts=2026-03-22T13:08:12.532+01:00 level=INFO service=blockchain-services env=default thread=main logger=o.s.t.w.s.TestDispatcherServlet msg="Completed initialization in 0 ms" traceId= spanId=
[INFO] Tests run: 5, Failures: 0, Errors: 0, Skipped: 0, Time elapsed: 12.18 s -- in decentralabs.blockchain.controller.auth.AuthControllerIntegrationTest
[INFO] Running decentralabs.blockchain.controller.auth.AuthControllerTest
[INFO] Running JWKS Endpoint Tests
13:08:24.496 [main] ERROR decentralabs.blockchain.controller.auth.AuthController -- JWKS generation error: Key not found
java.lang.RuntimeException: Key not found
	at decentralabs.blockchain.service.auth.KeyService.getPublicKey(KeyService.java:94)
	at decentralabs.blockchain.controller.auth.AuthController.getJWKS(AuthController.java:95)
	at decentralabs.blockchain.controller.auth.AuthControllerTest$JwksEndpointTests.shouldReturn500WhenKeyServiceFails(AuthControllerTest.java:203)
	at java.base/jdk.internal.reflect.DirectMethodHandleAccessor.invoke(DirectMethodHandleAccessor.java:103)
	at java.base/java.lang.reflect.Method.invoke(Method.java:580)
	at org.junit.platform.commons.util.ReflectionUtils.invokeMethod(ReflectionUtils.java:701)
	at org.junit.platform.commons.support.ReflectionSupport.invokeMethod(ReflectionSupport.java:502)
	at org.junit.jupiter.engine.support.MethodReflectionUtils.invoke(MethodReflectionUtils.java:45)
	at org.junit.jupiter.engine.execution.MethodInvocation.proceed(MethodInvocation.java:61)
	at org.junit.jupiter.engine.execution.InvocationInterceptorChain$ValidatingInvocation.proceed(InvocationInterceptorChain.java:124)
	at org.junit.jupiter.engine.extension.TimeoutExtension.intercept(TimeoutExtension.java:163)
	at org.junit.jupiter.engine.extension.TimeoutExtension.interceptTestableMethod(TimeoutExtension.java:148)
	at org.junit.jupiter.engine.extension.TimeoutExtension.interceptTestMethod(TimeoutExtension.java:86)
	at org.junit.jupiter.engine.execution.InterceptingExecutableInvoker$ReflectiveInterceptorCall.lambda$ofVoidMethod$0(InterceptingExecutableInvoker.java:123)
	at org.junit.jupiter.engine.execution.InterceptingExecutableInvoker.lambda$invoke$0(InterceptingExecutableInvoker.java:105)
	at org.junit.jupiter.engine.execution.InvocationInterceptorChain$InterceptedInvocation.proceed(InvocationInterceptorChain.java:99)
	at org.junit.jupiter.engine.execution.InvocationInterceptorChain.proceed(InvocationInterceptorChain.java:66)
	at org.junit.jupiter.engine.execution.InvocationInterceptorChain.chainAndInvoke(InvocationInterceptorChain.java:47)
	at org.junit.jupiter.engine.execution.InvocationInterceptorChain.invoke(InvocationInterceptorChain.java:39)
	at org.junit.jupiter.engine.execution.InterceptingExecutableInvoker.invoke(InterceptingExecutableInvoker.java:104)
	at org.junit.jupiter.engine.execution.InterceptingExecutableInvoker.invoke(InterceptingExecutableInvoker.java:98)
	at org.junit.jupiter.engine.execution.InterceptingExecutableInvoker.invokeVoid(InterceptingExecutableInvoker.java:71)
	at org.junit.jupiter.engine.descriptor.TestMethodTestDescriptor.lambda$invokeTestMethod$0(TestMethodTestDescriptor.java:219)
	at org.junit.platform.engine.support.hierarchical.ThrowableCollector.execute(ThrowableCollector.java:74)
	at org.junit.jupiter.engine.descriptor.TestMethodTestDescriptor.invokeTestMethod(TestMethodTestDescriptor.java:215)
	at org.junit.jupiter.engine.descriptor.TestMethodTestDescriptor.execute(TestMethodTestDescriptor.java:157)
	at org.junit.jupiter.engine.descriptor.TestMethodTestDescriptor.execute(TestMethodTestDescriptor.java:70)
	at org.junit.platform.engine.support.hierarchical.NodeTestTask.lambda$executeRecursively$2(NodeTestTask.java:176)
	at org.junit.platform.engine.support.hierarchical.ThrowableCollector.execute(ThrowableCollector.java:74)
	at org.junit.platform.engine.support.hierarchical.NodeTestTask.lambda$executeRecursively$1(NodeTestTask.java:166)
	at org.junit.platform.engine.support.hierarchical.Node.around(Node.java:138)
	at org.junit.platform.engine.support.hierarchical.NodeTestTask.lambda$executeRecursively$0(NodeTestTask.java:164)
	at org.junit.platform.engine.support.hierarchical.ThrowableCollector.execute(ThrowableCollector.java:74)
	at org.junit.platform.engine.support.hierarchical.NodeTestTask.executeRecursively(NodeTestTask.java:163)
	at org.junit.platform.engine.support.hierarchical.NodeTestTask.execute(NodeTestTask.java:116)
	at java.base/java.util.ArrayList.forEach(ArrayList.java:1596)
	at org.junit.platform.engine.support.hierarchical.SameThreadHierarchicalTestExecutorService.invokeAll(SameThreadHierarchicalTestExecutorService.java:42)
	at org.junit.platform.engine.support.hierarchical.NodeTestTask.lambda$executeRecursively$2(NodeTestTask.java:180)
	at org.junit.platform.engine.support.hierarchical.ThrowableCollector.execute(ThrowableCollector.java:74)
	at org.junit.platform.engine.support.hierarchical.NodeTestTask.lambda$executeRecursively$1(NodeTestTask.java:166)
	at org.junit.platform.engine.support.hierarchical.Node.around(Node.java:138)
	at org.junit.platform.engine.support.hierarchical.NodeTestTask.lambda$executeRecursively$0(NodeTestTask.java:164)
	at org.junit.platform.engine.support.hierarchical.ThrowableCollector.execute(ThrowableCollector.java:74)
	at org.junit.platform.engine.support.hierarchical.NodeTestTask.executeRecursively(NodeTestTask.java:163)
	at org.junit.platform.engine.support.hierarchical.NodeTestTask.execute(NodeTestTask.java:116)
	at java.base/java.util.ArrayList.forEach(ArrayList.java:1596)
	at org.junit.platform.engine.support.hierarchical.SameThreadHierarchicalTestExecutorService.invokeAll(SameThreadHierarchicalTestExecutorService.java:42)
	at org.junit.platform.engine.support.hierarchical.NodeTestTask.lambda$executeRecursively$2(NodeTestTask.java:180)
	at org.junit.platform.engine.support.hierarchical.ThrowableCollector.execute(ThrowableCollector.java:74)
	at org.junit.platform.engine.support.hierarchical.NodeTestTask.lambda$executeRecursively$1(NodeTestTask.java:166)
	at org.junit.platform.engine.support.hierarchical.Node.around(Node.java:138)
	at org.junit.platform.engine.support.hierarchical.NodeTestTask.lambda$executeRecursively$0(NodeTestTask.java:164)
	at org.junit.platform.engine.support.hierarchical.ThrowableCollector.execute(ThrowableCollector.java:74)
	at org.junit.platform.engine.support.hierarchical.NodeTestTask.executeRecursively(NodeTestTask.java:163)
	at org.junit.platform.engine.support.hierarchical.NodeTestTask.execute(NodeTestTask.java:116)
	at java.base/java.util.ArrayList.forEach(ArrayList.java:1596)
	at org.junit.platform.engine.support.hierarchical.SameThreadHierarchicalTestExecutorService.invokeAll(SameThreadHierarchicalTestExecutorService.java:42)
	at org.junit.platform.engine.support.hierarchical.NodeTestTask.lambda$executeRecursively$2(NodeTestTask.java:180)
	at org.junit.platform.engine.support.hierarchical.ThrowableCollector.execute(ThrowableCollector.java:74)
	at org.junit.platform.engine.support.hierarchical.NodeTestTask.lambda$executeRecursively$1(NodeTestTask.java:166)
	at org.junit.platform.engine.support.hierarchical.Node.around(Node.java:138)
	at org.junit.platform.engine.support.hierarchical.NodeTestTask.lambda$executeRecursively$0(NodeTestTask.java:164)
	at org.junit.platform.engine.support.hierarchical.ThrowableCollector.execute(ThrowableCollector.java:74)
	at org.junit.platform.engine.support.hierarchical.NodeTestTask.executeRecursively(NodeTestTask.java:163)
	at org.junit.platform.engine.support.hierarchical.NodeTestTask.execute(NodeTestTask.java:116)
	at org.junit.platform.engine.support.hierarchical.SameThreadHierarchicalTestExecutorService.submit(SameThreadHierarchicalTestExecutorService.java:36)
	at org.junit.platform.engine.support.hierarchical.HierarchicalTestExecutor.execute(HierarchicalTestExecutor.java:52)
	at org.junit.platform.engine.support.hierarchical.HierarchicalTestEngine.execute(HierarchicalTestEngine.java:58)
	at org.junit.platform.launcher.core.EngineExecutionOrchestrator.executeEngine(EngineExecutionOrchestrator.java:246)
	at org.junit.platform.launcher.core.EngineExecutionOrchestrator.failOrExecuteEngine(EngineExecutionOrchestrator.java:218)
	at org.junit.platform.launcher.core.EngineExecutionOrchestrator.execute(EngineExecutionOrchestrator.java:179)
	at org.junit.platform.launcher.core.EngineExecutionOrchestrator.execute(EngineExecutionOrchestrator.java:108)
	at org.junit.platform.launcher.core.EngineExecutionOrchestrator.lambda$execute$0(EngineExecutionOrchestrator.java:66)
	at org.junit.platform.launcher.core.EngineExecutionOrchestrator.withInterceptedStreams(EngineExecutionOrchestrator.java:157)
	at org.junit.platform.launcher.core.EngineExecutionOrchestrator.execute(EngineExecutionOrchestrator.java:65)
	at org.junit.platform.launcher.core.DefaultLauncher.execute(DefaultLauncher.java:125)
	at org.junit.platform.launcher.core.DefaultLauncher.execute(DefaultLauncher.java:114)
	at org.junit.platform.launcher.core.DelegatingLauncher.execute(DelegatingLauncher.java:58)
	at org.junit.platform.launcher.core.InterceptingLauncher.lambda$execute$2(InterceptingLauncher.java:57)
	at org.junit.platform.launcher.core.ClasspathAlignmentCheckingLauncherInterceptor.intercept(ClasspathAlignmentCheckingLauncherInterceptor.java:25)
	at org.junit.platform.launcher.core.InterceptingLauncher.execute(InterceptingLauncher.java:56)
	at org.junit.platform.launcher.core.DelegatingLauncher.execute(DelegatingLauncher.java:58)
	at java.base/jdk.internal.reflect.DirectMethodHandleAccessor.invoke(DirectMethodHandleAccessor.java:103)
	at java.base/java.lang.reflect.Method.invoke(Method.java:580)
	at org.apache.maven.surefire.api.util.ReflectionUtils.invokeMethodWithArray(ReflectionUtils.java:125)
	at org.apache.maven.surefire.junitplatform.LauncherAdapter.executeWithCancellationToken(LauncherAdapter.java:68)
	at org.apache.maven.surefire.junitplatform.LauncherAdapter.execute(LauncherAdapter.java:54)
	at org.apache.maven.surefire.junitplatform.JUnitPlatformProvider.execute(JUnitPlatformProvider.java:203)
	at org.apache.maven.surefire.junitplatform.JUnitPlatformProvider.invokeAllTests(JUnitPlatformProvider.java:168)
	at org.apache.maven.surefire.junitplatform.JUnitPlatformProvider.invoke(JUnitPlatformProvider.java:134)
	at org.apache.maven.surefire.booter.ForkedBooter.runSuitesInProcess(ForkedBooter.java:385)
	at org.apache.maven.surefire.booter.ForkedBooter.execute(ForkedBooter.java:162)
	at org.apache.maven.surefire.booter.ForkedBooter.run(ForkedBooter.java:507)
	at org.apache.maven.surefire.booter.ForkedBooter.main(ForkedBooter.java:495)
[INFO] Tests run: 8, Failures: 0, Errors: 0, Skipped: 0, Time elapsed: 9.147 s -- in JWKS Endpoint Tests
[INFO] Running OpenID Configuration Endpoint Tests
[INFO] Tests run: 4, Failures: 0, Errors: 0, Skipped: 0, Time elapsed: 1.214 s -- in OpenID Configuration Endpoint Tests
[INFO] Running Key Encoding Tests
[INFO] Tests run: 2, Failures: 0, Errors: 0, Skipped: 0, Time elapsed: 0.387 s -- in Key Encoding Tests
[INFO] Tests run: 0, Failures: 0, Errors: 0, Skipped: 0, Time elapsed: 10.79 s -- in decentralabs.blockchain.controller.auth.AuthControllerTest
[INFO] Running decentralabs.blockchain.controller.auth.FmuSessionTicketControllerTest
13:08:36.323 [main] INFO org.hibernate.validator.internal.util.Version -- HV000001: Hibernate Validator 9.0.1.Final
13:08:38.100 [main] INFO org.springframework.mock.web.MockServletContext -- Initializing Spring TestDispatcherServlet ''
13:08:38.104 [main] INFO org.springframework.test.web.servlet.TestDispatcherServlet -- Initializing Servlet ''
13:08:38.113 [main] INFO org.springframework.test.web.servlet.TestDispatcherServlet -- Completed initialization in 7 ms
13:08:38.960 [main] INFO org.springframework.mock.web.MockServletContext -- Initializing Spring TestDispatcherServlet ''
13:08:38.960 [main] INFO org.springframework.test.web.servlet.TestDispatcherServlet -- Initializing Servlet ''
13:08:38.961 [main] INFO org.springframework.test.web.servlet.TestDispatcherServlet -- Completed initialization in 1 ms
13:08:39.020 [main] INFO org.springframework.mock.web.MockServletContext -- Initializing Spring TestDispatcherServlet ''
13:08:39.020 [main] INFO org.springframework.test.web.servlet.TestDispatcherServlet -- Initializing Servlet ''
13:08:39.020 [main] INFO org.springframework.test.web.servlet.TestDispatcherServlet -- Completed initialization in 0 ms
[INFO] Tests run: 3, Failures: 0, Errors: 0, Skipped: 0, Time elapsed: 10.04 s -- in decentralabs.blockchain.controller.auth.FmuSessionTicketControllerTest
[INFO] Running decentralabs.blockchain.controller.auth.SamlAuthControllerIntegrationTest
13:08:47.795 [main] INFO org.hibernate.validator.internal.util.Version -- HV000001: Hibernate Validator 9.0.1.Final
13:08:50.184 [main] INFO org.springframework.mock.web.MockServletContext -- Initializing Spring TestDispatcherServlet ''
13:08:50.190 [main] INFO org.springframework.test.web.servlet.TestDispatcherServlet -- Initializing Servlet ''
13:08:50.207 [main] INFO org.springframework.test.web.servlet.TestDispatcherServlet -- Completed initialization in 11 ms
13:08:51.527 [main] INFO org.springframework.mock.web.MockServletContext -- Initializing Spring TestDispatcherServlet ''
13:08:51.527 [main] INFO org.springframework.test.web.servlet.TestDispatcherServlet -- Initializing Servlet ''
13:08:51.528 [main] INFO org.springframework.test.web.servlet.TestDispatcherServlet -- Completed initialization in 1 ms
13:08:51.578 [main] INFO org.springframework.mock.web.MockServletContext -- Initializing Spring TestDispatcherServlet ''
13:08:51.578 [main] INFO org.springframework.test.web.servlet.TestDispatcherServlet -- Initializing Servlet ''
13:08:51.579 [main] INFO org.springframework.test.web.servlet.TestDispatcherServlet -- Completed initialization in 0 ms
13:08:51.626 [main] INFO org.springframework.mock.web.MockServletContext -- Initializing Spring TestDispatcherServlet ''
13:08:51.626 [main] INFO org.springframework.test.web.servlet.TestDispatcherServlet -- Initializing Servlet ''
13:08:51.626 [main] INFO org.springframework.test.web.servlet.TestDispatcherServlet -- Completed initialization in 0 ms
13:08:51.682 [main] INFO org.springframework.mock.web.MockServletContext -- Initializing Spring TestDispatcherServlet ''
13:08:51.682 [main] INFO org.springframework.test.web.servlet.TestDispatcherServlet -- Initializing Servlet ''
13:08:51.683 [main] INFO org.springframework.test.web.servlet.TestDispatcherServlet -- Completed initialization in 0 ms
13:08:51.746 [main] INFO org.springframework.mock.web.MockServletContext -- Initializing Spring TestDispatcherServlet ''
13:08:51.746 [main] INFO org.springframework.test.web.servlet.TestDispatcherServlet -- Initializing Servlet ''
13:08:51.746 [main] INFO org.springframework.test.web.servlet.TestDispatcherServlet -- Completed initialization in 0 ms
13:08:51.792 [main] INFO org.springframework.mock.web.MockServletContext -- Initializing Spring TestDispatcherServlet ''
13:08:51.793 [main] INFO org.springframework.test.web.servlet.TestDispatcherServlet -- Initializing Servlet ''
13:08:51.793 [main] INFO org.springframework.test.web.servlet.TestDispatcherServlet -- Completed initialization in 0 ms
13:08:51.835 [main] INFO org.springframework.mock.web.MockServletContext -- Initializing Spring TestDispatcherServlet ''
13:08:51.835 [main] INFO org.springframework.test.web.servlet.TestDispatcherServlet -- Initializing Servlet ''
13:08:51.835 [main] INFO org.springframework.test.web.servlet.TestDispatcherServlet -- Completed initialization in 0 ms
13:08:51.876 [main] INFO org.springframework.mock.web.MockServletContext -- Initializing Spring TestDispatcherServlet ''
13:08:51.876 [main] INFO org.springframework.test.web.servlet.TestDispatcherServlet -- Initializing Servlet ''
13:08:51.877 [main] INFO org.springframework.test.web.servlet.TestDispatcherServlet -- Completed initialization in 1 ms
13:08:51.919 [main] INFO org.springframework.mock.web.MockServletContext -- Initializing Spring TestDispatcherServlet ''
13:08:51.919 [main] INFO org.springframework.test.web.servlet.TestDispatcherServlet -- Initializing Servlet ''
13:08:51.920 [main] INFO org.springframework.test.web.servlet.TestDispatcherServlet -- Completed initialization in 1 ms
[INFO] Tests run: 10, Failures: 0, Errors: 0, Skipped: 0, Time elapsed: 10.62 s -- in decentralabs.blockchain.controller.auth.SamlAuthControllerIntegrationTest
[INFO] Running decentralabs.blockchain.controller.auth.SamlAuthControllerTest
[INFO] Running SAML Auth2 Endpoint Tests
13:09:01.185 [main] INFO org.hibernate.validator.internal.util.Version -- HV000001: Hibernate Validator 9.0.1.Final
13:09:03.530 [main] INFO org.springframework.mock.web.MockServletContext -- Initializing Spring TestDispatcherServlet ''
13:09:03.536 [main] INFO org.springframework.test.web.servlet.TestDispatcherServlet -- Initializing Servlet ''
13:09:03.551 [main] INFO org.springframework.test.web.servlet.TestDispatcherServlet -- Completed initialization in 9 ms
13:09:05.497 [main] INFO org.springframework.mock.web.MockServletContext -- Initializing Spring TestDispatcherServlet ''
13:09:05.499 [main] INFO org.springframework.test.web.servlet.TestDispatcherServlet -- Initializing Servlet ''
13:09:05.499 [main] INFO org.springframework.test.web.servlet.TestDispatcherServlet -- Completed initialization in 0 ms
13:09:05.545 [main] INFO org.springframework.mock.web.MockServletContext -- Initializing Spring TestDispatcherServlet ''
13:09:05.545 [main] INFO org.springframework.test.web.servlet.TestDispatcherServlet -- Initializing Servlet ''
13:09:05.546 [main] INFO org.springframework.test.web.servlet.TestDispatcherServlet -- Completed initialization in 1 ms
13:09:05.633 [main] INFO org.springframework.mock.web.MockServletContext -- Initializing Spring TestDispatcherServlet ''
13:09:05.634 [main] INFO org.springframework.test.web.servlet.TestDispatcherServlet -- Initializing Servlet ''
13:09:05.634 [main] INFO org.springframework.test.web.servlet.TestDispatcherServlet -- Completed initialization in 0 ms
13:09:05.645 [main] ERROR decentralabs.blockchain.controller.auth.SamlAuthController -- SAML authentication error
java.lang.RuntimeException: Blockchain unavailable
	at decentralabs.blockchain.service.auth.SamlAuthService.handleAuthentication(SamlAuthService.java:53)
	at decentralabs.blockchain.controller.auth.SamlAuthController.samlAuth2(SamlAuthController.java:68)
	at java.base/jdk.internal.reflect.DirectMethodHandleAccessor.invoke(DirectMethodHandleAccessor.java:103)
	at java.base/java.lang.reflect.Method.invoke(Method.java:580)
	at org.springframework.web.method.support.InvocableHandlerMethod.doInvoke(InvocableHandlerMethod.java:252)
	at org.springframework.web.method.support.InvocableHandlerMethod.invokeForRequest(InvocableHandlerMethod.java:184)
	at org.springframework.web.servlet.mvc.method.annotation.ServletInvocableHandlerMethod.invokeAndHandle(ServletInvocableHandlerMethod.java:117)
	at org.springframework.web.servlet.mvc.method.annotation.RequestMappingHandlerAdapter.invokeHandlerMethod(RequestMappingHandlerAdapter.java:934)
	at org.springframework.web.servlet.mvc.method.annotation.RequestMappingHandlerAdapter.handleInternal(RequestMappingHandlerAdapter.java:853)
	at org.springframework.web.servlet.mvc.method.AbstractHandlerMethodAdapter.handle(AbstractHandlerMethodAdapter.java:86)
	at org.springframework.web.servlet.DispatcherServlet.doDispatch(DispatcherServlet.java:963)
	at org.springframework.web.servlet.DispatcherServlet.doService(DispatcherServlet.java:866)
	at org.springframework.web.servlet.FrameworkServlet.processRequest(FrameworkServlet.java:1000)
	at org.springframework.web.servlet.FrameworkServlet.doPost(FrameworkServlet.java:903)
	at jakarta.servlet.http.HttpServlet.service(HttpServlet.java:649)
	at org.springframework.web.servlet.FrameworkServlet.service(FrameworkServlet.java:874)
	at org.springframework.test.web.servlet.TestDispatcherServlet.service(TestDispatcherServlet.java:72)
	at jakarta.servlet.http.HttpServlet.service(HttpServlet.java:710)
	at org.springframework.mock.web.MockFilterChain$ServletFilterProxy.doFilter(MockFilterChain.java:160)
	at org.springframework.mock.web.MockFilterChain.doFilter(MockFilterChain.java:127)
	at org.springframework.test.web.servlet.MockMvc.perform(MockMvc.java:199)
	at decentralabs.blockchain.controller.auth.SamlAuthControllerTest$SamlAuth2Tests.shouldReturn500ForInternalError(SamlAuthControllerTest.java:202)
	at java.base/jdk.internal.reflect.DirectMethodHandleAccessor.invoke(DirectMethodHandleAccessor.java:103)
	at java.base/java.lang.reflect.Method.invoke(Method.java:580)
	at org.junit.platform.commons.util.ReflectionUtils.invokeMethod(ReflectionUtils.java:701)
	at org.junit.platform.commons.support.ReflectionSupport.invokeMethod(ReflectionSupport.java:502)
	at org.junit.jupiter.engine.support.MethodReflectionUtils.invoke(MethodReflectionUtils.java:45)
	at org.junit.jupiter.engine.execution.MethodInvocation.proceed(MethodInvocation.java:61)
	at org.junit.jupiter.engine.execution.InvocationInterceptorChain$ValidatingInvocation.proceed(InvocationInterceptorChain.java:124)
	at org.junit.jupiter.engine.extension.TimeoutExtension.intercept(TimeoutExtension.java:163)
	at org.junit.jupiter.engine.extension.TimeoutExtension.interceptTestableMethod(TimeoutExtension.java:148)
	at org.junit.jupiter.engine.extension.TimeoutExtension.interceptTestMethod(TimeoutExtension.java:86)
	at org.junit.jupiter.engine.execution.InterceptingExecutableInvoker$ReflectiveInterceptorCall.lambda$ofVoidMethod$0(InterceptingExecutableInvoker.java:123)
	at org.junit.jupiter.engine.execution.InterceptingExecutableInvoker.lambda$invoke$0(InterceptingExecutableInvoker.java:105)
	at org.junit.jupiter.engine.execution.InvocationInterceptorChain$InterceptedInvocation.proceed(InvocationInterceptorChain.java:99)
	at org.junit.jupiter.engine.execution.InvocationInterceptorChain.proceed(InvocationInterceptorChain.java:66)
	at org.junit.jupiter.engine.execution.InvocationInterceptorChain.chainAndInvoke(InvocationInterceptorChain.java:47)
	at org.junit.jupiter.engine.execution.InvocationInterceptorChain.invoke(InvocationInterceptorChain.java:39)
	at org.junit.jupiter.engine.execution.InterceptingExecutableInvoker.invoke(InterceptingExecutableInvoker.java:104)
	at org.junit.jupiter.engine.execution.InterceptingExecutableInvoker.invoke(InterceptingExecutableInvoker.java:98)
	at org.junit.jupiter.engine.execution.InterceptingExecutableInvoker.invokeVoid(InterceptingExecutableInvoker.java:71)
	at org.junit.jupiter.engine.descriptor.TestMethodTestDescriptor.lambda$invokeTestMethod$0(TestMethodTestDescriptor.java:219)
	at org.junit.platform.engine.support.hierarchical.ThrowableCollector.execute(ThrowableCollector.java:74)
	at org.junit.jupiter.engine.descriptor.TestMethodTestDescriptor.invokeTestMethod(TestMethodTestDescriptor.java:215)
	at org.junit.jupiter.engine.descriptor.TestMethodTestDescriptor.execute(TestMethodTestDescriptor.java:157)
	at org.junit.jupiter.engine.descriptor.TestMethodTestDescriptor.execute(TestMethodTestDescriptor.java:70)
	at org.junit.platform.engine.support.hierarchical.NodeTestTask.lambda$executeRecursively$2(NodeTestTask.java:176)
	at org.junit.platform.engine.support.hierarchical.ThrowableCollector.execute(ThrowableCollector.java:74)
	at org.junit.platform.engine.support.hierarchical.NodeTestTask.lambda$executeRecursively$1(NodeTestTask.java:166)
	at org.junit.platform.engine.support.hierarchical.Node.around(Node.java:138)
	at org.junit.platform.engine.support.hierarchical.NodeTestTask.lambda$executeRecursively$0(NodeTestTask.java:164)
	at org.junit.platform.engine.support.hierarchical.ThrowableCollector.execute(ThrowableCollector.java:74)
	at org.junit.platform.engine.support.hierarchical.NodeTestTask.executeRecursively(NodeTestTask.java:163)
	at org.junit.platform.engine.support.hierarchical.NodeTestTask.execute(NodeTestTask.java:116)
	at java.base/java.util.ArrayList.forEach(ArrayList.java:1596)
	at org.junit.platform.engine.support.hierarchical.SameThreadHierarchicalTestExecutorService.invokeAll(SameThreadHierarchicalTestExecutorService.java:42)
	at org.junit.platform.engine.support.hierarchical.NodeTestTask.lambda$executeRecursively$2(NodeTestTask.java:180)
	at org.junit.platform.engine.support.hierarchical.ThrowableCollector.execute(ThrowableCollector.java:74)
	at org.junit.platform.engine.support.hierarchical.NodeTestTask.lambda$executeRecursively$1(NodeTestTask.java:166)
	at org.junit.platform.engine.support.hierarchical.Node.around(Node.java:138)
	at org.junit.platform.engine.support.hierarchical.NodeTestTask.lambda$executeRecursively$0(NodeTestTask.java:164)
	at org.junit.platform.engine.support.hierarchical.ThrowableCollector.execute(ThrowableCollector.java:74)
	at org.junit.platform.engine.support.hierarchical.NodeTestTask.executeRecursively(NodeTestTask.java:163)
	at org.junit.platform.engine.support.hierarchical.NodeTestTask.execute(NodeTestTask.java:116)
	at java.base/java.util.ArrayList.forEach(ArrayList.java:1596)
	at org.junit.platform.engine.support.hierarchical.SameThreadHierarchicalTestExecutorService.invokeAll(SameThreadHierarchicalTestExecutorService.java:42)
	at org.junit.platform.engine.support.hierarchical.NodeTestTask.lambda$executeRecursively$2(NodeTestTask.java:180)
	at org.junit.platform.engine.support.hierarchical.ThrowableCollector.execute(ThrowableCollector.java:74)
	at org.junit.platform.engine.support.hierarchical.NodeTestTask.lambda$executeRecursively$1(NodeTestTask.java:166)
	at org.junit.platform.engine.support.hierarchical.Node.around(Node.java:138)
	at org.junit.platform.engine.support.hierarchical.NodeTestTask.lambda$executeRecursively$0(NodeTestTask.java:164)
	at org.junit.platform.engine.support.hierarchical.ThrowableCollector.execute(ThrowableCollector.java:74)
	at org.junit.platform.engine.support.hierarchical.NodeTestTask.executeRecursively(NodeTestTask.java:163)
	at org.junit.platform.engine.support.hierarchical.NodeTestTask.execute(NodeTestTask.java:116)
	at java.base/java.util.ArrayList.forEach(ArrayList.java:1596)
	at org.junit.platform.engine.support.hierarchical.SameThreadHierarchicalTestExecutorService.invokeAll(SameThreadHierarchicalTestExecutorService.java:42)
	at org.junit.platform.engine.support.hierarchical.NodeTestTask.lambda$executeRecursively$2(NodeTestTask.java:180)
	at org.junit.platform.engine.support.hierarchical.ThrowableCollector.execute(ThrowableCollector.java:74)
	at org.junit.platform.engine.support.hierarchical.NodeTestTask.lambda$executeRecursively$1(NodeTestTask.java:166)
	at org.junit.platform.engine.support.hierarchical.Node.around(Node.java:138)
	at org.junit.platform.engine.support.hierarchical.NodeTestTask.lambda$executeRecursively$0(NodeTestTask.java:164)
	at org.junit.platform.engine.support.hierarchical.ThrowableCollector.execute(ThrowableCollector.java:74)
	at org.junit.platform.engine.support.hierarchical.NodeTestTask.executeRecursively(NodeTestTask.java:163)
	at org.junit.platform.engine.support.hierarchical.NodeTestTask.execute(NodeTestTask.java:116)
	at org.junit.platform.engine.support.hierarchical.SameThreadHierarchicalTestExecutorService.submit(SameThreadHierarchicalTestExecutorService.java:36)
	at org.junit.platform.engine.support.hierarchical.HierarchicalTestExecutor.execute(HierarchicalTestExecutor.java:52)
	at org.junit.platform.engine.support.hierarchical.HierarchicalTestEngine.execute(HierarchicalTestEngine.java:58)
	at org.junit.platform.launcher.core.EngineExecutionOrchestrator.executeEngine(EngineExecutionOrchestrator.java:246)
	at org.junit.platform.launcher.core.EngineExecutionOrchestrator.failOrExecuteEngine(EngineExecutionOrchestrator.java:218)
	at org.junit.platform.launcher.core.EngineExecutionOrchestrator.execute(EngineExecutionOrchestrator.java:179)
	at org.junit.platform.launcher.core.EngineExecutionOrchestrator.execute(EngineExecutionOrchestrator.java:108)
	at org.junit.platform.launcher.core.EngineExecutionOrchestrator.lambda$execute$0(EngineExecutionOrchestrator.java:66)
	at org.junit.platform.launcher.core.EngineExecutionOrchestrator.withInterceptedStreams(EngineExecutionOrchestrator.java:157)
	at org.junit.platform.launcher.core.EngineExecutionOrchestrator.execute(EngineExecutionOrchestrator.java:65)
	at org.junit.platform.launcher.core.DefaultLauncher.execute(DefaultLauncher.java:125)
	at org.junit.platform.launcher.core.DefaultLauncher.execute(DefaultLauncher.java:114)
	at org.junit.platform.launcher.core.DelegatingLauncher.execute(DelegatingLauncher.java:58)
	at org.junit.platform.launcher.core.InterceptingLauncher.lambda$execute$2(InterceptingLauncher.java:57)
	at org.junit.platform.launcher.core.ClasspathAlignmentCheckingLauncherInterceptor.intercept(ClasspathAlignmentCheckingLauncherInterceptor.java:25)
	at org.junit.platform.launcher.core.InterceptingLauncher.execute(InterceptingLauncher.java:56)
	at org.junit.platform.launcher.core.DelegatingLauncher.execute(DelegatingLauncher.java:58)
	at java.base/jdk.internal.reflect.DirectMethodHandleAccessor.invoke(DirectMethodHandleAccessor.java:103)
	at java.base/java.lang.reflect.Method.invoke(Method.java:580)
	at org.apache.maven.surefire.api.util.ReflectionUtils.invokeMethodWithArray(ReflectionUtils.java:125)
	at org.apache.maven.surefire.junitplatform.LauncherAdapter.executeWithCancellationToken(LauncherAdapter.java:68)
	at org.apache.maven.surefire.junitplatform.LauncherAdapter.execute(LauncherAdapter.java:54)
	at org.apache.maven.surefire.junitplatform.JUnitPlatformProvider.execute(JUnitPlatformProvider.java:203)
	at org.apache.maven.surefire.junitplatform.JUnitPlatformProvider.invokeAllTests(JUnitPlatformProvider.java:168)
	at org.apache.maven.surefire.junitplatform.JUnitPlatformProvider.invoke(JUnitPlatformProvider.java:134)
	at org.apache.maven.surefire.booter.ForkedBooter.runSuitesInProcess(ForkedBooter.java:385)
	at org.apache.maven.surefire.booter.ForkedBooter.execute(ForkedBooter.java:162)
	at org.apache.maven.surefire.booter.ForkedBooter.run(ForkedBooter.java:507)
	at org.apache.maven.surefire.booter.ForkedBooter.main(ForkedBooter.java:495)
13:09:05.692 [main] INFO org.springframework.mock.web.MockServletContext -- Initializing Spring TestDispatcherServlet ''
13:09:05.692 [main] INFO org.springframework.test.web.servlet.TestDispatcherServlet -- Initializing Servlet ''
13:09:05.693 [main] INFO org.springframework.test.web.servlet.TestDispatcherServlet -- Completed initialization in 0 ms
[INFO] Tests run: 5, Failures: 0, Errors: 0, Skipped: 0, Time elapsed: 10.88 s -- in SAML Auth2 Endpoint Tests
[INFO] Running SAML Auth Endpoint Tests
13:09:05.762 [main] INFO org.springframework.mock.web.MockServletContext -- Initializing Spring TestDispatcherServlet ''
13:09:05.762 [main] INFO org.springframework.test.web.servlet.TestDispatcherServlet -- Initializing Servlet ''
13:09:05.762 [main] INFO org.springframework.test.web.servlet.TestDispatcherServlet -- Completed initialization in 0 ms
13:09:05.772 [main] ERROR decentralabs.blockchain.controller.auth.SamlAuthController -- SAML authentication error
java.lang.RuntimeException: Database connection failed
	at decentralabs.blockchain.service.auth.SamlAuthService.handleAuthentication(SamlAuthService.java:53)
	at decentralabs.blockchain.controller.auth.SamlAuthController.samlAuth(SamlAuthController.java:41)
	at java.base/jdk.internal.reflect.DirectMethodHandleAccessor.invoke(DirectMethodHandleAccessor.java:103)
	at java.base/java.lang.reflect.Method.invoke(Method.java:580)
	at org.springframework.web.method.support.InvocableHandlerMethod.doInvoke(InvocableHandlerMethod.java:252)
	at org.springframework.web.method.support.InvocableHandlerMethod.invokeForRequest(InvocableHandlerMethod.java:184)
	at org.springframework.web.servlet.mvc.method.annotation.ServletInvocableHandlerMethod.invokeAndHandle(ServletInvocableHandlerMethod.java:117)
	at org.springframework.web.servlet.mvc.method.annotation.RequestMappingHandlerAdapter.invokeHandlerMethod(RequestMappingHandlerAdapter.java:934)
	at org.springframework.web.servlet.mvc.method.annotation.RequestMappingHandlerAdapter.handleInternal(RequestMappingHandlerAdapter.java:853)
	at org.springframework.web.servlet.mvc.method.AbstractHandlerMethodAdapter.handle(AbstractHandlerMethodAdapter.java:86)
	at org.springframework.web.servlet.DispatcherServlet.doDispatch(DispatcherServlet.java:963)
	at org.springframework.web.servlet.DispatcherServlet.doService(DispatcherServlet.java:866)
	at org.springframework.web.servlet.FrameworkServlet.processRequest(FrameworkServlet.java:1000)
	at org.springframework.web.servlet.FrameworkServlet.doPost(FrameworkServlet.java:903)
	at jakarta.servlet.http.HttpServlet.service(HttpServlet.java:649)
	at org.springframework.web.servlet.FrameworkServlet.service(FrameworkServlet.java:874)
	at org.springframework.test.web.servlet.TestDispatcherServlet.service(TestDispatcherServlet.java:72)
	at jakarta.servlet.http.HttpServlet.service(HttpServlet.java:710)
	at org.springframework.mock.web.MockFilterChain$ServletFilterProxy.doFilter(MockFilterChain.java:160)
	at org.springframework.mock.web.MockFilterChain.doFilter(MockFilterChain.java:127)
	at org.springframework.test.web.servlet.MockMvc.perform(MockMvc.java:199)
	at decentralabs.blockchain.controller.auth.SamlAuthControllerTest$SamlAuthTests.shouldReturn500ForUnexpectedError(SamlAuthControllerTest.java:114)
	at java.base/jdk.internal.reflect.DirectMethodHandleAccessor.invoke(DirectMethodHandleAccessor.java:103)
	at java.base/java.lang.reflect.Method.invoke(Method.java:580)
	at org.junit.platform.commons.util.ReflectionUtils.invokeMethod(ReflectionUtils.java:701)
	at org.junit.platform.commons.support.ReflectionSupport.invokeMethod(ReflectionSupport.java:502)
	at org.junit.jupiter.engine.support.MethodReflectionUtils.invoke(MethodReflectionUtils.java:45)
	at org.junit.jupiter.engine.execution.MethodInvocation.proceed(MethodInvocation.java:61)
	at org.junit.jupiter.engine.execution.InvocationInterceptorChain$ValidatingInvocation.proceed(InvocationInterceptorChain.java:124)
	at org.junit.jupiter.engine.extension.TimeoutExtension.intercept(TimeoutExtension.java:163)
	at org.junit.jupiter.engine.extension.TimeoutExtension.interceptTestableMethod(TimeoutExtension.java:148)
	at org.junit.jupiter.engine.extension.TimeoutExtension.interceptTestMethod(TimeoutExtension.java:86)
	at org.junit.jupiter.engine.execution.InterceptingExecutableInvoker$ReflectiveInterceptorCall.lambda$ofVoidMethod$0(InterceptingExecutableInvoker.java:123)
	at org.junit.jupiter.engine.execution.InterceptingExecutableInvoker.lambda$invoke$0(InterceptingExecutableInvoker.java:105)
	at org.junit.jupiter.engine.execution.InvocationInterceptorChain$InterceptedInvocation.proceed(InvocationInterceptorChain.java:99)
	at org.junit.jupiter.engine.execution.InvocationInterceptorChain.proceed(InvocationInterceptorChain.java:66)
	at org.junit.jupiter.engine.execution.InvocationInterceptorChain.chainAndInvoke(InvocationInterceptorChain.java:47)
	at org.junit.jupiter.engine.execution.InvocationInterceptorChain.invoke(InvocationInterceptorChain.java:39)
	at org.junit.jupiter.engine.execution.InterceptingExecutableInvoker.invoke(InterceptingExecutableInvoker.java:104)
	at org.junit.jupiter.engine.execution.InterceptingExecutableInvoker.invoke(InterceptingExecutableInvoker.java:98)
	at org.junit.jupiter.engine.execution.InterceptingExecutableInvoker.invokeVoid(InterceptingExecutableInvoker.java:71)
	at org.junit.jupiter.engine.descriptor.TestMethodTestDescriptor.lambda$invokeTestMethod$0(TestMethodTestDescriptor.java:219)
	at org.junit.platform.engine.support.hierarchical.ThrowableCollector.execute(ThrowableCollector.java:74)
	at org.junit.jupiter.engine.descriptor.TestMethodTestDescriptor.invokeTestMethod(TestMethodTestDescriptor.java:215)
	at org.junit.jupiter.engine.descriptor.TestMethodTestDescriptor.execute(TestMethodTestDescriptor.java:157)
	at org.junit.jupiter.engine.descriptor.TestMethodTestDescriptor.execute(TestMethodTestDescriptor.java:70)
	at org.junit.platform.engine.support.hierarchical.NodeTestTask.lambda$executeRecursively$2(NodeTestTask.java:176)
	at org.junit.platform.engine.support.hierarchical.ThrowableCollector.execute(ThrowableCollector.java:74)
	at org.junit.platform.engine.support.hierarchical.NodeTestTask.lambda$executeRecursively$1(NodeTestTask.java:166)
	at org.junit.platform.engine.support.hierarchical.Node.around(Node.java:138)
	at org.junit.platform.engine.support.hierarchical.NodeTestTask.lambda$executeRecursively$0(NodeTestTask.java:164)
	at org.junit.platform.engine.support.hierarchical.ThrowableCollector.execute(ThrowableCollector.java:74)
	at org.junit.platform.engine.support.hierarchical.NodeTestTask.executeRecursively(NodeTestTask.java:163)
	at org.junit.platform.engine.support.hierarchical.NodeTestTask.execute(NodeTestTask.java:116)
	at java.base/java.util.ArrayList.forEach(ArrayList.java:1596)
	at org.junit.platform.engine.support.hierarchical.SameThreadHierarchicalTestExecutorService.invokeAll(SameThreadHierarchicalTestExecutorService.java:42)
	at org.junit.platform.engine.support.hierarchical.NodeTestTask.lambda$executeRecursively$2(NodeTestTask.java:180)
	at org.junit.platform.engine.support.hierarchical.ThrowableCollector.execute(ThrowableCollector.java:74)
	at org.junit.platform.engine.support.hierarchical.NodeTestTask.lambda$executeRecursively$1(NodeTestTask.java:166)
	at org.junit.platform.engine.support.hierarchical.Node.around(Node.java:138)
	at org.junit.platform.engine.support.hierarchical.NodeTestTask.lambda$executeRecursively$0(NodeTestTask.java:164)
	at org.junit.platform.engine.support.hierarchical.ThrowableCollector.execute(ThrowableCollector.java:74)
	at org.junit.platform.engine.support.hierarchical.NodeTestTask.executeRecursively(NodeTestTask.java:163)
	at org.junit.platform.engine.support.hierarchical.NodeTestTask.execute(NodeTestTask.java:116)
	at java.base/java.util.ArrayList.forEach(ArrayList.java:1596)
	at org.junit.platform.engine.support.hierarchical.SameThreadHierarchicalTestExecutorService.invokeAll(SameThreadHierarchicalTestExecutorService.java:42)
	at org.junit.platform.engine.support.hierarchical.NodeTestTask.lambda$executeRecursively$2(NodeTestTask.java:180)
	at org.junit.platform.engine.support.hierarchical.ThrowableCollector.execute(ThrowableCollector.java:74)
	at org.junit.platform.engine.support.hierarchical.NodeTestTask.lambda$executeRecursively$1(NodeTestTask.java:166)
	at org.junit.platform.engine.support.hierarchical.Node.around(Node.java:138)
	at org.junit.platform.engine.support.hierarchical.NodeTestTask.lambda$executeRecursively$0(NodeTestTask.java:164)
	at org.junit.platform.engine.support.hierarchical.ThrowableCollector.execute(ThrowableCollector.java:74)
	at org.junit.platform.engine.support.hierarchical.NodeTestTask.executeRecursively(NodeTestTask.java:163)
	at org.junit.platform.engine.support.hierarchical.NodeTestTask.execute(NodeTestTask.java:116)
	at java.base/java.util.ArrayList.forEach(ArrayList.java:1596)
	at org.junit.platform.engine.support.hierarchical.SameThreadHierarchicalTestExecutorService.invokeAll(SameThreadHierarchicalTestExecutorService.java:42)
	at org.junit.platform.engine.support.hierarchical.NodeTestTask.lambda$executeRecursively$2(NodeTestTask.java:180)
	at org.junit.platform.engine.support.hierarchical.ThrowableCollector.execute(ThrowableCollector.java:74)
	at org.junit.platform.engine.support.hierarchical.NodeTestTask.lambda$executeRecursively$1(NodeTestTask.java:166)
	at org.junit.platform.engine.support.hierarchical.Node.around(Node.java:138)
	at org.junit.platform.engine.support.hierarchical.NodeTestTask.lambda$executeRecursively$0(NodeTestTask.java:164)
	at org.junit.platform.engine.support.hierarchical.ThrowableCollector.execute(ThrowableCollector.java:74)
	at org.junit.platform.engine.support.hierarchical.NodeTestTask.executeRecursively(NodeTestTask.java:163)
	at org.junit.platform.engine.support.hierarchical.NodeTestTask.execute(NodeTestTask.java:116)
	at org.junit.platform.engine.support.hierarchical.SameThreadHierarchicalTestExecutorService.submit(SameThreadHierarchicalTestExecutorService.java:36)
	at org.junit.platform.engine.support.hierarchical.HierarchicalTestExecutor.execute(HierarchicalTestExecutor.java:52)
	at org.junit.platform.engine.support.hierarchical.HierarchicalTestEngine.execute(HierarchicalTestEngine.java:58)
	at org.junit.platform.launcher.core.EngineExecutionOrchestrator.executeEngine(EngineExecutionOrchestrator.java:246)
	at org.junit.platform.launcher.core.EngineExecutionOrchestrator.failOrExecuteEngine(EngineExecutionOrchestrator.java:218)
	at org.junit.platform.launcher.core.EngineExecutionOrchestrator.execute(EngineExecutionOrchestrator.java:179)
	at org.junit.platform.launcher.core.EngineExecutionOrchestrator.execute(EngineExecutionOrchestrator.java:108)
	at org.junit.platform.launcher.core.EngineExecutionOrchestrator.lambda$execute$0(EngineExecutionOrchestrator.java:66)
	at org.junit.platform.launcher.core.EngineExecutionOrchestrator.withInterceptedStreams(EngineExecutionOrchestrator.java:157)
	at org.junit.platform.launcher.core.EngineExecutionOrchestrator.execute(EngineExecutionOrchestrator.java:65)
	at org.junit.platform.launcher.core.DefaultLauncher.execute(DefaultLauncher.java:125)
	at org.junit.platform.launcher.core.DefaultLauncher.execute(DefaultLauncher.java:114)
	at org.junit.platform.launcher.core.DelegatingLauncher.execute(DelegatingLauncher.java:58)
	at org.junit.platform.launcher.core.InterceptingLauncher.lambda$execute$2(InterceptingLauncher.java:57)
	at org.junit.platform.launcher.core.ClasspathAlignmentCheckingLauncherInterceptor.intercept(ClasspathAlignmentCheckingLauncherInterceptor.java:25)
	at org.junit.platform.launcher.core.InterceptingLauncher.execute(InterceptingLauncher.java:56)
	at org.junit.platform.launcher.core.DelegatingLauncher.execute(DelegatingLauncher.java:58)
	at java.base/jdk.internal.reflect.DirectMethodHandleAccessor.invoke(DirectMethodHandleAccessor.java:103)
	at java.base/java.lang.reflect.Method.invoke(Method.java:580)
	at org.apache.maven.surefire.api.util.ReflectionUtils.invokeMethodWithArray(ReflectionUtils.java:125)
	at org.apache.maven.surefire.junitplatform.LauncherAdapter.executeWithCancellationToken(LauncherAdapter.java:68)
	at org.apache.maven.surefire.junitplatform.LauncherAdapter.execute(LauncherAdapter.java:54)
	at org.apache.maven.surefire.junitplatform.JUnitPlatformProvider.execute(JUnitPlatformProvider.java:203)
	at org.apache.maven.surefire.junitplatform.JUnitPlatformProvider.invokeAllTests(JUnitPlatformProvider.java:168)
	at org.apache.maven.surefire.junitplatform.JUnitPlatformProvider.invoke(JUnitPlatformProvider.java:134)
	at org.apache.maven.surefire.booter.ForkedBooter.runSuitesInProcess(ForkedBooter.java:385)
	at org.apache.maven.surefire.booter.ForkedBooter.execute(ForkedBooter.java:162)
	at org.apache.maven.surefire.booter.ForkedBooter.run(ForkedBooter.java:507)
	at org.apache.maven.surefire.booter.ForkedBooter.main(ForkedBooter.java:495)
13:09:05.806 [main] INFO org.springframework.mock.web.MockServletContext -- Initializing Spring TestDispatcherServlet ''
13:09:05.806 [main] INFO org.springframework.test.web.servlet.TestDispatcherServlet -- Initializing Servlet ''
13:09:05.806 [main] INFO org.springframework.test.web.servlet.TestDispatcherServlet -- Completed initialization in 0 ms
13:09:05.846 [main] INFO org.springframework.mock.web.MockServletContext -- Initializing Spring TestDispatcherServlet ''
13:09:05.847 [main] INFO org.springframework.test.web.servlet.TestDispatcherServlet -- Initializing Servlet ''
13:09:05.848 [main] INFO org.springframework.test.web.servlet.TestDispatcherServlet -- Completed initialization in 1 ms
13:09:05.908 [main] INFO org.springframework.mock.web.MockServletContext -- Initializing Spring TestDispatcherServlet ''
13:09:05.908 [main] INFO org.springframework.test.web.servlet.TestDispatcherServlet -- Initializing Servlet ''
13:09:05.908 [main] INFO org.springframework.test.web.servlet.TestDispatcherServlet -- Completed initialization in 0 ms
[INFO] Tests run: 4, Failures: 0, Errors: 0, Skipped: 0, Time elapsed: 0.194 s -- in SAML Auth Endpoint Tests
[INFO] Running Institutional Check-In Endpoint Tests
13:09:05.952 [main] INFO org.springframework.mock.web.MockServletContext -- Initializing Spring TestDispatcherServlet ''
13:09:05.953 [main] INFO org.springframework.test.web.servlet.TestDispatcherServlet -- Initializing Servlet ''
13:09:05.953 [main] INFO org.springframework.test.web.servlet.TestDispatcherServlet -- Completed initialization in 0 ms
13:09:06.003 [main] INFO org.springframework.mock.web.MockServletContext -- Initializing Spring TestDispatcherServlet ''
13:09:06.004 [main] INFO org.springframework.test.web.servlet.TestDispatcherServlet -- Initializing Servlet ''
13:09:06.004 [main] INFO org.springframework.test.web.servlet.TestDispatcherServlet -- Completed initialization in 0 ms
13:09:06.040 [main] INFO org.springframework.mock.web.MockServletContext -- Initializing Spring TestDispatcherServlet ''
13:09:06.040 [main] INFO org.springframework.test.web.servlet.TestDispatcherServlet -- Initializing Servlet ''
13:09:06.041 [main] INFO org.springframework.test.web.servlet.TestDispatcherServlet -- Completed initialization in 1 ms
[INFO] Tests run: 3, Failures: 0, Errors: 0, Skipped: 0, Time elapsed: 0.131 s -- in Institutional Check-In Endpoint Tests
[INFO] Tests run: 0, Failures: 0, Errors: 0, Skipped: 0, Time elapsed: 11.27 s -- in decentralabs.blockchain.controller.auth.SamlAuthControllerTest
[INFO] Running decentralabs.blockchain.controller.auth.WalletAuthControllerIntegrationTest

  .   ____          _            __ _ _
 /\\ / ___'_ __ _ _(_)_ __  __ _ \ \ \ \
( ( )\___ | '_ | '_| | '_ \/ _` | \ \ \ \
 \\/  ___)| |_)| | | | | || (_| |  ) ) ) )
  '  |____| .__|_| |_|_| |_\__, | / / / /
 =========|_|==============|___/=/_/_/_/

 :: Spring Boot ::                (v4.0.3)

ts=2026-03-22T13:09:13.329+01:00 level=INFO service=blockchain-services env=default thread=main logger=d.b.c.a.WalletAuthControllerIntegrationTest msg="Starting WalletAuthControllerIntegrationTest using Java 21.0.9 with PID 33060 (started by ldela in C:\Repos\Lab Gateway\blockchain-services)" traceId= spanId=
ts=2026-03-22T13:09:13.340+01:00 level=INFO service=blockchain-services env=default thread=main logger=d.b.c.a.WalletAuthControllerIntegrationTest msg="No active profile set, falling back to 1 default profile: "default"" traceId= spanId=
ts=2026-03-22T13:09:14.407+01:00 level=INFO service=blockchain-services env=default thread=background-preinit logger=o.h.validator.internal.util.Version msg="HV000001: Hibernate Validator 9.0.1.Final" traceId= spanId=
ts=2026-03-22T13:09:17.940+01:00 level=INFO service=blockchain-services env=default thread=main logger=d.b.c.a.WalletAuthControllerIntegrationTest msg="Started WalletAuthControllerIntegrationTest in 6.532 seconds (process running for 11.344)" traceId= spanId=
ts=2026-03-22T13:09:21.166+01:00 level=INFO service=blockchain-services env=default thread=main logger=o.s.mock.web.MockServletContext msg="Initializing Spring TestDispatcherServlet ''" traceId= spanId=
ts=2026-03-22T13:09:21.166+01:00 level=INFO service=blockchain-services env=default thread=main logger=o.s.t.w.s.TestDispatcherServlet msg="Initializing Servlet ''" traceId= spanId=
ts=2026-03-22T13:09:21.175+01:00 level=INFO service=blockchain-services env=default thread=main logger=o.s.t.w.s.TestDispatcherServlet msg="Completed initialization in 8 ms" traceId= spanId=
ts=2026-03-22T13:09:22.936+01:00 level=INFO service=blockchain-services env=default thread=main logger=o.s.mock.web.MockServletContext msg="Initializing Spring TestDispatcherServlet ''" traceId= spanId=
ts=2026-03-22T13:09:22.937+01:00 level=INFO service=blockchain-services env=default thread=main logger=o.s.t.w.s.TestDispatcherServlet msg="Initializing Servlet ''" traceId= spanId=
ts=2026-03-22T13:09:22.938+01:00 level=INFO service=blockchain-services env=default thread=main logger=o.s.t.w.s.TestDispatcherServlet msg="Completed initialization in 0 ms" traceId= spanId=
ts=2026-03-22T13:09:23.086+01:00 level=INFO service=blockchain-services env=default thread=main logger=o.s.mock.web.MockServletContext msg="Initializing Spring TestDispatcherServlet ''" traceId= spanId=
ts=2026-03-22T13:09:23.087+01:00 level=INFO service=blockchain-services env=default thread=main logger=o.s.t.w.s.TestDispatcherServlet msg="Initializing Servlet ''" traceId= spanId=
ts=2026-03-22T13:09:23.088+01:00 level=INFO service=blockchain-services env=default thread=main logger=o.s.t.w.s.TestDispatcherServlet msg="Completed initialization in 1 ms" traceId= spanId=
ts=2026-03-22T13:09:23.238+01:00 level=INFO service=blockchain-services env=default thread=main logger=o.s.mock.web.MockServletContext msg="Initializing Spring TestDispatcherServlet ''" traceId= spanId=
ts=2026-03-22T13:09:23.239+01:00 level=INFO service=blockchain-services env=default thread=main logger=o.s.t.w.s.TestDispatcherServlet msg="Initializing Servlet ''" traceId= spanId=
ts=2026-03-22T13:09:23.239+01:00 level=INFO service=blockchain-services env=default thread=main logger=o.s.t.w.s.TestDispatcherServlet msg="Completed initialization in 0 ms" traceId= spanId=
ts=2026-03-22T13:09:23.306+01:00 level=INFO service=blockchain-services env=default thread=main logger=o.s.mock.web.MockServletContext msg="Initializing Spring TestDispatcherServlet ''" traceId= spanId=
ts=2026-03-22T13:09:23.307+01:00 level=INFO service=blockchain-services env=default thread=main logger=o.s.t.w.s.TestDispatcherServlet msg="Initializing Servlet ''" traceId= spanId=
ts=2026-03-22T13:09:23.308+01:00 level=INFO service=blockchain-services env=default thread=main logger=o.s.t.w.s.TestDispatcherServlet msg="Completed initialization in 0 ms" traceId= spanId=
ts=2026-03-22T13:09:23.352+01:00 level=INFO service=blockchain-services env=default thread=main logger=o.s.mock.web.MockServletContext msg="Initializing Spring TestDispatcherServlet ''" traceId= spanId=
ts=2026-03-22T13:09:23.353+01:00 level=INFO service=blockchain-services env=default thread=main logger=o.s.t.w.s.TestDispatcherServlet msg="Initializing Servlet ''" traceId= spanId=
ts=2026-03-22T13:09:23.353+01:00 level=INFO service=blockchain-services env=default thread=main logger=o.s.t.w.s.TestDispatcherServlet msg="Completed initialization in 0 ms" traceId= spanId=
ts=2026-03-22T13:09:23.403+01:00 level=INFO service=blockchain-services env=default thread=main logger=o.s.mock.web.MockServletContext msg="Initializing Spring TestDispatcherServlet ''" traceId= spanId=
ts=2026-03-22T13:09:23.403+01:00 level=INFO service=blockchain-services env=default thread=main logger=o.s.t.w.s.TestDispatcherServlet msg="Initializing Servlet ''" traceId= spanId=
ts=2026-03-22T13:09:23.403+01:00 level=INFO service=blockchain-services env=default thread=main logger=o.s.t.w.s.TestDispatcherServlet msg="Completed initialization in 0 ms" traceId= spanId=
ts=2026-03-22T13:09:23.451+01:00 level=INFO service=blockchain-services env=default thread=main logger=o.s.mock.web.MockServletContext msg="Initializing Spring TestDispatcherServlet ''" traceId= spanId=
ts=2026-03-22T13:09:23.452+01:00 level=INFO service=blockchain-services env=default thread=main logger=o.s.t.w.s.TestDispatcherServlet msg="Initializing Servlet ''" traceId= spanId=
ts=2026-03-22T13:09:23.452+01:00 level=INFO service=blockchain-services env=default thread=main logger=o.s.t.w.s.TestDispatcherServlet msg="Completed initialization in 0 ms" traceId= spanId=
ts=2026-03-22T13:09:23.508+01:00 level=INFO service=blockchain-services env=default thread=main logger=o.s.mock.web.MockServletContext msg="Initializing Spring TestDispatcherServlet ''" traceId= spanId=
ts=2026-03-22T13:09:23.509+01:00 level=INFO service=blockchain-services env=default thread=main logger=o.s.t.w.s.TestDispatcherServlet msg="Initializing Servlet ''" traceId= spanId=
ts=2026-03-22T13:09:23.510+01:00 level=INFO service=blockchain-services env=default thread=main logger=o.s.t.w.s.TestDispatcherServlet msg="Completed initialization in 1 ms" traceId= spanId=
ts=2026-03-22T13:09:23.567+01:00 level=INFO service=blockchain-services env=default thread=main logger=o.s.mock.web.MockServletContext msg="Initializing Spring TestDispatcherServlet ''" traceId= spanId=
ts=2026-03-22T13:09:23.568+01:00 level=INFO service=blockchain-services env=default thread=main logger=o.s.t.w.s.TestDispatcherServlet msg="Initializing Servlet ''" traceId= spanId=
ts=2026-03-22T13:09:23.568+01:00 level=INFO service=blockchain-services env=default thread=main logger=o.s.t.w.s.TestDispatcherServlet msg="Completed initialization in 0 ms" traceId= spanId=
ts=2026-03-22T13:09:23.621+01:00 level=INFO service=blockchain-services env=default thread=main logger=o.s.mock.web.MockServletContext msg="Initializing Spring TestDispatcherServlet ''" traceId= spanId=
ts=2026-03-22T13:09:23.622+01:00 level=INFO service=blockchain-services env=default thread=main logger=o.s.t.w.s.TestDispatcherServlet msg="Initializing Servlet ''" traceId= spanId=
ts=2026-03-22T13:09:23.623+01:00 level=INFO service=blockchain-services env=default thread=main logger=o.s.t.w.s.TestDispatcherServlet msg="Completed initialization in 0 ms" traceId= spanId=
ts=2026-03-22T13:09:23.665+01:00 level=INFO service=blockchain-services env=default thread=main logger=o.s.mock.web.MockServletContext msg="Initializing Spring TestDispatcherServlet ''" traceId= spanId=
ts=2026-03-22T13:09:23.665+01:00 level=INFO service=blockchain-services env=default thread=main logger=o.s.t.w.s.TestDispatcherServlet msg="Initializing Servlet ''" traceId= spanId=
ts=2026-03-22T13:09:23.666+01:00 level=INFO service=blockchain-services env=default thread=main logger=o.s.t.w.s.TestDispatcherServlet msg="Completed initialization in 1 ms" traceId= spanId=
ts=2026-03-22T13:09:23.756+01:00 level=INFO service=blockchain-services env=default thread=main logger=o.s.mock.web.MockServletContext msg="Initializing Spring TestDispatcherServlet ''" traceId= spanId=
ts=2026-03-22T13:09:23.757+01:00 level=INFO service=blockchain-services env=default thread=main logger=o.s.t.w.s.TestDispatcherServlet msg="Initializing Servlet ''" traceId= spanId=
ts=2026-03-22T13:09:23.757+01:00 level=INFO service=blockchain-services env=default thread=main logger=o.s.t.w.s.TestDispatcherServlet msg="Completed initialization in 0 ms" traceId= spanId=
[INFO] Tests run: 13, Failures: 0, Errors: 0, Skipped: 0, Time elapsed: 14.74 s -- in decentralabs.blockchain.controller.auth.WalletAuthControllerIntegrationTest
[INFO] Running decentralabs.blockchain.controller.auth.WalletAuthControllerTest
[INFO] Running Wallet Auth Endpoint Tests
13:09:35.408 [main] INFO org.hibernate.validator.internal.util.Version -- HV000001: Hibernate Validator 9.0.1.Final
13:09:37.231 [main] INFO org.springframework.mock.web.MockServletContext -- Initializing Spring TestDispatcherServlet ''
13:09:37.236 [main] INFO org.springframework.test.web.servlet.TestDispatcherServlet -- Initializing Servlet ''
13:09:37.261 [main] INFO org.springframework.test.web.servlet.TestDispatcherServlet -- Completed initialization in 15 ms
13:09:38.460 [main] ERROR decentralabs.blockchain.controller.auth.WalletAuthController -- Wallet authentication error
java.lang.RuntimeException: Unexpected error
	at decentralabs.blockchain.service.auth.WalletAuthService.handleAuthentication(WalletAuthService.java:48)
	at decentralabs.blockchain.controller.auth.WalletAuthController.walletAuth(WalletAuthController.java:113)
	at java.base/jdk.internal.reflect.DirectMethodHandleAccessor.invoke(DirectMethodHandleAccessor.java:103)
	at java.base/java.lang.reflect.Method.invoke(Method.java:580)
	at org.springframework.web.method.support.InvocableHandlerMethod.doInvoke(InvocableHandlerMethod.java:252)
	at org.springframework.web.method.support.InvocableHandlerMethod.invokeForRequest(InvocableHandlerMethod.java:184)
	at org.springframework.web.servlet.mvc.method.annotation.ServletInvocableHandlerMethod.invokeAndHandle(ServletInvocableHandlerMethod.java:117)
	at org.springframework.web.servlet.mvc.method.annotation.RequestMappingHandlerAdapter.invokeHandlerMethod(RequestMappingHandlerAdapter.java:934)
	at org.springframework.web.servlet.mvc.method.annotation.RequestMappingHandlerAdapter.handleInternal(RequestMappingHandlerAdapter.java:853)
	at org.springframework.web.servlet.mvc.method.AbstractHandlerMethodAdapter.handle(AbstractHandlerMethodAdapter.java:86)
	at org.springframework.web.servlet.DispatcherServlet.doDispatch(DispatcherServlet.java:963)
	at org.springframework.web.servlet.DispatcherServlet.doService(DispatcherServlet.java:866)
	at org.springframework.web.servlet.FrameworkServlet.processRequest(FrameworkServlet.java:1000)
	at org.springframework.web.servlet.FrameworkServlet.doPost(FrameworkServlet.java:903)
	at jakarta.servlet.http.HttpServlet.service(HttpServlet.java:649)
	at org.springframework.web.servlet.FrameworkServlet.service(FrameworkServlet.java:874)
	at org.springframework.test.web.servlet.TestDispatcherServlet.service(TestDispatcherServlet.java:72)
	at jakarta.servlet.http.HttpServlet.service(HttpServlet.java:710)
	at org.springframework.mock.web.MockFilterChain$ServletFilterProxy.doFilter(MockFilterChain.java:160)
	at org.springframework.mock.web.MockFilterChain.doFilter(MockFilterChain.java:127)
	at org.springframework.test.web.servlet.MockMvc.perform(MockMvc.java:199)
	at decentralabs.blockchain.controller.auth.WalletAuthControllerTest$WalletAuthTests.shouldReturn500ForUnexpectedError(WalletAuthControllerTest.java:215)
	at java.base/jdk.internal.reflect.DirectMethodHandleAccessor.invoke(DirectMethodHandleAccessor.java:103)
	at java.base/java.lang.reflect.Method.invoke(Method.java:580)
	at org.junit.platform.commons.util.ReflectionUtils.invokeMethod(ReflectionUtils.java:701)
	at org.junit.platform.commons.support.ReflectionSupport.invokeMethod(ReflectionSupport.java:502)
	at org.junit.jupiter.engine.support.MethodReflectionUtils.invoke(MethodReflectionUtils.java:45)
	at org.junit.jupiter.engine.execution.MethodInvocation.proceed(MethodInvocation.java:61)
	at org.junit.jupiter.engine.execution.InvocationInterceptorChain$ValidatingInvocation.proceed(InvocationInterceptorChain.java:124)
	at org.junit.jupiter.engine.extension.TimeoutExtension.intercept(TimeoutExtension.java:163)
	at org.junit.jupiter.engine.extension.TimeoutExtension.interceptTestableMethod(TimeoutExtension.java:148)
	at org.junit.jupiter.engine.extension.TimeoutExtension.interceptTestMethod(TimeoutExtension.java:86)
	at org.junit.jupiter.engine.execution.InterceptingExecutableInvoker$ReflectiveInterceptorCall.lambda$ofVoidMethod$0(InterceptingExecutableInvoker.java:123)
	at org.junit.jupiter.engine.execution.InterceptingExecutableInvoker.lambda$invoke$0(InterceptingExecutableInvoker.java:105)
	at org.junit.jupiter.engine.execution.InvocationInterceptorChain$InterceptedInvocation.proceed(InvocationInterceptorChain.java:99)
	at org.junit.jupiter.engine.execution.InvocationInterceptorChain.proceed(InvocationInterceptorChain.java:66)
	at org.junit.jupiter.engine.execution.InvocationInterceptorChain.chainAndInvoke(InvocationInterceptorChain.java:47)
	at org.junit.jupiter.engine.execution.InvocationInterceptorChain.invoke(InvocationInterceptorChain.java:39)
	at org.junit.jupiter.engine.execution.InterceptingExecutableInvoker.invoke(InterceptingExecutableInvoker.java:104)
	at org.junit.jupiter.engine.execution.InterceptingExecutableInvoker.invoke(InterceptingExecutableInvoker.java:98)
	at org.junit.jupiter.engine.execution.InterceptingExecutableInvoker.invokeVoid(InterceptingExecutableInvoker.java:71)
	at org.junit.jupiter.engine.descriptor.TestMethodTestDescriptor.lambda$invokeTestMethod$0(TestMethodTestDescriptor.java:219)
	at org.junit.platform.engine.support.hierarchical.ThrowableCollector.execute(ThrowableCollector.java:74)
	at org.junit.jupiter.engine.descriptor.TestMethodTestDescriptor.invokeTestMethod(TestMethodTestDescriptor.java:215)
	at org.junit.jupiter.engine.descriptor.TestMethodTestDescriptor.execute(TestMethodTestDescriptor.java:157)
	at org.junit.jupiter.engine.descriptor.TestMethodTestDescriptor.execute(TestMethodTestDescriptor.java:70)
	at org.junit.platform.engine.support.hierarchical.NodeTestTask.lambda$executeRecursively$2(NodeTestTask.java:176)
	at org.junit.platform.engine.support.hierarchical.ThrowableCollector.execute(ThrowableCollector.java:74)
	at org.junit.platform.engine.support.hierarchical.NodeTestTask.lambda$executeRecursively$1(NodeTestTask.java:166)
	at org.junit.platform.engine.support.hierarchical.Node.around(Node.java:138)
	at org.junit.platform.engine.support.hierarchical.NodeTestTask.lambda$executeRecursively$0(NodeTestTask.java:164)
	at org.junit.platform.engine.support.hierarchical.ThrowableCollector.execute(ThrowableCollector.java:74)
	at org.junit.platform.engine.support.hierarchical.NodeTestTask.executeRecursively(NodeTestTask.java:163)
	at org.junit.platform.engine.support.hierarchical.NodeTestTask.execute(NodeTestTask.java:116)
	at java.base/java.util.ArrayList.forEach(ArrayList.java:1596)
	at org.junit.platform.engine.support.hierarchical.SameThreadHierarchicalTestExecutorService.invokeAll(SameThreadHierarchicalTestExecutorService.java:42)
	at org.junit.platform.engine.support.hierarchical.NodeTestTask.lambda$executeRecursively$2(NodeTestTask.java:180)
	at org.junit.platform.engine.support.hierarchical.ThrowableCollector.execute(ThrowableCollector.java:74)
	at org.junit.platform.engine.support.hierarchical.NodeTestTask.lambda$executeRecursively$1(NodeTestTask.java:166)
	at org.junit.platform.engine.support.hierarchical.Node.around(Node.java:138)
	at org.junit.platform.engine.support.hierarchical.NodeTestTask.lambda$executeRecursively$0(NodeTestTask.java:164)
	at org.junit.platform.engine.support.hierarchical.ThrowableCollector.execute(ThrowableCollector.java:74)
	at org.junit.platform.engine.support.hierarchical.NodeTestTask.executeRecursively(NodeTestTask.java:163)
	at org.junit.platform.engine.support.hierarchical.NodeTestTask.execute(NodeTestTask.java:116)
	at java.base/java.util.ArrayList.forEach(ArrayList.java:1596)
	at org.junit.platform.engine.support.hierarchical.SameThreadHierarchicalTestExecutorService.invokeAll(SameThreadHierarchicalTestExecutorService.java:42)
	at org.junit.platform.engine.support.hierarchical.NodeTestTask.lambda$executeRecursively$2(NodeTestTask.java:180)
	at org.junit.platform.engine.support.hierarchical.ThrowableCollector.execute(ThrowableCollector.java:74)
	at org.junit.platform.engine.support.hierarchical.NodeTestTask.lambda$executeRecursively$1(NodeTestTask.java:166)
	at org.junit.platform.engine.support.hierarchical.Node.around(Node.java:138)
	at org.junit.platform.engine.support.hierarchical.NodeTestTask.lambda$executeRecursively$0(NodeTestTask.java:164)
	at org.junit.platform.engine.support.hierarchical.ThrowableCollector.execute(ThrowableCollector.java:74)
	at org.junit.platform.engine.support.hierarchical.NodeTestTask.executeRecursively(NodeTestTask.java:163)
	at org.junit.platform.engine.support.hierarchical.NodeTestTask.execute(NodeTestTask.java:116)
	at java.base/java.util.ArrayList.forEach(ArrayList.java:1596)
	at org.junit.platform.engine.support.hierarchical.SameThreadHierarchicalTestExecutorService.invokeAll(SameThreadHierarchicalTestExecutorService.java:42)
	at org.junit.platform.engine.support.hierarchical.NodeTestTask.lambda$executeRecursively$2(NodeTestTask.java:180)
	at org.junit.platform.engine.support.hierarchical.ThrowableCollector.execute(ThrowableCollector.java:74)
	at org.junit.platform.engine.support.hierarchical.NodeTestTask.lambda$executeRecursively$1(NodeTestTask.java:166)
	at org.junit.platform.engine.support.hierarchical.Node.around(Node.java:138)
	at org.junit.platform.engine.support.hierarchical.NodeTestTask.lambda$executeRecursively$0(NodeTestTask.java:164)
	at org.junit.platform.engine.support.hierarchical.ThrowableCollector.execute(ThrowableCollector.java:74)
	at org.junit.platform.engine.support.hierarchical.NodeTestTask.executeRecursively(NodeTestTask.java:163)
	at org.junit.platform.engine.support.hierarchical.NodeTestTask.execute(NodeTestTask.java:116)
	at org.junit.platform.engine.support.hierarchical.SameThreadHierarchicalTestExecutorService.submit(SameThreadHierarchicalTestExecutorService.java:36)
	at org.junit.platform.engine.support.hierarchical.HierarchicalTestExecutor.execute(HierarchicalTestExecutor.java:52)
	at org.junit.platform.engine.support.hierarchical.HierarchicalTestEngine.execute(HierarchicalTestEngine.java:58)
	at org.junit.platform.launcher.core.EngineExecutionOrchestrator.executeEngine(EngineExecutionOrchestrator.java:246)
	at org.junit.platform.launcher.core.EngineExecutionOrchestrator.failOrExecuteEngine(EngineExecutionOrchestrator.java:218)
	at org.junit.platform.launcher.core.EngineExecutionOrchestrator.execute(EngineExecutionOrchestrator.java:179)
	at org.junit.platform.launcher.core.EngineExecutionOrchestrator.execute(EngineExecutionOrchestrator.java:108)
	at org.junit.platform.launcher.core.EngineExecutionOrchestrator.lambda$execute$0(EngineExecutionOrchestrator.java:66)
	at org.junit.platform.launcher.core.EngineExecutionOrchestrator.withInterceptedStreams(EngineExecutionOrchestrator.java:157)
	at org.junit.platform.launcher.core.EngineExecutionOrchestrator.execute(EngineExecutionOrchestrator.java:65)
	at org.junit.platform.launcher.core.DefaultLauncher.execute(DefaultLauncher.java:125)
	at org.junit.platform.launcher.core.DefaultLauncher.execute(DefaultLauncher.java:114)
	at org.junit.platform.launcher.core.DelegatingLauncher.execute(DelegatingLauncher.java:58)
	at org.junit.platform.launcher.core.InterceptingLauncher.lambda$execute$2(InterceptingLauncher.java:57)
	at org.junit.platform.launcher.core.ClasspathAlignmentCheckingLauncherInterceptor.intercept(ClasspathAlignmentCheckingLauncherInterceptor.java:25)
	at org.junit.platform.launcher.core.InterceptingLauncher.execute(InterceptingLauncher.java:56)
	at org.junit.platform.launcher.core.DelegatingLauncher.execute(DelegatingLauncher.java:58)
	at java.base/jdk.internal.reflect.DirectMethodHandleAccessor.invoke(DirectMethodHandleAccessor.java:103)
	at java.base/java.lang.reflect.Method.invoke(Method.java:580)
	at org.apache.maven.surefire.api.util.ReflectionUtils.invokeMethodWithArray(ReflectionUtils.java:125)
	at org.apache.maven.surefire.junitplatform.LauncherAdapter.executeWithCancellationToken(LauncherAdapter.java:68)
	at org.apache.maven.surefire.junitplatform.LauncherAdapter.execute(LauncherAdapter.java:54)
	at org.apache.maven.surefire.junitplatform.JUnitPlatformProvider.execute(JUnitPlatformProvider.java:203)
	at org.apache.maven.surefire.junitplatform.JUnitPlatformProvider.invokeAllTests(JUnitPlatformProvider.java:168)
	at org.apache.maven.surefire.junitplatform.JUnitPlatformProvider.invoke(JUnitPlatformProvider.java:134)
	at org.apache.maven.surefire.booter.ForkedBooter.runSuitesInProcess(ForkedBooter.java:385)
	at org.apache.maven.surefire.booter.ForkedBooter.execute(ForkedBooter.java:162)
	at org.apache.maven.surefire.booter.ForkedBooter.run(ForkedBooter.java:507)
	at org.apache.maven.surefire.booter.ForkedBooter.main(ForkedBooter.java:495)
13:09:38.644 [main] INFO org.springframework.mock.web.MockServletContext -- Initializing Spring TestDispatcherServlet ''
13:09:38.644 [main] INFO org.springframework.test.web.servlet.TestDispatcherServlet -- Initializing Servlet ''
13:09:38.644 [main] INFO org.springframework.test.web.servlet.TestDispatcherServlet -- Completed initialization in 0 ms
13:09:38.734 [main] INFO org.springframework.mock.web.MockServletContext -- Initializing Spring TestDispatcherServlet ''
13:09:38.734 [main] INFO org.springframework.test.web.servlet.TestDispatcherServlet -- Initializing Servlet ''
13:09:38.734 [main] INFO org.springframework.test.web.servlet.TestDispatcherServlet -- Completed initialization in 0 ms
13:09:38.781 [main] INFO org.springframework.mock.web.MockServletContext -- Initializing Spring TestDispatcherServlet ''
13:09:38.781 [main] INFO org.springframework.test.web.servlet.TestDispatcherServlet -- Initializing Servlet ''
13:09:38.781 [main] INFO org.springframework.test.web.servlet.TestDispatcherServlet -- Completed initialization in 0 ms
[INFO] Tests run: 4, Failures: 0, Errors: 0, Skipped: 0, Time elapsed: 11.72 s -- in Wallet Auth Endpoint Tests
[INFO] Running Check-in Endpoint Tests
13:09:38.838 [main] INFO org.springframework.mock.web.MockServletContext -- Initializing Spring TestDispatcherServlet ''
13:09:38.838 [main] INFO org.springframework.test.web.servlet.TestDispatcherServlet -- Initializing Servlet ''
13:09:38.838 [main] INFO org.springframework.test.web.servlet.TestDispatcherServlet -- Completed initialization in 0 ms
13:09:39.038 [main] INFO org.springframework.mock.web.MockServletContext -- Initializing Spring TestDispatcherServlet ''
13:09:39.038 [main] INFO org.springframework.test.web.servlet.TestDispatcherServlet -- Initializing Servlet ''
13:09:39.038 [main] INFO org.springframework.test.web.servlet.TestDispatcherServlet -- Completed initialization in 0 ms
13:09:39.080 [main] INFO org.springframework.mock.web.MockServletContext -- Initializing Spring TestDispatcherServlet ''
13:09:39.080 [main] INFO org.springframework.test.web.servlet.TestDispatcherServlet -- Initializing Servlet ''
13:09:39.081 [main] INFO org.springframework.test.web.servlet.TestDispatcherServlet -- Completed initialization in 0 ms
[INFO] Tests run: 3, Failures: 0, Errors: 0, Skipped: 0, Time elapsed: 0.288 s -- in Check-in Endpoint Tests
[INFO] Running Wallet Auth2 Endpoint Tests
13:09:39.128 [main] INFO org.springframework.mock.web.MockServletContext -- Initializing Spring TestDispatcherServlet ''
13:09:39.128 [main] INFO org.springframework.test.web.servlet.TestDispatcherServlet -- Initializing Servlet ''
13:09:39.129 [main] INFO org.springframework.test.web.servlet.TestDispatcherServlet -- Completed initialization in 0 ms
13:09:39.167 [main] INFO org.springframework.mock.web.MockServletContext -- Initializing Spring TestDispatcherServlet ''
13:09:39.167 [main] INFO org.springframework.test.web.servlet.TestDispatcherServlet -- Initializing Servlet ''
13:09:39.168 [main] INFO org.springframework.test.web.servlet.TestDispatcherServlet -- Completed initialization in 1 ms
13:09:39.209 [main] INFO org.springframework.mock.web.MockServletContext -- Initializing Spring TestDispatcherServlet ''
13:09:39.209 [main] INFO org.springframework.test.web.servlet.TestDispatcherServlet -- Initializing Servlet ''
13:09:39.209 [main] INFO org.springframework.test.web.servlet.TestDispatcherServlet -- Completed initialization in 0 ms
13:09:39.242 [main] INFO org.springframework.mock.web.MockServletContext -- Initializing Spring TestDispatcherServlet ''
13:09:39.242 [main] INFO org.springframework.test.web.servlet.TestDispatcherServlet -- Initializing Servlet ''
13:09:39.243 [main] INFO org.springframework.test.web.servlet.TestDispatcherServlet -- Completed initialization in 1 ms
13:09:39.249 [main] ERROR decentralabs.blockchain.controller.auth.WalletAuthController -- Wallet authentication error
java.lang.RuntimeException: Database error
	at decentralabs.blockchain.service.auth.WalletAuthService.handleAuthentication(WalletAuthService.java:48)
	at decentralabs.blockchain.controller.auth.WalletAuthController.walletAuth2(WalletAuthController.java:134)
	at java.base/jdk.internal.reflect.DirectMethodHandleAccessor.invoke(DirectMethodHandleAccessor.java:103)
	at java.base/java.lang.reflect.Method.invoke(Method.java:580)
	at org.springframework.web.method.support.InvocableHandlerMethod.doInvoke(InvocableHandlerMethod.java:252)
	at org.springframework.web.method.support.InvocableHandlerMethod.invokeForRequest(InvocableHandlerMethod.java:184)
	at org.springframework.web.servlet.mvc.method.annotation.ServletInvocableHandlerMethod.invokeAndHandle(ServletInvocableHandlerMethod.java:117)
	at org.springframework.web.servlet.mvc.method.annotation.RequestMappingHandlerAdapter.invokeHandlerMethod(RequestMappingHandlerAdapter.java:934)
	at org.springframework.web.servlet.mvc.method.annotation.RequestMappingHandlerAdapter.handleInternal(RequestMappingHandlerAdapter.java:853)
	at org.springframework.web.servlet.mvc.method.AbstractHandlerMethodAdapter.handle(AbstractHandlerMethodAdapter.java:86)
	at org.springframework.web.servlet.DispatcherServlet.doDispatch(DispatcherServlet.java:963)
	at org.springframework.web.servlet.DispatcherServlet.doService(DispatcherServlet.java:866)
	at org.springframework.web.servlet.FrameworkServlet.processRequest(FrameworkServlet.java:1000)
	at org.springframework.web.servlet.FrameworkServlet.doPost(FrameworkServlet.java:903)
	at jakarta.servlet.http.HttpServlet.service(HttpServlet.java:649)
	at org.springframework.web.servlet.FrameworkServlet.service(FrameworkServlet.java:874)
	at org.springframework.test.web.servlet.TestDispatcherServlet.service(TestDispatcherServlet.java:72)
	at jakarta.servlet.http.HttpServlet.service(HttpServlet.java:710)
	at org.springframework.mock.web.MockFilterChain$ServletFilterProxy.doFilter(MockFilterChain.java:160)
	at org.springframework.mock.web.MockFilterChain.doFilter(MockFilterChain.java:127)
	at org.springframework.test.web.servlet.MockMvc.perform(MockMvc.java:199)
	at decentralabs.blockchain.controller.auth.WalletAuthControllerTest$WalletAuth2Tests.shouldReturn500ForInternalError(WalletAuthControllerTest.java:305)
	at java.base/jdk.internal.reflect.DirectMethodHandleAccessor.invoke(DirectMethodHandleAccessor.java:103)
	at java.base/java.lang.reflect.Method.invoke(Method.java:580)
	at org.junit.platform.commons.util.ReflectionUtils.invokeMethod(ReflectionUtils.java:701)
	at org.junit.platform.commons.support.ReflectionSupport.invokeMethod(ReflectionSupport.java:502)
	at org.junit.jupiter.engine.support.MethodReflectionUtils.invoke(MethodReflectionUtils.java:45)
	at org.junit.jupiter.engine.execution.MethodInvocation.proceed(MethodInvocation.java:61)
	at org.junit.jupiter.engine.execution.InvocationInterceptorChain$ValidatingInvocation.proceed(InvocationInterceptorChain.java:124)
	at org.junit.jupiter.engine.extension.TimeoutExtension.intercept(TimeoutExtension.java:163)
	at org.junit.jupiter.engine.extension.TimeoutExtension.interceptTestableMethod(TimeoutExtension.java:148)
	at org.junit.jupiter.engine.extension.TimeoutExtension.interceptTestMethod(TimeoutExtension.java:86)
	at org.junit.jupiter.engine.execution.InterceptingExecutableInvoker$ReflectiveInterceptorCall.lambda$ofVoidMethod$0(InterceptingExecutableInvoker.java:123)
	at org.junit.jupiter.engine.execution.InterceptingExecutableInvoker.lambda$invoke$0(InterceptingExecutableInvoker.java:105)
	at org.junit.jupiter.engine.execution.InvocationInterceptorChain$InterceptedInvocation.proceed(InvocationInterceptorChain.java:99)
	at org.junit.jupiter.engine.execution.InvocationInterceptorChain.proceed(InvocationInterceptorChain.java:66)
	at org.junit.jupiter.engine.execution.InvocationInterceptorChain.chainAndInvoke(InvocationInterceptorChain.java:47)
	at org.junit.jupiter.engine.execution.InvocationInterceptorChain.invoke(InvocationInterceptorChain.java:39)
	at org.junit.jupiter.engine.execution.InterceptingExecutableInvoker.invoke(InterceptingExecutableInvoker.java:104)
	at org.junit.jupiter.engine.execution.InterceptingExecutableInvoker.invoke(InterceptingExecutableInvoker.java:98)
	at org.junit.jupiter.engine.execution.InterceptingExecutableInvoker.invokeVoid(InterceptingExecutableInvoker.java:71)
	at org.junit.jupiter.engine.descriptor.TestMethodTestDescriptor.lambda$invokeTestMethod$0(TestMethodTestDescriptor.java:219)
	at org.junit.platform.engine.support.hierarchical.ThrowableCollector.execute(ThrowableCollector.java:74)
	at org.junit.jupiter.engine.descriptor.TestMethodTestDescriptor.invokeTestMethod(TestMethodTestDescriptor.java:215)
	at org.junit.jupiter.engine.descriptor.TestMethodTestDescriptor.execute(TestMethodTestDescriptor.java:157)
	at org.junit.jupiter.engine.descriptor.TestMethodTestDescriptor.execute(TestMethodTestDescriptor.java:70)
	at org.junit.platform.engine.support.hierarchical.NodeTestTask.lambda$executeRecursively$2(NodeTestTask.java:176)
	at org.junit.platform.engine.support.hierarchical.ThrowableCollector.execute(ThrowableCollector.java:74)
	at org.junit.platform.engine.support.hierarchical.NodeTestTask.lambda$executeRecursively$1(NodeTestTask.java:166)
	at org.junit.platform.engine.support.hierarchical.Node.around(Node.java:138)
	at org.junit.platform.engine.support.hierarchical.NodeTestTask.lambda$executeRecursively$0(NodeTestTask.java:164)
	at org.junit.platform.engine.support.hierarchical.ThrowableCollector.execute(ThrowableCollector.java:74)
	at org.junit.platform.engine.support.hierarchical.NodeTestTask.executeRecursively(NodeTestTask.java:163)
	at org.junit.platform.engine.support.hierarchical.NodeTestTask.execute(NodeTestTask.java:116)
	at java.base/java.util.ArrayList.forEach(ArrayList.java:1596)
	at org.junit.platform.engine.support.hierarchical.SameThreadHierarchicalTestExecutorService.invokeAll(SameThreadHierarchicalTestExecutorService.java:42)
	at org.junit.platform.engine.support.hierarchical.NodeTestTask.lambda$executeRecursively$2(NodeTestTask.java:180)
	at org.junit.platform.engine.support.hierarchical.ThrowableCollector.execute(ThrowableCollector.java:74)
	at org.junit.platform.engine.support.hierarchical.NodeTestTask.lambda$executeRecursively$1(NodeTestTask.java:166)
	at org.junit.platform.engine.support.hierarchical.Node.around(Node.java:138)
	at org.junit.platform.engine.support.hierarchical.NodeTestTask.lambda$executeRecursively$0(NodeTestTask.java:164)
	at org.junit.platform.engine.support.hierarchical.ThrowableCollector.execute(ThrowableCollector.java:74)
	at org.junit.platform.engine.support.hierarchical.NodeTestTask.executeRecursively(NodeTestTask.java:163)
	at org.junit.platform.engine.support.hierarchical.NodeTestTask.execute(NodeTestTask.java:116)
	at java.base/java.util.ArrayList.forEach(ArrayList.java:1596)
	at org.junit.platform.engine.support.hierarchical.SameThreadHierarchicalTestExecutorService.invokeAll(SameThreadHierarchicalTestExecutorService.java:42)
	at org.junit.platform.engine.support.hierarchical.NodeTestTask.lambda$executeRecursively$2(NodeTestTask.java:180)
	at org.junit.platform.engine.support.hierarchical.ThrowableCollector.execute(ThrowableCollector.java:74)
	at org.junit.platform.engine.support.hierarchical.NodeTestTask.lambda$executeRecursively$1(NodeTestTask.java:166)
	at org.junit.platform.engine.support.hierarchical.Node.around(Node.java:138)
	at org.junit.platform.engine.support.hierarchical.NodeTestTask.lambda$executeRecursively$0(NodeTestTask.java:164)
	at org.junit.platform.engine.support.hierarchical.ThrowableCollector.execute(ThrowableCollector.java:74)
	at org.junit.platform.engine.support.hierarchical.NodeTestTask.executeRecursively(NodeTestTask.java:163)
	at org.junit.platform.engine.support.hierarchical.NodeTestTask.execute(NodeTestTask.java:116)
	at java.base/java.util.ArrayList.forEach(ArrayList.java:1596)
	at org.junit.platform.engine.support.hierarchical.SameThreadHierarchicalTestExecutorService.invokeAll(SameThreadHierarchicalTestExecutorService.java:42)
	at org.junit.platform.engine.support.hierarchical.NodeTestTask.lambda$executeRecursively$2(NodeTestTask.java:180)
	at org.junit.platform.engine.support.hierarchical.ThrowableCollector.execute(ThrowableCollector.java:74)
	at org.junit.platform.engine.support.hierarchical.NodeTestTask.lambda$executeRecursively$1(NodeTestTask.java:166)
	at org.junit.platform.engine.support.hierarchical.Node.around(Node.java:138)
	at org.junit.platform.engine.support.hierarchical.NodeTestTask.lambda$executeRecursively$0(NodeTestTask.java:164)
	at org.junit.platform.engine.support.hierarchical.ThrowableCollector.execute(ThrowableCollector.java:74)
	at org.junit.platform.engine.support.hierarchical.NodeTestTask.executeRecursively(NodeTestTask.java:163)
	at org.junit.platform.engine.support.hierarchical.NodeTestTask.execute(NodeTestTask.java:116)
	at org.junit.platform.engine.support.hierarchical.SameThreadHierarchicalTestExecutorService.submit(SameThreadHierarchicalTestExecutorService.java:36)
	at org.junit.platform.engine.support.hierarchical.HierarchicalTestExecutor.execute(HierarchicalTestExecutor.java:52)
	at org.junit.platform.engine.support.hierarchical.HierarchicalTestEngine.execute(HierarchicalTestEngine.java:58)
	at org.junit.platform.launcher.core.EngineExecutionOrchestrator.executeEngine(EngineExecutionOrchestrator.java:246)
	at org.junit.platform.launcher.core.EngineExecutionOrchestrator.failOrExecuteEngine(EngineExecutionOrchestrator.java:218)
	at org.junit.platform.launcher.core.EngineExecutionOrchestrator.execute(EngineExecutionOrchestrator.java:179)
	at org.junit.platform.launcher.core.EngineExecutionOrchestrator.execute(EngineExecutionOrchestrator.java:108)
	at org.junit.platform.launcher.core.EngineExecutionOrchestrator.lambda$execute$0(EngineExecutionOrchestrator.java:66)
	at org.junit.platform.launcher.core.EngineExecutionOrchestrator.withInterceptedStreams(EngineExecutionOrchestrator.java:157)
	at org.junit.platform.launcher.core.EngineExecutionOrchestrator.execute(EngineExecutionOrchestrator.java:65)
	at org.junit.platform.launcher.core.DefaultLauncher.execute(DefaultLauncher.java:125)
	at org.junit.platform.launcher.core.DefaultLauncher.execute(DefaultLauncher.java:114)
	at org.junit.platform.launcher.core.DelegatingLauncher.execute(DelegatingLauncher.java:58)
	at org.junit.platform.launcher.core.InterceptingLauncher.lambda$execute$2(InterceptingLauncher.java:57)
	at org.junit.platform.launcher.core.ClasspathAlignmentCheckingLauncherInterceptor.intercept(ClasspathAlignmentCheckingLauncherInterceptor.java:25)
	at org.junit.platform.launcher.core.InterceptingLauncher.execute(InterceptingLauncher.java:56)
	at org.junit.platform.launcher.core.DelegatingLauncher.execute(DelegatingLauncher.java:58)
	at java.base/jdk.internal.reflect.DirectMethodHandleAccessor.invoke(DirectMethodHandleAccessor.java:103)
	at java.base/java.lang.reflect.Method.invoke(Method.java:580)
	at org.apache.maven.surefire.api.util.ReflectionUtils.invokeMethodWithArray(ReflectionUtils.java:125)
	at org.apache.maven.surefire.junitplatform.LauncherAdapter.executeWithCancellationToken(LauncherAdapter.java:68)
	at org.apache.maven.surefire.junitplatform.LauncherAdapter.execute(LauncherAdapter.java:54)
	at org.apache.maven.surefire.junitplatform.JUnitPlatformProvider.execute(JUnitPlatformProvider.java:203)
	at org.apache.maven.surefire.junitplatform.JUnitPlatformProvider.invokeAllTests(JUnitPlatformProvider.java:168)
	at org.apache.maven.surefire.junitplatform.JUnitPlatformProvider.invoke(JUnitPlatformProvider.java:134)
	at org.apache.maven.surefire.booter.ForkedBooter.runSuitesInProcess(ForkedBooter.java:385)
	at org.apache.maven.surefire.booter.ForkedBooter.execute(ForkedBooter.java:162)
	at org.apache.maven.surefire.booter.ForkedBooter.run(ForkedBooter.java:507)
	at org.apache.maven.surefire.booter.ForkedBooter.main(ForkedBooter.java:495)
13:09:39.278 [main] INFO org.springframework.mock.web.MockServletContext -- Initializing Spring TestDispatcherServlet ''
13:09:39.278 [main] INFO org.springframework.test.web.servlet.TestDispatcherServlet -- Initializing Servlet ''
13:09:39.279 [main] INFO org.springframework.test.web.servlet.TestDispatcherServlet -- Completed initialization in 0 ms
[INFO] Tests run: 5, Failures: 0, Errors: 0, Skipped: 0, Time elapsed: 0.188 s -- in Wallet Auth2 Endpoint Tests
[INFO] Running Get Message Endpoint Tests
13:09:39.315 [main] INFO org.springframework.mock.web.MockServletContext -- Initializing Spring TestDispatcherServlet ''
13:09:39.316 [main] INFO org.springframework.test.web.servlet.TestDispatcherServlet -- Initializing Servlet ''
13:09:39.316 [main] INFO org.springframework.test.web.servlet.TestDispatcherServlet -- Completed initialization in 0 ms
13:09:39.518 [main] INFO org.springframework.mock.web.MockServletContext -- Initializing Spring TestDispatcherServlet ''
13:09:39.518 [main] INFO org.springframework.test.web.servlet.TestDispatcherServlet -- Initializing Servlet ''
13:09:39.518 [main] INFO org.springframework.test.web.servlet.TestDispatcherServlet -- Completed initialization in 0 ms
13:09:39.545 [main] INFO org.springframework.mock.web.MockServletContext -- Initializing Spring TestDispatcherServlet ''
13:09:39.547 [main] INFO org.springframework.test.web.servlet.TestDispatcherServlet -- Initializing Servlet ''
13:09:39.547 [main] INFO org.springframework.test.web.servlet.TestDispatcherServlet -- Completed initialization in 0 ms
13:09:39.578 [main] INFO org.springframework.mock.web.MockServletContext -- Initializing Spring TestDispatcherServlet ''
13:09:39.578 [main] INFO org.springframework.test.web.servlet.TestDispatcherServlet -- Initializing Servlet ''
13:09:39.578 [main] INFO org.springframework.test.web.servlet.TestDispatcherServlet -- Completed initialization in 0 ms
13:09:39.602 [main] INFO org.springframework.mock.web.MockServletContext -- Initializing Spring TestDispatcherServlet ''
13:09:39.602 [main] INFO org.springframework.test.web.servlet.TestDispatcherServlet -- Initializing Servlet ''
13:09:39.602 [main] INFO org.springframework.test.web.servlet.TestDispatcherServlet -- Completed initialization in 0 ms
13:09:39.651 [main] INFO org.springframework.mock.web.MockServletContext -- Initializing Spring TestDispatcherServlet ''
13:09:39.651 [main] INFO org.springframework.test.web.servlet.TestDispatcherServlet -- Initializing Servlet ''
13:09:39.652 [main] INFO org.springframework.test.web.servlet.TestDispatcherServlet -- Completed initialization in 0 ms
13:09:39.951 [main] INFO org.springframework.mock.web.MockServletContext -- Initializing Spring TestDispatcherServlet ''
13:09:39.952 [main] INFO org.springframework.test.web.servlet.TestDispatcherServlet -- Initializing Servlet ''
13:09:39.952 [main] INFO org.springframework.test.web.servlet.TestDispatcherServlet -- Completed initialization in 0 ms
[INFO] Tests run: 7, Failures: 0, Errors: 0, Skipped: 0, Time elapsed: 0.664 s -- in Get Message Endpoint Tests
[INFO] Tests run: 0, Failures: 0, Errors: 0, Skipped: 0, Time elapsed: 12.96 s -- in decentralabs.blockchain.controller.auth.WalletAuthControllerTest
[INFO] Running decentralabs.blockchain.controller.auth.WebauthnControllerTest
[INFO] Running Revoke Credential Endpoint Tests
13:09:48.547 [main] INFO org.hibernate.validator.internal.util.Version -- HV000001: Hibernate Validator 9.0.1.Final
13:09:50.850 [main] INFO org.springframework.mock.web.MockServletContext -- Initializing Spring TestDispatcherServlet ''
13:09:50.860 [main] INFO org.springframework.test.web.servlet.TestDispatcherServlet -- Initializing Servlet ''
13:09:50.875 [main] INFO org.springframework.test.web.servlet.TestDispatcherServlet -- Completed initialization in 12 ms
13:09:52.679 [main] WARN org.springframework.web.servlet.mvc.support.DefaultHandlerExceptionResolver -- Resolved [org.springframework.web.bind.MethodArgumentNotValidException: Validation failed for argument [1] in public org.springframework.http.ResponseEntity<java.lang.Void> decentralabs.blockchain.controller.auth.WebauthnController.revoke(java.lang.String,decentralabs.blockchain.dto.auth.WebauthnRevokeRequest): [Field error in object 'webauthnRevokeRequest' on field 'puc': rejected value [null]; codes [NotBlank.webauthnRevokeRequest.puc,NotBlank.puc,NotBlank.java.lang.String,NotBlank]; arguments [org.springframework.context.support.DefaultMessageSourceResolvable: codes [webauthnRevokeRequest.puc,puc]; arguments []; default message [puc]]; default message [must not be blank]] ]
13:09:52.757 [main] INFO org.springframework.mock.web.MockServletContext -- Initializing Spring TestDispatcherServlet ''
13:09:52.757 [main] INFO org.springframework.test.web.servlet.TestDispatcherServlet -- Initializing Servlet ''
13:09:52.758 [main] INFO org.springframework.test.web.servlet.TestDispatcherServlet -- Completed initialization in 1 ms
13:09:52.776 [main] WARN org.springframework.web.servlet.mvc.support.DefaultHandlerExceptionResolver -- Resolved [org.springframework.web.bind.MethodArgumentNotValidException: Validation failed for argument [1] in public org.springframework.http.ResponseEntity<java.lang.Void> decentralabs.blockchain.controller.auth.WebauthnController.revoke(java.lang.String,decentralabs.blockchain.dto.auth.WebauthnRevokeRequest): [Field error in object 'webauthnRevokeRequest' on field 'credentialId': rejected value []; codes [NotBlank.webauthnRevokeRequest.credentialId,NotBlank.credentialId,NotBlank.java.lang.String,NotBlank]; arguments [org.springframework.context.support.DefaultMessageSourceResolvable: codes [webauthnRevokeRequest.credentialId,credentialId]; arguments []; default message [credentialId]]; default message [must not be blank]] ]
13:09:52.807 [main] INFO org.springframework.mock.web.MockServletContext -- Initializing Spring TestDispatcherServlet ''
13:09:52.807 [main] INFO org.springframework.test.web.servlet.TestDispatcherServlet -- Initializing Servlet ''
13:09:52.808 [main] INFO org.springframework.test.web.servlet.TestDispatcherServlet -- Completed initialization in 0 ms
[INFO] Tests run: 3, Failures: 0, Errors: 0, Skipped: 0, Time elapsed: 10.67 s -- in Revoke Credential Endpoint Tests
[INFO] Running Register Credential Endpoint Tests
13:09:52.931 [main] INFO org.springframework.mock.web.MockServletContext -- Initializing Spring TestDispatcherServlet ''
13:09:52.932 [main] INFO org.springframework.test.web.servlet.TestDispatcherServlet -- Initializing Servlet ''
13:09:52.932 [main] INFO org.springframework.test.web.servlet.TestDispatcherServlet -- Completed initialization in 0 ms
13:09:53.012 [main] INFO org.springframework.mock.web.MockServletContext -- Initializing Spring TestDispatcherServlet ''
13:09:53.013 [main] INFO org.springframework.test.web.servlet.TestDispatcherServlet -- Initializing Servlet ''
13:09:53.013 [main] INFO org.springframework.test.web.servlet.TestDispatcherServlet -- Completed initialization in 0 ms
13:09:53.034 [main] WARN org.springframework.web.servlet.mvc.support.DefaultHandlerExceptionResolver -- Resolved [org.springframework.web.bind.MethodArgumentNotValidException: Validation failed for argument [1] in public org.springframework.http.ResponseEntity<java.lang.Void> decentralabs.blockchain.controller.auth.WebauthnController.register(java.lang.String,decentralabs.blockchain.dto.auth.WebauthnRegisterRequest): [Field error in object 'webauthnRegisterRequest' on field 'credentialId': rejected value [null]; codes [NotBlank.webauthnRegisterRequest.credentialId,NotBlank.credentialId,NotBlank.java.lang.String,NotBlank]; arguments [org.springframework.context.support.DefaultMessageSourceResolvable: codes [webauthnRegisterRequest.credentialId,credentialId]; arguments []; default message [credentialId]]; default message [must not be blank]] ]
13:09:53.059 [main] INFO org.springframework.mock.web.MockServletContext -- Initializing Spring TestDispatcherServlet ''
13:09:53.059 [main] INFO org.springframework.test.web.servlet.TestDispatcherServlet -- Initializing Servlet ''
13:09:53.060 [main] INFO org.springframework.test.web.servlet.TestDispatcherServlet -- Completed initialization in 1 ms
13:09:53.101 [main] INFO org.springframework.mock.web.MockServletContext -- Initializing Spring TestDispatcherServlet ''
13:09:53.101 [main] INFO org.springframework.test.web.servlet.TestDispatcherServlet -- Initializing Servlet ''
13:09:53.102 [main] INFO org.springframework.test.web.servlet.TestDispatcherServlet -- Completed initialization in 1 ms
13:09:53.148 [main] INFO org.springframework.mock.web.MockServletContext -- Initializing Spring TestDispatcherServlet ''
13:09:53.148 [main] INFO org.springframework.test.web.servlet.TestDispatcherServlet -- Initializing Servlet ''
13:09:53.149 [main] INFO org.springframework.test.web.servlet.TestDispatcherServlet -- Completed initialization in 0 ms
13:09:53.207 [main] WARN org.springframework.web.servlet.mvc.support.DefaultHandlerExceptionResolver -- Resolved [org.springframework.web.bind.MethodArgumentNotValidException: Validation failed for argument [1] in public org.springframework.http.ResponseEntity<java.lang.Void> decentralabs.blockchain.controller.auth.WebauthnController.register(java.lang.String,decentralabs.blockchain.dto.auth.WebauthnRegisterRequest): [Field error in object 'webauthnRegisterRequest' on field 'publicKey': rejected value [null]; codes [NotBlank.webauthnRegisterRequest.publicKey,NotBlank.publicKey,NotBlank.java.lang.String,NotBlank]; arguments [org.springframework.context.support.DefaultMessageSourceResolvable: codes [webauthnRegisterRequest.publicKey,publicKey]; arguments []; default message [publicKey]]; default message [must not be blank]] ]
13:09:53.242 [main] INFO org.springframework.mock.web.MockServletContext -- Initializing Spring TestDispatcherServlet ''
13:09:53.242 [main] INFO org.springframework.test.web.servlet.TestDispatcherServlet -- Initializing Servlet ''
13:09:53.242 [main] INFO org.springframework.test.web.servlet.TestDispatcherServlet -- Completed initialization in 0 ms
13:09:53.343 [main] INFO org.springframework.mock.web.MockServletContext -- Initializing Spring TestDispatcherServlet ''
13:09:53.343 [main] INFO org.springframework.test.web.servlet.TestDispatcherServlet -- Initializing Servlet ''
13:09:53.343 [main] INFO org.springframework.test.web.servlet.TestDispatcherServlet -- Completed initialization in 0 ms
13:09:53.407 [main] INFO org.springframework.mock.web.MockServletContext -- Initializing Spring TestDispatcherServlet ''
13:09:53.407 [main] INFO org.springframework.test.web.servlet.TestDispatcherServlet -- Initializing Servlet ''
13:09:53.408 [main] INFO org.springframework.test.web.servlet.TestDispatcherServlet -- Completed initialization in 1 ms
[INFO] Tests run: 8, Failures: 0, Errors: 0, Skipped: 0, Time elapsed: 0.533 s -- in Register Credential Endpoint Tests
[INFO] Tests run: 0, Failures: 0, Errors: 0, Skipped: 0, Time elapsed: 11.25 s -- in decentralabs.blockchain.controller.auth.WebauthnControllerTest
[INFO] Running decentralabs.blockchain.controller.auth.WebauthnOnboardingControllerIntegrationTest

  .   ____          _            __ _ _
 /\\ / ___'_ __ _ _(_)_ __  __ _ \ \ \ \
( ( )\___ | '_ | '_| | '_ \/ _` | \ \ \ \
 \\/  ___)| |_)| | | | | || (_| |  ) ) ) )
  '  |____| .__|_| |_|_| |_\__, | / / / /
 =========|_|==============|___/=/_/_/_/

 :: Spring Boot ::                (v4.0.3)

ts=2026-03-22T13:09:58.957+01:00 level=INFO service=blockchain-services env=default thread=main logger=d.b.c.a.WebauthnOnboardingControllerIntegrationTest msg="Starting WebauthnOnboardingControllerIntegrationTest using Java 21.0.9 with PID 8344 (started by ldela in C:\Repos\Lab Gateway\blockchain-services)" traceId= spanId=
ts=2026-03-22T13:09:58.964+01:00 level=INFO service=blockchain-services env=default thread=main logger=d.b.c.a.WebauthnOnboardingControllerIntegrationTest msg="No active profile set, falling back to 1 default profile: "default"" traceId= spanId=
ts=2026-03-22T13:09:59.716+01:00 level=INFO service=blockchain-services env=default thread=background-preinit logger=o.h.validator.internal.util.Version msg="HV000001: Hibernate Validator 9.0.1.Final" traceId= spanId=
ts=2026-03-22T13:10:02.047+01:00 level=INFO service=blockchain-services env=default thread=main logger=d.b.c.a.WebauthnOnboardingControllerIntegrationTest msg="Started WebauthnOnboardingControllerIntegrationTest in 4.099 seconds (process running for 8.06)" traceId= spanId=
ts=2026-03-22T13:10:04.613+01:00 level=INFO service=blockchain-services env=default thread=main logger=o.s.mock.web.MockServletContext msg="Initializing Spring TestDispatcherServlet ''" traceId= spanId=
ts=2026-03-22T13:10:04.614+01:00 level=INFO service=blockchain-services env=default thread=main logger=o.s.t.w.s.TestDispatcherServlet msg="Initializing Servlet ''" traceId= spanId=
ts=2026-03-22T13:10:04.620+01:00 level=INFO service=blockchain-services env=default thread=main logger=o.s.t.w.s.TestDispatcherServlet msg="Completed initialization in 5 ms" traceId= spanId=
ts=2026-03-22T13:10:06.057+01:00 level=ERROR service=blockchain-services env=default thread=main logger=d.b.exception.GlobalExceptionHandler msg="Security exception: Invalid attestation signature" traceId= spanId=
ts=2026-03-22T13:10:06.274+01:00 level=INFO service=blockchain-services env=default thread=main logger=o.s.mock.web.MockServletContext msg="Initializing Spring TestDispatcherServlet ''" traceId= spanId=
ts=2026-03-22T13:10:06.274+01:00 level=INFO service=blockchain-services env=default thread=main logger=o.s.t.w.s.TestDispatcherServlet msg="Initializing Servlet ''" traceId= spanId=
ts=2026-03-22T13:10:06.275+01:00 level=INFO service=blockchain-services env=default thread=main logger=o.s.t.w.s.TestDispatcherServlet msg="Completed initialization in 0 ms" traceId= spanId=
ts=2026-03-22T13:10:06.608+01:00 level=INFO service=blockchain-services env=default thread=main logger=o.s.mock.web.MockServletContext msg="Initializing Spring TestDispatcherServlet ''" traceId= spanId=
ts=2026-03-22T13:10:06.608+01:00 level=INFO service=blockchain-services env=default thread=main logger=o.s.t.w.s.TestDispatcherServlet msg="Initializing Servlet ''" traceId= spanId=
ts=2026-03-22T13:10:06.609+01:00 level=INFO service=blockchain-services env=default thread=main logger=o.s.t.w.s.TestDispatcherServlet msg="Completed initialization in 1 ms" traceId= spanId=
ts=2026-03-22T13:10:06.727+01:00 level=INFO service=blockchain-services env=default thread=main logger=o.s.mock.web.MockServletContext msg="Initializing Spring TestDispatcherServlet ''" traceId= spanId=
ts=2026-03-22T13:10:06.727+01:00 level=INFO service=blockchain-services env=default thread=main logger=o.s.t.w.s.TestDispatcherServlet msg="Initializing Servlet ''" traceId= spanId=
ts=2026-03-22T13:10:06.728+01:00 level=INFO service=blockchain-services env=default thread=main logger=o.s.t.w.s.TestDispatcherServlet msg="Completed initialization in 0 ms" traceId= spanId=
ts=2026-03-22T13:10:06.774+01:00 level=WARN service=blockchain-services env=default thread=main logger=d.b.exception.GlobalExceptionHandler msg="Validation error: {institutionId=institutionId is required, stableUserId=stableUserId is required}" traceId= spanId=
ts=2026-03-22T13:10:06.822+01:00 level=INFO service=blockchain-services env=default thread=main logger=o.s.mock.web.MockServletContext msg="Initializing Spring TestDispatcherServlet ''" traceId= spanId=
ts=2026-03-22T13:10:06.823+01:00 level=INFO service=blockchain-services env=default thread=main logger=o.s.t.w.s.TestDispatcherServlet msg="Initializing Servlet ''" traceId= spanId=
ts=2026-03-22T13:10:06.823+01:00 level=INFO service=blockchain-services env=default thread=main logger=o.s.t.w.s.TestDispatcherServlet msg="Completed initialization in 0 ms" traceId= spanId=
ts=2026-03-22T13:10:06.860+01:00 level=INFO service=blockchain-services env=default thread=main logger=o.s.mock.web.MockServletContext msg="Initializing Spring TestDispatcherServlet ''" traceId= spanId=
ts=2026-03-22T13:10:06.861+01:00 level=INFO service=blockchain-services env=default thread=main logger=o.s.t.w.s.TestDispatcherServlet msg="Initializing Servlet ''" traceId= spanId=
ts=2026-03-22T13:10:06.861+01:00 level=INFO service=blockchain-services env=default thread=main logger=o.s.t.w.s.TestDispatcherServlet msg="Completed initialization in 0 ms" traceId= spanId=
ts=2026-03-22T13:10:06.882+01:00 level=ERROR service=blockchain-services env=default thread=main logger=d.b.exception.GlobalExceptionHandler msg="Security exception: Challenge already used" traceId= spanId=
ts=2026-03-22T13:10:06.913+01:00 level=INFO service=blockchain-services env=default thread=main logger=o.s.mock.web.MockServletContext msg="Initializing Spring TestDispatcherServlet ''" traceId= spanId=
ts=2026-03-22T13:10:06.915+01:00 level=INFO service=blockchain-services env=default thread=main logger=o.s.t.w.s.TestDispatcherServlet msg="Initializing Servlet ''" traceId= spanId=
ts=2026-03-22T13:10:06.915+01:00 level=INFO service=blockchain-services env=default thread=main logger=o.s.t.w.s.TestDispatcherServlet msg="Completed initialization in 0 ms" traceId= spanId=
[INFO] Tests run: 7, Failures: 0, Errors: 0, Skipped: 0, Time elapsed: 10.90 s -- in decentralabs.blockchain.controller.auth.WebauthnOnboardingControllerIntegrationTest
[INFO] Running decentralabs.blockchain.controller.auth.WebauthnOnboardingControllerTest

  .   ____          _            __ _ _
 /\\ / ___'_ __ _ _(_)_ __  __ _ \ \ \ \
( ( )\___ | '_ | '_| | '_ \/ _` | \ \ \ \
 \\/  ___)| |_)| | | | | || (_| |  ) ) ) )
  '  |____| .__|_| |_|_| |_\__, | / / / /
 =========|_|==============|___/=/_/_/_/

 :: Spring Boot ::                (v4.0.3)

ts=2026-03-22T13:10:13.280+01:00 level=INFO service=blockchain-services env=default thread=main logger=d.b.c.a.WebauthnOnboardingControllerTest msg="Starting WebauthnOnboardingControllerTest using Java 21.0.9 with PID 16148 (started by ldela in C:\Repos\Lab Gateway\blockchain-services)" traceId= spanId=
ts=2026-03-22T13:10:13.296+01:00 level=INFO service=blockchain-services env=default thread=main logger=d.b.c.a.WebauthnOnboardingControllerTest msg="No active profile set, falling back to 1 default profile: "default"" traceId= spanId=
ts=2026-03-22T13:10:14.049+01:00 level=INFO service=blockchain-services env=default thread=background-preinit logger=o.h.validator.internal.util.Version msg="HV000001: Hibernate Validator 9.0.1.Final" traceId= spanId=
ts=2026-03-22T13:10:17.913+01:00 level=INFO service=blockchain-services env=default thread=main logger=d.b.c.a.WebauthnOnboardingControllerTest msg="Started WebauthnOnboardingControllerTest in 5.836 seconds (process running for 10.432)" traceId= spanId=
ts=2026-03-22T13:10:19.768+01:00 level=INFO service=blockchain-services env=default thread=main logger=o.s.mock.web.MockServletContext msg="Initializing Spring TestDispatcherServlet ''" traceId= spanId=
ts=2026-03-22T13:10:19.769+01:00 level=INFO service=blockchain-services env=default thread=main logger=o.s.t.w.s.TestDispatcherServlet msg="Initializing Servlet ''" traceId= spanId=
ts=2026-03-22T13:10:19.771+01:00 level=INFO service=blockchain-services env=default thread=main logger=o.s.t.w.s.TestDispatcherServlet msg="Completed initialization in 2 ms" traceId= spanId=
ts=2026-03-22T13:10:21.333+01:00 level=INFO service=blockchain-services env=default thread=main logger=o.s.mock.web.MockServletContext msg="Initializing Spring TestDispatcherServlet ''" traceId= spanId=
ts=2026-03-22T13:10:21.334+01:00 level=INFO service=blockchain-services env=default thread=main logger=o.s.t.w.s.TestDispatcherServlet msg="Initializing Servlet ''" traceId= spanId=
ts=2026-03-22T13:10:21.334+01:00 level=INFO service=blockchain-services env=default thread=main logger=o.s.t.w.s.TestDispatcherServlet msg="Completed initialization in 0 ms" traceId= spanId=
ts=2026-03-22T13:10:21.460+01:00 level=INFO service=blockchain-services env=default thread=main logger=o.s.mock.web.MockServletContext msg="Initializing Spring TestDispatcherServlet ''" traceId= spanId=
ts=2026-03-22T13:10:21.461+01:00 level=INFO service=blockchain-services env=default thread=main logger=o.s.t.w.s.TestDispatcherServlet msg="Initializing Servlet ''" traceId= spanId=
ts=2026-03-22T13:10:21.461+01:00 level=INFO service=blockchain-services env=default thread=main logger=o.s.t.w.s.TestDispatcherServlet msg="Completed initialization in 0 ms" traceId= spanId=
ts=2026-03-22T13:10:21.516+01:00 level=INFO service=blockchain-services env=default thread=main logger=o.s.mock.web.MockServletContext msg="Initializing Spring TestDispatcherServlet ''" traceId= spanId=
ts=2026-03-22T13:10:21.518+01:00 level=INFO service=blockchain-services env=default thread=main logger=o.s.t.w.s.TestDispatcherServlet msg="Initializing Servlet ''" traceId= spanId=
ts=2026-03-22T13:10:21.518+01:00 level=INFO service=blockchain-services env=default thread=main logger=o.s.t.w.s.TestDispatcherServlet msg="Completed initialization in 0 ms" traceId= spanId=
ts=2026-03-22T13:10:21.624+01:00 level=INFO service=blockchain-services env=default thread=main logger=o.s.mock.web.MockServletContext msg="Initializing Spring TestDispatcherServlet ''" traceId= spanId=
ts=2026-03-22T13:10:21.624+01:00 level=INFO service=blockchain-services env=default thread=main logger=o.s.t.w.s.TestDispatcherServlet msg="Initializing Servlet ''" traceId= spanId=
ts=2026-03-22T13:10:21.624+01:00 level=INFO service=blockchain-services env=default thread=main logger=o.s.t.w.s.TestDispatcherServlet msg="Completed initialization in 0 ms" traceId= spanId=
ts=2026-03-22T13:10:21.670+01:00 level=WARN service=blockchain-services env=default thread=main logger=d.b.exception.GlobalExceptionHandler msg="ResponseStatusException at /onboarding/webauthn/key-status/user@institution.edu: 401 UNAUTHORIZED - missing_marketplace_token" traceId= spanId=
ts=2026-03-22T13:10:21.727+01:00 level=INFO service=blockchain-services env=default thread=main logger=o.s.mock.web.MockServletContext msg="Initializing Spring TestDispatcherServlet ''" traceId= spanId=
ts=2026-03-22T13:10:21.727+01:00 level=INFO service=blockchain-services env=default thread=main logger=o.s.t.w.s.TestDispatcherServlet msg="Initializing Servlet ''" traceId= spanId=
ts=2026-03-22T13:10:21.727+01:00 level=INFO service=blockchain-services env=default thread=main logger=o.s.t.w.s.TestDispatcherServlet msg="Completed initialization in 0 ms" traceId= spanId=
ts=2026-03-22T13:10:21.772+01:00 level=WARN service=blockchain-services env=default thread=main logger=d.b.exception.GlobalExceptionHandler msg="Validation error: {sessionId=sessionId is required}" traceId= spanId=
ts=2026-03-22T13:10:21.819+01:00 level=INFO service=blockchain-services env=default thread=main logger=o.s.mock.web.MockServletContext msg="Initializing Spring TestDispatcherServlet ''" traceId= spanId=
ts=2026-03-22T13:10:21.819+01:00 level=INFO service=blockchain-services env=default thread=main logger=o.s.t.w.s.TestDispatcherServlet msg="Initializing Servlet ''" traceId= spanId=
ts=2026-03-22T13:10:21.819+01:00 level=INFO service=blockchain-services env=default thread=main logger=o.s.t.w.s.TestDispatcherServlet msg="Completed initialization in 0 ms" traceId= spanId=
ts=2026-03-22T13:10:21.875+01:00 level=INFO service=blockchain-services env=default thread=main logger=o.s.mock.web.MockServletContext msg="Initializing Spring TestDispatcherServlet ''" traceId= spanId=
ts=2026-03-22T13:10:21.875+01:00 level=INFO service=blockchain-services env=default thread=main logger=o.s.t.w.s.TestDispatcherServlet msg="Initializing Servlet ''" traceId= spanId=
ts=2026-03-22T13:10:21.875+01:00 level=INFO service=blockchain-services env=default thread=main logger=o.s.t.w.s.TestDispatcherServlet msg="Completed initialization in 0 ms" traceId= spanId=
ts=2026-03-22T13:10:21.895+01:00 level=WARN service=blockchain-services env=default thread=main logger=d.b.exception.GlobalExceptionHandler msg="ResponseStatusException at /onboarding/webauthn/options: 401 UNAUTHORIZED - missing_marketplace_token" traceId= spanId=
ts=2026-03-22T13:10:21.925+01:00 level=INFO service=blockchain-services env=default thread=main logger=o.s.mock.web.MockServletContext msg="Initializing Spring TestDispatcherServlet ''" traceId= spanId=
ts=2026-03-22T13:10:21.925+01:00 level=INFO service=blockchain-services env=default thread=main logger=o.s.t.w.s.TestDispatcherServlet msg="Initializing Servlet ''" traceId= spanId=
ts=2026-03-22T13:10:21.926+01:00 level=INFO service=blockchain-services env=default thread=main logger=o.s.t.w.s.TestDispatcherServlet msg="Completed initialization in 0 ms" traceId= spanId=
ts=2026-03-22T13:10:21.944+01:00 level=WARN service=blockchain-services env=default thread=main logger=d.b.exception.GlobalExceptionHandler msg="Validation error: {stableUserId=stableUserId is required}" traceId= spanId=
ts=2026-03-22T13:10:21.974+01:00 level=INFO service=blockchain-services env=default thread=main logger=o.s.mock.web.MockServletContext msg="Initializing Spring TestDispatcherServlet ''" traceId= spanId=
ts=2026-03-22T13:10:21.974+01:00 level=INFO service=blockchain-services env=default thread=main logger=o.s.t.w.s.TestDispatcherServlet msg="Initializing Servlet ''" traceId= spanId=
ts=2026-03-22T13:10:21.975+01:00 level=INFO service=blockchain-services env=default thread=main logger=o.s.t.w.s.TestDispatcherServlet msg="Completed initialization in 1 ms" traceId= spanId=
ts=2026-03-22T13:10:22.018+01:00 level=INFO service=blockchain-services env=default thread=main logger=o.s.mock.web.MockServletContext msg="Initializing Spring TestDispatcherServlet ''" traceId= spanId=
ts=2026-03-22T13:10:22.019+01:00 level=INFO service=blockchain-services env=default thread=main logger=o.s.t.w.s.TestDispatcherServlet msg="Initializing Servlet ''" traceId= spanId=
ts=2026-03-22T13:10:22.019+01:00 level=INFO service=blockchain-services env=default thread=main logger=o.s.t.w.s.TestDispatcherServlet msg="Completed initialization in 0 ms" traceId= spanId=
ts=2026-03-22T13:10:22.054+01:00 level=INFO service=blockchain-services env=default thread=main logger=o.s.mock.web.MockServletContext msg="Initializing Spring TestDispatcherServlet ''" traceId= spanId=
ts=2026-03-22T13:10:22.055+01:00 level=INFO service=blockchain-services env=default thread=main logger=o.s.t.w.s.TestDispatcherServlet msg="Initializing Servlet ''" traceId= spanId=
ts=2026-03-22T13:10:22.055+01:00 level=INFO service=blockchain-services env=default thread=main logger=o.s.t.w.s.TestDispatcherServlet msg="Completed initialization in 0 ms" traceId= spanId=
[INFO] Tests run: 12, Failures: 0, Errors: 0, Skipped: 0, Time elapsed: 12.30 s -- in decentralabs.blockchain.controller.auth.WebauthnOnboardingControllerTest
[INFO] Running decentralabs.blockchain.controller.billing.AdminDashboardControllerTest
[INFO] Running Contract Info Endpoint Tests
13:10:31.824 [main] INFO org.hibernate.validator.internal.util.Version -- HV000001: Hibernate Validator 9.0.1.Final
13:10:34.143 [main] INFO org.springframework.mock.web.MockServletContext -- Initializing Spring TestDispatcherServlet ''
13:10:34.149 [main] INFO org.springframework.test.web.servlet.TestDispatcherServlet -- Initializing Servlet ''
13:10:34.163 [main] INFO org.springframework.test.web.servlet.TestDispatcherServlet -- Completed initialization in 10 ms
13:10:34.664 [main] ERROR decentralabs.blockchain.controller.billing.AdminDashboardController -- Failed to retrieve contract info: Network error
java.lang.RuntimeException: Network error
	at decentralabs.blockchain.service.wallet.WalletService.getAvailableNetworks(WalletService.java:1326)
	at decentralabs.blockchain.controller.billing.AdminDashboardController.getContractInfo(AdminDashboardController.java:219)
	at java.base/jdk.internal.reflect.DirectMethodHandleAccessor.invoke(DirectMethodHandleAccessor.java:103)
	at java.base/java.lang.reflect.Method.invoke(Method.java:580)
	at org.springframework.web.method.support.InvocableHandlerMethod.doInvoke(InvocableHandlerMethod.java:252)
	at org.springframework.web.method.support.InvocableHandlerMethod.invokeForRequest(InvocableHandlerMethod.java:184)
	at org.springframework.web.servlet.mvc.method.annotation.ServletInvocableHandlerMethod.invokeAndHandle(ServletInvocableHandlerMethod.java:117)
	at org.springframework.web.servlet.mvc.method.annotation.RequestMappingHandlerAdapter.invokeHandlerMethod(RequestMappingHandlerAdapter.java:934)
	at org.springframework.web.servlet.mvc.method.annotation.RequestMappingHandlerAdapter.handleInternal(RequestMappingHandlerAdapter.java:853)
	at org.springframework.web.servlet.mvc.method.AbstractHandlerMethodAdapter.handle(AbstractHandlerMethodAdapter.java:86)
	at org.springframework.web.servlet.DispatcherServlet.doDispatch(DispatcherServlet.java:963)
	at org.springframework.web.servlet.DispatcherServlet.doService(DispatcherServlet.java:866)
	at org.springframework.web.servlet.FrameworkServlet.processRequest(FrameworkServlet.java:1000)
	at org.springframework.web.servlet.FrameworkServlet.doGet(FrameworkServlet.java:892)
	at jakarta.servlet.http.HttpServlet.service(HttpServlet.java:622)
	at org.springframework.web.servlet.FrameworkServlet.service(FrameworkServlet.java:874)
	at org.springframework.test.web.servlet.TestDispatcherServlet.service(TestDispatcherServlet.java:72)
	at jakarta.servlet.http.HttpServlet.service(HttpServlet.java:710)
	at org.springframework.mock.web.MockFilterChain$ServletFilterProxy.doFilter(MockFilterChain.java:160)
	at org.springframework.mock.web.MockFilterChain.doFilter(MockFilterChain.java:127)
	at org.springframework.test.web.servlet.MockMvc.perform(MockMvc.java:199)
	at decentralabs.blockchain.controller.billing.AdminDashboardControllerTest$ContractInfoTests.shouldHandleErrorGettingContractInfo(AdminDashboardControllerTest.java:229)
	at java.base/jdk.internal.reflect.DirectMethodHandleAccessor.invoke(DirectMethodHandleAccessor.java:103)
	at java.base/java.lang.reflect.Method.invoke(Method.java:580)
	at org.junit.platform.commons.util.ReflectionUtils.invokeMethod(ReflectionUtils.java:701)
	at org.junit.platform.commons.support.ReflectionSupport.invokeMethod(ReflectionSupport.java:502)
	at org.junit.jupiter.engine.support.MethodReflectionUtils.invoke(MethodReflectionUtils.java:45)
	at org.junit.jupiter.engine.execution.MethodInvocation.proceed(MethodInvocation.java:61)
	at org.junit.jupiter.engine.execution.InvocationInterceptorChain$ValidatingInvocation.proceed(InvocationInterceptorChain.java:124)
	at org.junit.jupiter.engine.extension.TimeoutExtension.intercept(TimeoutExtension.java:163)
	at org.junit.jupiter.engine.extension.TimeoutExtension.interceptTestableMethod(TimeoutExtension.java:148)
	at org.junit.jupiter.engine.extension.TimeoutExtension.interceptTestMethod(TimeoutExtension.java:86)
	at org.junit.jupiter.engine.execution.InterceptingExecutableInvoker$ReflectiveInterceptorCall.lambda$ofVoidMethod$0(InterceptingExecutableInvoker.java:123)
	at org.junit.jupiter.engine.execution.InterceptingExecutableInvoker.lambda$invoke$0(InterceptingExecutableInvoker.java:105)
	at org.junit.jupiter.engine.execution.InvocationInterceptorChain$InterceptedInvocation.proceed(InvocationInterceptorChain.java:99)
	at org.junit.jupiter.engine.execution.InvocationInterceptorChain.proceed(InvocationInterceptorChain.java:66)
	at org.junit.jupiter.engine.execution.InvocationInterceptorChain.chainAndInvoke(InvocationInterceptorChain.java:47)
	at org.junit.jupiter.engine.execution.InvocationInterceptorChain.invoke(InvocationInterceptorChain.java:39)
	at org.junit.jupiter.engine.execution.InterceptingExecutableInvoker.invoke(InterceptingExecutableInvoker.java:104)
	at org.junit.jupiter.engine.execution.InterceptingExecutableInvoker.invoke(InterceptingExecutableInvoker.java:98)
	at org.junit.jupiter.engine.execution.InterceptingExecutableInvoker.invokeVoid(InterceptingExecutableInvoker.java:71)
	at org.junit.jupiter.engine.descriptor.TestMethodTestDescriptor.lambda$invokeTestMethod$0(TestMethodTestDescriptor.java:219)
	at org.junit.platform.engine.support.hierarchical.ThrowableCollector.execute(ThrowableCollector.java:74)
	at org.junit.jupiter.engine.descriptor.TestMethodTestDescriptor.invokeTestMethod(TestMethodTestDescriptor.java:215)
	at org.junit.jupiter.engine.descriptor.TestMethodTestDescriptor.execute(TestMethodTestDescriptor.java:157)
	at org.junit.jupiter.engine.descriptor.TestMethodTestDescriptor.execute(TestMethodTestDescriptor.java:70)
	at org.junit.platform.engine.support.hierarchical.NodeTestTask.lambda$executeRecursively$2(NodeTestTask.java:176)
	at org.junit.platform.engine.support.hierarchical.ThrowableCollector.execute(ThrowableCollector.java:74)
	at org.junit.platform.engine.support.hierarchical.NodeTestTask.lambda$executeRecursively$1(NodeTestTask.java:166)
	at org.junit.platform.engine.support.hierarchical.Node.around(Node.java:138)
	at org.junit.platform.engine.support.hierarchical.NodeTestTask.lambda$executeRecursively$0(NodeTestTask.java:164)
	at org.junit.platform.engine.support.hierarchical.ThrowableCollector.execute(ThrowableCollector.java:74)
	at org.junit.platform.engine.support.hierarchical.NodeTestTask.executeRecursively(NodeTestTask.java:163)
	at org.junit.platform.engine.support.hierarchical.NodeTestTask.execute(NodeTestTask.java:116)
	at java.base/java.util.ArrayList.forEach(ArrayList.java:1596)
	at org.junit.platform.engine.support.hierarchical.SameThreadHierarchicalTestExecutorService.invokeAll(SameThreadHierarchicalTestExecutorService.java:42)
	at org.junit.platform.engine.support.hierarchical.NodeTestTask.lambda$executeRecursively$2(NodeTestTask.java:180)
	at org.junit.platform.engine.support.hierarchical.ThrowableCollector.execute(ThrowableCollector.java:74)
	at org.junit.platform.engine.support.hierarchical.NodeTestTask.lambda$executeRecursively$1(NodeTestTask.java:166)
	at org.junit.platform.engine.support.hierarchical.Node.around(Node.java:138)
	at org.junit.platform.engine.support.hierarchical.NodeTestTask.lambda$executeRecursively$0(NodeTestTask.java:164)
	at org.junit.platform.engine.support.hierarchical.ThrowableCollector.execute(ThrowableCollector.java:74)
	at org.junit.platform.engine.support.hierarchical.NodeTestTask.executeRecursively(NodeTestTask.java:163)
	at org.junit.platform.engine.support.hierarchical.NodeTestTask.execute(NodeTestTask.java:116)
	at java.base/java.util.ArrayList.forEach(ArrayList.java:1596)
	at org.junit.platform.engine.support.hierarchical.SameThreadHierarchicalTestExecutorService.invokeAll(SameThreadHierarchicalTestExecutorService.java:42)
	at org.junit.platform.engine.support.hierarchical.NodeTestTask.lambda$executeRecursively$2(NodeTestTask.java:180)
	at org.junit.platform.engine.support.hierarchical.ThrowableCollector.execute(ThrowableCollector.java:74)
	at org.junit.platform.engine.support.hierarchical.NodeTestTask.lambda$executeRecursively$1(NodeTestTask.java:166)
	at org.junit.platform.engine.support.hierarchical.Node.around(Node.java:138)
	at org.junit.platform.engine.support.hierarchical.NodeTestTask.lambda$executeRecursively$0(NodeTestTask.java:164)
	at org.junit.platform.engine.support.hierarchical.ThrowableCollector.execute(ThrowableCollector.java:74)
	at org.junit.platform.engine.support.hierarchical.NodeTestTask.executeRecursively(NodeTestTask.java:163)
	at org.junit.platform.engine.support.hierarchical.NodeTestTask.execute(NodeTestTask.java:116)
	at java.base/java.util.ArrayList.forEach(ArrayList.java:1596)
	at org.junit.platform.engine.support.hierarchical.SameThreadHierarchicalTestExecutorService.invokeAll(SameThreadHierarchicalTestExecutorService.java:42)
	at org.junit.platform.engine.support.hierarchical.NodeTestTask.lambda$executeRecursively$2(NodeTestTask.java:180)
	at org.junit.platform.engine.support.hierarchical.ThrowableCollector.execute(ThrowableCollector.java:74)
	at org.junit.platform.engine.support.hierarchical.NodeTestTask.lambda$executeRecursively$1(NodeTestTask.java:166)
	at org.junit.platform.engine.support.hierarchical.Node.around(Node.java:138)
	at org.junit.platform.engine.support.hierarchical.NodeTestTask.lambda$executeRecursively$0(NodeTestTask.java:164)
	at org.junit.platform.engine.support.hierarchical.ThrowableCollector.execute(ThrowableCollector.java:74)
	at org.junit.platform.engine.support.hierarchical.NodeTestTask.executeRecursively(NodeTestTask.java:163)
	at org.junit.platform.engine.support.hierarchical.NodeTestTask.execute(NodeTestTask.java:116)
	at org.junit.platform.engine.support.hierarchical.SameThreadHierarchicalTestExecutorService.submit(SameThreadHierarchicalTestExecutorService.java:36)
	at org.junit.platform.engine.support.hierarchical.HierarchicalTestExecutor.execute(HierarchicalTestExecutor.java:52)
	at org.junit.platform.engine.support.hierarchical.HierarchicalTestEngine.execute(HierarchicalTestEngine.java:58)
	at org.junit.platform.launcher.core.EngineExecutionOrchestrator.executeEngine(EngineExecutionOrchestrator.java:246)
	at org.junit.platform.launcher.core.EngineExecutionOrchestrator.failOrExecuteEngine(EngineExecutionOrchestrator.java:218)
	at org.junit.platform.launcher.core.EngineExecutionOrchestrator.execute(EngineExecutionOrchestrator.java:179)
	at org.junit.platform.launcher.core.EngineExecutionOrchestrator.execute(EngineExecutionOrchestrator.java:108)
	at org.junit.platform.launcher.core.EngineExecutionOrchestrator.lambda$execute$0(EngineExecutionOrchestrator.java:66)
	at org.junit.platform.launcher.core.EngineExecutionOrchestrator.withInterceptedStreams(EngineExecutionOrchestrator.java:157)
	at org.junit.platform.launcher.core.EngineExecutionOrchestrator.execute(EngineExecutionOrchestrator.java:65)
	at org.junit.platform.launcher.core.DefaultLauncher.execute(DefaultLauncher.java:125)
	at org.junit.platform.launcher.core.DefaultLauncher.execute(DefaultLauncher.java:114)
	at org.junit.platform.launcher.core.DelegatingLauncher.execute(DelegatingLauncher.java:58)
	at org.junit.platform.launcher.core.InterceptingLauncher.lambda$execute$2(InterceptingLauncher.java:57)
	at org.junit.platform.launcher.core.ClasspathAlignmentCheckingLauncherInterceptor.intercept(ClasspathAlignmentCheckingLauncherInterceptor.java:25)
	at org.junit.platform.launcher.core.InterceptingLauncher.execute(InterceptingLauncher.java:56)
	at org.junit.platform.launcher.core.DelegatingLauncher.execute(DelegatingLauncher.java:58)
	at java.base/jdk.internal.reflect.DirectMethodHandleAccessor.invoke(DirectMethodHandleAccessor.java:103)
	at java.base/java.lang.reflect.Method.invoke(Method.java:580)
	at org.apache.maven.surefire.api.util.ReflectionUtils.invokeMethodWithArray(ReflectionUtils.java:125)
	at org.apache.maven.surefire.junitplatform.LauncherAdapter.executeWithCancellationToken(LauncherAdapter.java:68)
	at org.apache.maven.surefire.junitplatform.LauncherAdapter.execute(LauncherAdapter.java:54)
	at org.apache.maven.surefire.junitplatform.JUnitPlatformProvider.execute(JUnitPlatformProvider.java:203)
	at org.apache.maven.surefire.junitplatform.JUnitPlatformProvider.invokeAllTests(JUnitPlatformProvider.java:168)
	at org.apache.maven.surefire.junitplatform.JUnitPlatformProvider.invoke(JUnitPlatformProvider.java:134)
	at org.apache.maven.surefire.booter.ForkedBooter.runSuitesInProcess(ForkedBooter.java:385)
	at org.apache.maven.surefire.booter.ForkedBooter.execute(ForkedBooter.java:162)
	at org.apache.maven.surefire.booter.ForkedBooter.run(ForkedBooter.java:507)
	at org.apache.maven.surefire.booter.ForkedBooter.main(ForkedBooter.java:495)
13:10:35.115 [main] INFO org.springframework.mock.web.MockServletContext -- Initializing Spring TestDispatcherServlet ''
13:10:35.115 [main] INFO org.springframework.test.web.servlet.TestDispatcherServlet -- Initializing Servlet ''
13:10:35.116 [main] INFO org.springframework.test.web.servlet.TestDispatcherServlet -- Completed initialization in 0 ms
[INFO] Tests run: 2, Failures: 0, Errors: 0, Skipped: 0, Time elapsed: 10.19 s -- in Contract Info Endpoint Tests
[INFO] Running System Status Endpoint Tests
13:10:35.262 [main] INFO org.springframework.mock.web.MockServletContext -- Initializing Spring TestDispatcherServlet ''
13:10:35.262 [main] INFO org.springframework.test.web.servlet.TestDispatcherServlet -- Initializing Servlet ''
13:10:35.263 [main] INFO org.springframework.test.web.servlet.TestDispatcherServlet -- Completed initialization in 1 ms
13:10:35.317 [main] INFO org.springframework.mock.web.MockServletContext -- Initializing Spring TestDispatcherServlet ''
13:10:35.317 [main] INFO org.springframework.test.web.servlet.TestDispatcherServlet -- Initializing Servlet ''
13:10:35.318 [main] INFO org.springframework.test.web.servlet.TestDispatcherServlet -- Completed initialization in 0 ms
13:10:35.362 [main] INFO org.springframework.mock.web.MockServletContext -- Initializing Spring TestDispatcherServlet ''
13:10:35.363 [main] INFO org.springframework.test.web.servlet.TestDispatcherServlet -- Initializing Servlet ''
13:10:35.363 [main] INFO org.springframework.test.web.servlet.TestDispatcherServlet -- Completed initialization in 0 ms
13:10:35.366 [main] ERROR decentralabs.blockchain.controller.billing.AdminDashboardController -- Failed to retrieve system status: Database error
java.lang.RuntimeException: Database error
	at decentralabs.blockchain.service.wallet.InstitutionalWalletService.getInstitutionalWalletAddress(InstitutionalWalletService.java:504)
	at decentralabs.blockchain.controller.billing.AdminDashboardController.getSystemStatus(AdminDashboardController.java:79)
	at java.base/jdk.internal.reflect.DirectMethodHandleAccessor.invoke(DirectMethodHandleAccessor.java:103)
	at java.base/java.lang.reflect.Method.invoke(Method.java:580)
	at org.springframework.web.method.support.InvocableHandlerMethod.doInvoke(InvocableHandlerMethod.java:252)
	at org.springframework.web.method.support.InvocableHandlerMethod.invokeForRequest(InvocableHandlerMethod.java:184)
	at org.springframework.web.servlet.mvc.method.annotation.ServletInvocableHandlerMethod.invokeAndHandle(ServletInvocableHandlerMethod.java:117)
	at org.springframework.web.servlet.mvc.method.annotation.RequestMappingHandlerAdapter.invokeHandlerMethod(RequestMappingHandlerAdapter.java:934)
	at org.springframework.web.servlet.mvc.method.annotation.RequestMappingHandlerAdapter.handleInternal(RequestMappingHandlerAdapter.java:853)
	at org.springframework.web.servlet.mvc.method.AbstractHandlerMethodAdapter.handle(AbstractHandlerMethodAdapter.java:86)
	at org.springframework.web.servlet.DispatcherServlet.doDispatch(DispatcherServlet.java:963)
	at org.springframework.web.servlet.DispatcherServlet.doService(DispatcherServlet.java:866)
	at org.springframework.web.servlet.FrameworkServlet.processRequest(FrameworkServlet.java:1000)
	at org.springframework.web.servlet.FrameworkServlet.doGet(FrameworkServlet.java:892)
	at jakarta.servlet.http.HttpServlet.service(HttpServlet.java:622)
	at org.springframework.web.servlet.FrameworkServlet.service(FrameworkServlet.java:874)
	at org.springframework.test.web.servlet.TestDispatcherServlet.service(TestDispatcherServlet.java:72)
	at jakarta.servlet.http.HttpServlet.service(HttpServlet.java:710)
	at org.springframework.mock.web.MockFilterChain$ServletFilterProxy.doFilter(MockFilterChain.java:160)
	at org.springframework.mock.web.MockFilterChain.doFilter(MockFilterChain.java:127)
	at org.springframework.test.web.servlet.MockMvc.perform(MockMvc.java:199)
	at decentralabs.blockchain.controller.billing.AdminDashboardControllerTest$SystemStatusTests.shouldHandleErrorGettingStatus(AdminDashboardControllerTest.java:109)
	at java.base/jdk.internal.reflect.DirectMethodHandleAccessor.invoke(DirectMethodHandleAccessor.java:103)
	at java.base/java.lang.reflect.Method.invoke(Method.java:580)
	at org.junit.platform.commons.util.ReflectionUtils.invokeMethod(ReflectionUtils.java:701)
	at org.junit.platform.commons.support.ReflectionSupport.invokeMethod(ReflectionSupport.java:502)
	at org.junit.jupiter.engine.support.MethodReflectionUtils.invoke(MethodReflectionUtils.java:45)
	at org.junit.jupiter.engine.execution.MethodInvocation.proceed(MethodInvocation.java:61)
	at org.junit.jupiter.engine.execution.InvocationInterceptorChain$ValidatingInvocation.proceed(InvocationInterceptorChain.java:124)
	at org.junit.jupiter.engine.extension.TimeoutExtension.intercept(TimeoutExtension.java:163)
	at org.junit.jupiter.engine.extension.TimeoutExtension.interceptTestableMethod(TimeoutExtension.java:148)
	at org.junit.jupiter.engine.extension.TimeoutExtension.interceptTestMethod(TimeoutExtension.java:86)
	at org.junit.jupiter.engine.execution.InterceptingExecutableInvoker$ReflectiveInterceptorCall.lambda$ofVoidMethod$0(InterceptingExecutableInvoker.java:123)
	at org.junit.jupiter.engine.execution.InterceptingExecutableInvoker.lambda$invoke$0(InterceptingExecutableInvoker.java:105)
	at org.junit.jupiter.engine.execution.InvocationInterceptorChain$InterceptedInvocation.proceed(InvocationInterceptorChain.java:99)
	at org.junit.jupiter.engine.execution.InvocationInterceptorChain.proceed(InvocationInterceptorChain.java:66)
	at org.junit.jupiter.engine.execution.InvocationInterceptorChain.chainAndInvoke(InvocationInterceptorChain.java:47)
	at org.junit.jupiter.engine.execution.InvocationInterceptorChain.invoke(InvocationInterceptorChain.java:39)
	at org.junit.jupiter.engine.execution.InterceptingExecutableInvoker.invoke(InterceptingExecutableInvoker.java:104)
	at org.junit.jupiter.engine.execution.InterceptingExecutableInvoker.invoke(InterceptingExecutableInvoker.java:98)
	at org.junit.jupiter.engine.execution.InterceptingExecutableInvoker.invokeVoid(InterceptingExecutableInvoker.java:71)
	at org.junit.jupiter.engine.descriptor.TestMethodTestDescriptor.lambda$invokeTestMethod$0(TestMethodTestDescriptor.java:219)
	at org.junit.platform.engine.support.hierarchical.ThrowableCollector.execute(ThrowableCollector.java:74)
	at org.junit.jupiter.engine.descriptor.TestMethodTestDescriptor.invokeTestMethod(TestMethodTestDescriptor.java:215)
	at org.junit.jupiter.engine.descriptor.TestMethodTestDescriptor.execute(TestMethodTestDescriptor.java:157)
	at org.junit.jupiter.engine.descriptor.TestMethodTestDescriptor.execute(TestMethodTestDescriptor.java:70)
	at org.junit.platform.engine.support.hierarchical.NodeTestTask.lambda$executeRecursively$2(NodeTestTask.java:176)
	at org.junit.platform.engine.support.hierarchical.ThrowableCollector.execute(ThrowableCollector.java:74)
	at org.junit.platform.engine.support.hierarchical.NodeTestTask.lambda$executeRecursively$1(NodeTestTask.java:166)
	at org.junit.platform.engine.support.hierarchical.Node.around(Node.java:138)
	at org.junit.platform.engine.support.hierarchical.NodeTestTask.lambda$executeRecursively$0(NodeTestTask.java:164)
	at org.junit.platform.engine.support.hierarchical.ThrowableCollector.execute(ThrowableCollector.java:74)
	at org.junit.platform.engine.support.hierarchical.NodeTestTask.executeRecursively(NodeTestTask.java:163)
	at org.junit.platform.engine.support.hierarchical.NodeTestTask.execute(NodeTestTask.java:116)
	at java.base/java.util.ArrayList.forEach(ArrayList.java:1596)
	at org.junit.platform.engine.support.hierarchical.SameThreadHierarchicalTestExecutorService.invokeAll(SameThreadHierarchicalTestExecutorService.java:42)
	at org.junit.platform.engine.support.hierarchical.NodeTestTask.lambda$executeRecursively$2(NodeTestTask.java:180)
	at org.junit.platform.engine.support.hierarchical.ThrowableCollector.execute(ThrowableCollector.java:74)
	at org.junit.platform.engine.support.hierarchical.NodeTestTask.lambda$executeRecursively$1(NodeTestTask.java:166)
	at org.junit.platform.engine.support.hierarchical.Node.around(Node.java:138)
	at org.junit.platform.engine.support.hierarchical.NodeTestTask.lambda$executeRecursively$0(NodeTestTask.java:164)
	at org.junit.platform.engine.support.hierarchical.ThrowableCollector.execute(ThrowableCollector.java:74)
	at org.junit.platform.engine.support.hierarchical.NodeTestTask.executeRecursively(NodeTestTask.java:163)
	at org.junit.platform.engine.support.hierarchical.NodeTestTask.execute(NodeTestTask.java:116)
	at java.base/java.util.ArrayList.forEach(ArrayList.java:1596)
	at org.junit.platform.engine.support.hierarchical.SameThreadHierarchicalTestExecutorService.invokeAll(SameThreadHierarchicalTestExecutorService.java:42)
	at org.junit.platform.engine.support.hierarchical.NodeTestTask.lambda$executeRecursively$2(NodeTestTask.java:180)
	at org.junit.platform.engine.support.hierarchical.ThrowableCollector.execute(ThrowableCollector.java:74)
	at org.junit.platform.engine.support.hierarchical.NodeTestTask.lambda$executeRecursively$1(NodeTestTask.java:166)
	at org.junit.platform.engine.support.hierarchical.Node.around(Node.java:138)
	at org.junit.platform.engine.support.hierarchical.NodeTestTask.lambda$executeRecursively$0(NodeTestTask.java:164)
	at org.junit.platform.engine.support.hierarchical.ThrowableCollector.execute(ThrowableCollector.java:74)
	at org.junit.platform.engine.support.hierarchical.NodeTestTask.executeRecursively(NodeTestTask.java:163)
	at org.junit.platform.engine.support.hierarchical.NodeTestTask.execute(NodeTestTask.java:116)
	at java.base/java.util.ArrayList.forEach(ArrayList.java:1596)
	at org.junit.platform.engine.support.hierarchical.SameThreadHierarchicalTestExecutorService.invokeAll(SameThreadHierarchicalTestExecutorService.java:42)
	at org.junit.platform.engine.support.hierarchical.NodeTestTask.lambda$executeRecursively$2(NodeTestTask.java:180)
	at org.junit.platform.engine.support.hierarchical.ThrowableCollector.execute(ThrowableCollector.java:74)
	at org.junit.platform.engine.support.hierarchical.NodeTestTask.lambda$executeRecursively$1(NodeTestTask.java:166)
	at org.junit.platform.engine.support.hierarchical.Node.around(Node.java:138)
	at org.junit.platform.engine.support.hierarchical.NodeTestTask.lambda$executeRecursively$0(NodeTestTask.java:164)
	at org.junit.platform.engine.support.hierarchical.ThrowableCollector.execute(ThrowableCollector.java:74)
	at org.junit.platform.engine.support.hierarchical.NodeTestTask.executeRecursively(NodeTestTask.java:163)
	at org.junit.platform.engine.support.hierarchical.NodeTestTask.execute(NodeTestTask.java:116)
	at org.junit.platform.engine.support.hierarchical.SameThreadHierarchicalTestExecutorService.submit(SameThreadHierarchicalTestExecutorService.java:36)
	at org.junit.platform.engine.support.hierarchical.HierarchicalTestExecutor.execute(HierarchicalTestExecutor.java:52)
	at org.junit.platform.engine.support.hierarchical.HierarchicalTestEngine.execute(HierarchicalTestEngine.java:58)
	at org.junit.platform.launcher.core.EngineExecutionOrchestrator.executeEngine(EngineExecutionOrchestrator.java:246)
	at org.junit.platform.launcher.core.EngineExecutionOrchestrator.failOrExecuteEngine(EngineExecutionOrchestrator.java:218)
	at org.junit.platform.launcher.core.EngineExecutionOrchestrator.execute(EngineExecutionOrchestrator.java:179)
	at org.junit.platform.launcher.core.EngineExecutionOrchestrator.execute(EngineExecutionOrchestrator.java:108)
	at org.junit.platform.launcher.core.EngineExecutionOrchestrator.lambda$execute$0(EngineExecutionOrchestrator.java:66)
	at org.junit.platform.launcher.core.EngineExecutionOrchestrator.withInterceptedStreams(EngineExecutionOrchestrator.java:157)
	at org.junit.platform.launcher.core.EngineExecutionOrchestrator.execute(EngineExecutionOrchestrator.java:65)
	at org.junit.platform.launcher.core.DefaultLauncher.execute(DefaultLauncher.java:125)
	at org.junit.platform.launcher.core.DefaultLauncher.execute(DefaultLauncher.java:114)
	at org.junit.platform.launcher.core.DelegatingLauncher.execute(DelegatingLauncher.java:58)
	at org.junit.platform.launcher.core.InterceptingLauncher.lambda$execute$2(InterceptingLauncher.java:57)
	at org.junit.platform.launcher.core.ClasspathAlignmentCheckingLauncherInterceptor.intercept(ClasspathAlignmentCheckingLauncherInterceptor.java:25)
	at org.junit.platform.launcher.core.InterceptingLauncher.execute(InterceptingLauncher.java:56)
	at org.junit.platform.launcher.core.DelegatingLauncher.execute(DelegatingLauncher.java:58)
	at java.base/jdk.internal.reflect.DirectMethodHandleAccessor.invoke(DirectMethodHandleAccessor.java:103)
	at java.base/java.lang.reflect.Method.invoke(Method.java:580)
	at org.apache.maven.surefire.api.util.ReflectionUtils.invokeMethodWithArray(ReflectionUtils.java:125)
	at org.apache.maven.surefire.junitplatform.LauncherAdapter.executeWithCancellationToken(LauncherAdapter.java:68)
	at org.apache.maven.surefire.junitplatform.LauncherAdapter.execute(LauncherAdapter.java:54)
	at org.apache.maven.surefire.junitplatform.JUnitPlatformProvider.execute(JUnitPlatformProvider.java:203)
	at org.apache.maven.surefire.junitplatform.JUnitPlatformProvider.invokeAllTests(JUnitPlatformProvider.java:168)
	at org.apache.maven.surefire.junitplatform.JUnitPlatformProvider.invoke(JUnitPlatformProvider.java:134)
	at org.apache.maven.surefire.booter.ForkedBooter.runSuitesInProcess(ForkedBooter.java:385)
	at org.apache.maven.surefire.booter.ForkedBooter.execute(ForkedBooter.java:162)
	at org.apache.maven.surefire.booter.ForkedBooter.run(ForkedBooter.java:507)
	at org.apache.maven.surefire.booter.ForkedBooter.main(ForkedBooter.java:495)
[INFO] Tests run: 3, Failures: 0, Errors: 0, Skipped: 0, Time elapsed: 0.152 s -- in System Status Endpoint Tests
[INFO] Running Access Control Tests
13:10:35.413 [main] INFO org.springframework.mock.web.MockServletContext -- Initializing Spring TestDispatcherServlet ''
13:10:35.413 [main] INFO org.springframework.test.web.servlet.TestDispatcherServlet -- Initializing Servlet ''
13:10:35.413 [main] INFO org.springframework.test.web.servlet.TestDispatcherServlet -- Completed initialization in 0 ms
13:10:35.441 [main] INFO org.springframework.mock.web.MockServletContext -- Initializing Spring TestDispatcherServlet ''
13:10:35.441 [main] INFO org.springframework.test.web.servlet.TestDispatcherServlet -- Initializing Servlet ''
13:10:35.441 [main] INFO org.springframework.test.web.servlet.TestDispatcherServlet -- Completed initialization in 0 ms
13:10:35.450 [main] INFO decentralabs.blockchain.controller.billing.AdminDashboardController -- Admin access check from IP=10.0.0.5
13:10:35.516 [main] INFO org.springframework.mock.web.MockServletContext -- Initializing Spring TestDispatcherServlet ''
13:10:35.516 [main] INFO org.springframework.test.web.servlet.TestDispatcherServlet -- Initializing Servlet ''
13:10:35.517 [main] INFO org.springframework.test.web.servlet.TestDispatcherServlet -- Completed initialization in 1 ms
13:10:35.538 [main] INFO org.springframework.mock.web.MockServletContext -- Initializing Spring TestDispatcherServlet ''
13:10:35.538 [main] INFO org.springframework.test.web.servlet.TestDispatcherServlet -- Initializing Servlet ''
13:10:35.538 [main] INFO org.springframework.test.web.servlet.TestDispatcherServlet -- Completed initialization in 0 ms
13:10:35.542 [main] INFO decentralabs.blockchain.controller.billing.AdminDashboardController -- Admin access check from IP=10.0.0.5
13:10:35.542 [main] WARN decentralabs.blockchain.controller.billing.AdminDashboardController -- Blocked administrative dashboard access from non-local address.
13:10:35.576 [main] INFO org.springframework.mock.web.MockServletContext -- Initializing Spring TestDispatcherServlet ''
13:10:35.576 [main] INFO org.springframework.test.web.servlet.TestDispatcherServlet -- Initializing Servlet ''
13:10:35.576 [main] INFO org.springframework.test.web.servlet.TestDispatcherServlet -- Completed initialization in 0 ms
13:10:35.597 [main] INFO org.springframework.mock.web.MockServletContext -- Initializing Spring TestDispatcherServlet ''
13:10:35.597 [main] INFO org.springframework.test.web.servlet.TestDispatcherServlet -- Initializing Servlet ''
13:10:35.598 [main] INFO org.springframework.test.web.servlet.TestDispatcherServlet -- Completed initialization in 1 ms
13:10:35.602 [main] INFO decentralabs.blockchain.controller.billing.AdminDashboardController -- Admin access check from IP=::ffff:127.0.0.1
[INFO] Tests run: 3, Failures: 0, Errors: 0, Skipped: 0, Time elapsed: 0.235 s -- in Access Control Tests
[INFO] Running Collect Endpoints Tests
13:10:35.644 [main] INFO org.springframework.mock.web.MockServletContext -- Initializing Spring TestDispatcherServlet ''
13:10:35.645 [main] INFO org.springframework.test.web.servlet.TestDispatcherServlet -- Initializing Servlet ''
13:10:35.645 [main] INFO org.springframework.test.web.servlet.TestDispatcherServlet -- Completed initialization in 0 ms
13:10:35.742 [main] INFO org.springframework.mock.web.MockServletContext -- Initializing Spring TestDispatcherServlet ''
13:10:35.743 [main] INFO org.springframework.test.web.servlet.TestDispatcherServlet -- Initializing Servlet ''
13:10:35.743 [main] INFO org.springframework.test.web.servlet.TestDispatcherServlet -- Completed initialization in 0 ms
13:10:35.903 [main] INFO org.springframework.mock.web.MockServletContext -- Initializing Spring TestDispatcherServlet ''
13:10:35.903 [main] INFO org.springframework.test.web.servlet.TestDispatcherServlet -- Initializing Servlet ''
13:10:35.904 [main] INFO org.springframework.test.web.servlet.TestDispatcherServlet -- Completed initialization in 1 ms
13:10:35.998 [main] INFO org.springframework.mock.web.MockServletContext -- Initializing Spring TestDispatcherServlet ''
13:10:35.999 [main] INFO org.springframework.test.web.servlet.TestDispatcherServlet -- Initializing Servlet ''
13:10:36.000 [main] INFO org.springframework.test.web.servlet.TestDispatcherServlet -- Completed initialization in 0 ms
[INFO] Tests run: 4, Failures: 0, Errors: 0, Skipped: 0, Time elapsed: 0.399 s -- in Collect Endpoints Tests
[INFO] Running Balance Endpoint Tests
13:10:36.063 [main] INFO org.springframework.mock.web.MockServletContext -- Initializing Spring TestDispatcherServlet ''
13:10:36.064 [main] INFO org.springframework.test.web.servlet.TestDispatcherServlet -- Initializing Servlet ''
13:10:36.064 [main] INFO org.springframework.test.web.servlet.TestDispatcherServlet -- Completed initialization in 0 ms
13:10:36.107 [main] INFO org.springframework.mock.web.MockServletContext -- Initializing Spring TestDispatcherServlet ''
13:10:36.107 [main] INFO org.springframework.test.web.servlet.TestDispatcherServlet -- Initializing Servlet ''
13:10:36.107 [main] INFO org.springframework.test.web.servlet.TestDispatcherServlet -- Completed initialization in 0 ms
13:10:36.146 [main] INFO org.springframework.mock.web.MockServletContext -- Initializing Spring TestDispatcherServlet ''
13:10:36.146 [main] INFO org.springframework.test.web.servlet.TestDispatcherServlet -- Initializing Servlet ''
13:10:36.146 [main] INFO org.springframework.test.web.servlet.TestDispatcherServlet -- Completed initialization in 0 ms
13:10:36.150 [main] WARN decentralabs.blockchain.controller.billing.AdminDashboardController -- Failed to get network balance
13:10:36.151 [main] WARN decentralabs.blockchain.controller.billing.AdminDashboardController -- Failed to get network balance
[INFO] Tests run: 3, Failures: 0, Errors: 0, Skipped: 0, Time elapsed: 0.139 s -- in Balance Endpoint Tests
[INFO] Running Transactions Endpoint Tests
13:10:36.186 [main] INFO org.springframework.mock.web.MockServletContext -- Initializing Spring TestDispatcherServlet ''
13:10:36.186 [main] INFO org.springframework.test.web.servlet.TestDispatcherServlet -- Initializing Servlet ''
13:10:36.187 [main] INFO org.springframework.test.web.servlet.TestDispatcherServlet -- Completed initialization in 1 ms
13:10:36.231 [main] INFO org.springframework.mock.web.MockServletContext -- Initializing Spring TestDispatcherServlet ''
13:10:36.231 [main] INFO org.springframework.test.web.servlet.TestDispatcherServlet -- Initializing Servlet ''
13:10:36.232 [main] INFO org.springframework.test.web.servlet.TestDispatcherServlet -- Completed initialization in 1 ms
13:10:36.262 [main] INFO org.springframework.mock.web.MockServletContext -- Initializing Spring TestDispatcherServlet ''
13:10:36.262 [main] INFO org.springframework.test.web.servlet.TestDispatcherServlet -- Initializing Servlet ''
13:10:36.262 [main] INFO org.springframework.test.web.servlet.TestDispatcherServlet -- Completed initialization in 0 ms
[INFO] Tests run: 3, Failures: 0, Errors: 0, Skipped: 0, Time elapsed: 0.132 s -- in Transactions Endpoint Tests
[INFO] Running Billing Info Endpoint Tests
13:10:36.316 [main] INFO org.springframework.mock.web.MockServletContext -- Initializing Spring TestDispatcherServlet ''
13:10:36.316 [main] INFO org.springframework.test.web.servlet.TestDispatcherServlet -- Initializing Servlet ''
13:10:36.316 [main] INFO org.springframework.test.web.servlet.TestDispatcherServlet -- Completed initialization in 0 ms
[INFO] Tests run: 1, Failures: 0, Errors: 0, Skipped: 0, Time elapsed: 0.035 s -- in Billing Info Endpoint Tests
[INFO] Tests run: 0, Failures: 0, Errors: 0, Skipped: 0, Time elapsed: 11.34 s -- in decentralabs.blockchain.controller.billing.AdminDashboardControllerTest
[INFO] Running decentralabs.blockchain.controller.billing.BillingAdminControllerIntegrationTest

  .   ____          _            __ _ _
 /\\ / ___'_ __ _ _(_)_ __  __ _ \ \ \ \
( ( )\___ | '_ | '_| | '_ \/ _` | \ \ \ \
 \\/  ___)| |_)| | | | | || (_| |  ) ) ) )
  '  |____| .__|_| |_|_| |_\__, | / / / /
 =========|_|==============|___/=/_/_/_/

 :: Spring Boot ::                (v4.0.3)

ts=2026-03-22T13:10:41.595+01:00 level=INFO service=blockchain-services env=default thread=main logger=d.b.c.b.BillingAdminControllerIntegrationTest msg="Starting BillingAdminControllerIntegrationTest using Java 21.0.9 with PID 13912 (started by ldela in C:\Repos\Lab Gateway\blockchain-services)" traceId= spanId=
ts=2026-03-22T13:10:41.610+01:00 level=INFO service=blockchain-services env=default thread=main logger=d.b.c.b.BillingAdminControllerIntegrationTest msg="No active profile set, falling back to 1 default profile: "default"" traceId= spanId=
ts=2026-03-22T13:10:42.389+01:00 level=INFO service=blockchain-services env=default thread=background-preinit logger=o.h.validator.internal.util.Version msg="HV000001: Hibernate Validator 9.0.1.Final" traceId= spanId=
ts=2026-03-22T13:10:48.517+01:00 level=INFO service=blockchain-services env=default thread=main logger=d.b.service.BackendUrlResolver msg="BackendUrlResolver initialized: serverName='', httpsPort='', baseDomain='https://gateway.example/'" traceId= spanId=
ts=2026-03-22T13:10:50.826+01:00 level=WARN service=blockchain-services env=default thread=main logger=o.s.b.s.a.UserDetailsServiceAutoConfiguration msg="\n\nUsing generated security password: f695c228-4059-4281-8e60-473fcdfa59df\n\nThis generated password is for development use only. Your security configuration must be updated before running your application in production.\n" traceId= spanId=
ts=2026-03-22T13:10:55.218+01:00 level=INFO service=blockchain-services env=default thread=main logger=o.s.b.a.e.web.EndpointLinksResolver msg="Exposing 1 endpoint beneath base path '/actuator'" traceId= spanId=
ts=2026-03-22T13:10:55.513+01:00 level=INFO service=blockchain-services env=default thread=main logger=d.b.c.b.BillingAdminControllerIntegrationTest msg="Started BillingAdminControllerIntegrationTest in 15.009 seconds (process running for 18.723)" traceId= spanId=
ts=2026-03-22T13:10:56.174+01:00 level=INFO service=blockchain-services env=default thread=main logger=o.s.b.t.m.w.SpringBootMockServletContext msg="Initializing Spring TestDispatcherServlet ''" traceId= spanId=
ts=2026-03-22T13:10:56.174+01:00 level=INFO service=blockchain-services env=default thread=main logger=o.s.t.w.s.TestDispatcherServlet msg="Initializing Servlet ''" traceId= spanId=
ts=2026-03-22T13:10:56.176+01:00 level=INFO service=blockchain-services env=default thread=main logger=o.s.t.w.s.TestDispatcherServlet msg="Completed initialization in 1 ms" traceId= spanId=
ts=2026-03-22T13:10:56.465+01:00 level=WARN service=blockchain-services env=default thread=main logger=d.b.security.LocalhostOnlyFilter msg="Blocked non-localhost request: path=, clientIp=198.51.100.20" traceId= spanId=
ts=2026-03-22T13:10:56.526+01:00 level=INFO service=blockchain-services env=default thread=main logger=o.s.b.t.m.w.SpringBootMockServletContext msg="Initializing Spring TestDispatcherServlet ''" traceId= spanId=
ts=2026-03-22T13:10:56.526+01:00 level=INFO service=blockchain-services env=default thread=main logger=o.s.t.w.s.TestDispatcherServlet msg="Initializing Servlet ''" traceId= spanId=
ts=2026-03-22T13:10:56.529+01:00 level=INFO service=blockchain-services env=default thread=main logger=o.s.t.w.s.TestDispatcherServlet msg="Completed initialization in 3 ms" traceId= spanId=
ts=2026-03-22T13:10:56.780+01:00 level=INFO service=blockchain-services env=default thread=main logger=o.s.b.t.m.w.SpringBootMockServletContext msg="Initializing Spring TestDispatcherServlet ''" traceId= spanId=
ts=2026-03-22T13:10:56.781+01:00 level=INFO service=blockchain-services env=default thread=main logger=o.s.t.w.s.TestDispatcherServlet msg="Initializing Servlet ''" traceId= spanId=
ts=2026-03-22T13:10:56.783+01:00 level=INFO service=blockchain-services env=default thread=main logger=o.s.t.w.s.TestDispatcherServlet msg="Completed initialization in 2 ms" traceId= spanId=
ts=2026-03-22T13:10:57.201+01:00 level=INFO service=blockchain-services env=default thread=main logger=d.b.c.billing.BillingAdminController msg="Received server-side provider payout request for lab 3" traceId= spanId=
ts=2026-03-22T13:10:57.211+01:00 level=WARN service=blockchain-services env=default thread=main logger=d.b.c.billing.BillingAdminController msg="Server-side provider payout request failed: collect failed" traceId= spanId=
ts=2026-03-22T13:10:57.462+01:00 level=INFO service=blockchain-services env=default thread=main logger=o.s.b.t.m.w.SpringBootMockServletContext msg="Initializing Spring TestDispatcherServlet ''" traceId= spanId=
ts=2026-03-22T13:10:57.462+01:00 level=INFO service=blockchain-services env=default thread=main logger=o.s.t.w.s.TestDispatcherServlet msg="Initializing Servlet ''" traceId= spanId=
ts=2026-03-22T13:10:57.464+01:00 level=INFO service=blockchain-services env=default thread=main logger=o.s.t.w.s.TestDispatcherServlet msg="Completed initialization in 2 ms" traceId= spanId=
ts=2026-03-22T13:10:57.485+01:00 level=INFO service=blockchain-services env=default thread=main logger=o.s.b.t.m.w.SpringBootMockServletContext msg="Initializing Spring TestDispatcherServlet ''" traceId= spanId=
ts=2026-03-22T13:10:57.486+01:00 level=INFO service=blockchain-services env=default thread=main logger=o.s.t.w.s.TestDispatcherServlet msg="Initializing Servlet ''" traceId= spanId=
ts=2026-03-22T13:10:57.489+01:00 level=INFO service=blockchain-services env=default thread=main logger=o.s.t.w.s.TestDispatcherServlet msg="Completed initialization in 3 ms" traceId= spanId=
ts=2026-03-22T13:10:57.510+01:00 level=INFO service=blockchain-services env=default thread=main logger=d.b.c.billing.BillingAdminController msg="Received institutional admin request: AUTHORIZE_BACKEND" traceId= spanId=
ts=2026-03-22T13:10:57.511+01:00 level=INFO service=blockchain-services env=default thread=main logger=d.b.c.billing.BillingAdminController msg="Admin operation AUTHORIZE_BACKEND completed successfully. Tx: 0xabc" traceId= spanId=
[INFO] Tests run: 5, Failures: 0, Errors: 0, Skipped: 0, Time elapsed: 18.47 s -- in decentralabs.blockchain.controller.billing.BillingAdminControllerIntegrationTest
[INFO] Running decentralabs.blockchain.controller.billing.BillingAdminControllerTest

  .   ____          _            __ _ _
 /\\ / ___'_ __ _ _(_)_ __  __ _ \ \ \ \
( ( )\___ | '_ | '_| | '_ \/ _` | \ \ \ \
 \\/  ___)| |_)| | | | | || (_| |  ) ) ) )
  '  |____| .__|_| |_|_| |_\__, | / / / /
 =========|_|==============|___/=/_/_/_/

 :: Spring Boot ::                (v4.0.3)

ts=2026-03-22T13:11:03.775+01:00 level=INFO service=blockchain-services env=default thread=main logger=d.b.c.b.BillingAdminControllerTest msg="Starting BillingAdminControllerTest using Java 21.0.9 with PID 35336 (started by ldela in C:\Repos\Lab Gateway\blockchain-services)" traceId= spanId=
ts=2026-03-22T13:11:03.788+01:00 level=INFO service=blockchain-services env=default thread=main logger=d.b.c.b.BillingAdminControllerTest msg="No active profile set, falling back to 1 default profile: "default"" traceId= spanId=
ts=2026-03-22T13:11:04.539+01:00 level=INFO service=blockchain-services env=default thread=background-preinit logger=o.h.validator.internal.util.Version msg="HV000001: Hibernate Validator 9.0.1.Final" traceId= spanId=
ts=2026-03-22T13:11:08.114+01:00 level=INFO service=blockchain-services env=default thread=main logger=d.b.c.b.BillingAdminControllerTest msg="Started BillingAdminControllerTest in 5.646 seconds (process running for 10.005)" traceId= spanId=
ts=2026-03-22T13:11:10.038+01:00 level=INFO service=blockchain-services env=default thread=main logger=o.s.mock.web.MockServletContext msg="Initializing Spring TestDispatcherServlet ''" traceId= spanId=
ts=2026-03-22T13:11:10.039+01:00 level=INFO service=blockchain-services env=default thread=main logger=o.s.t.w.s.TestDispatcherServlet msg="Initializing Servlet ''" traceId= spanId=
ts=2026-03-22T13:11:10.042+01:00 level=INFO service=blockchain-services env=default thread=main logger=o.s.t.w.s.TestDispatcherServlet msg="Completed initialization in 2 ms" traceId= spanId=
ts=2026-03-22T13:11:10.928+01:00 level=INFO service=blockchain-services env=default thread=main logger=d.b.c.billing.BillingAdminController msg="Received institutional admin request: AUTHORIZE_BACKEND" traceId= spanId=
ts=2026-03-22T13:11:10.947+01:00 level=INFO service=blockchain-services env=default thread=main logger=d.b.c.billing.BillingAdminController msg="Admin operation AUTHORIZE_BACKEND completed successfully. Tx: 0x1" traceId= spanId=
ts=2026-03-22T13:11:11.362+01:00 level=INFO service=blockchain-services env=default thread=main logger=o.s.mock.web.MockServletContext msg="Initializing Spring TestDispatcherServlet ''" traceId= spanId=
ts=2026-03-22T13:11:11.362+01:00 level=INFO service=blockchain-services env=default thread=main logger=o.s.t.w.s.TestDispatcherServlet msg="Initializing Servlet ''" traceId= spanId=
ts=2026-03-22T13:11:11.363+01:00 level=INFO service=blockchain-services env=default thread=main logger=o.s.t.w.s.TestDispatcherServlet msg="Completed initialization in 0 ms" traceId= spanId=
ts=2026-03-22T13:11:11.381+01:00 level=INFO service=blockchain-services env=default thread=main logger=d.b.c.billing.BillingAdminController msg="Received server-side provider payout request for lab 3" traceId= spanId=
ts=2026-03-22T13:11:11.386+01:00 level=WARN service=blockchain-services env=default thread=main logger=d.b.c.billing.BillingAdminController msg="Server-side provider payout request failed: collect failed" traceId= spanId=
ts=2026-03-22T13:11:11.426+01:00 level=INFO service=blockchain-services env=default thread=main logger=o.s.mock.web.MockServletContext msg="Initializing Spring TestDispatcherServlet ''" traceId= spanId=
ts=2026-03-22T13:11:11.426+01:00 level=INFO service=blockchain-services env=default thread=main logger=o.s.t.w.s.TestDispatcherServlet msg="Initializing Servlet ''" traceId= spanId=
ts=2026-03-22T13:11:11.426+01:00 level=INFO service=blockchain-services env=default thread=main logger=o.s.t.w.s.TestDispatcherServlet msg="Completed initialization in 0 ms" traceId= spanId=
ts=2026-03-22T13:11:11.441+01:00 level=INFO service=blockchain-services env=default thread=main logger=d.b.c.billing.BillingAdminController msg="Received institutional admin request: AUTHORIZE_BACKEND" traceId= spanId=
ts=2026-03-22T13:11:11.442+01:00 level=WARN service=blockchain-services env=default thread=main logger=d.b.c.billing.BillingAdminController msg="Admin operation AUTHORIZE_BACKEND failed: nope" traceId= spanId=
ts=2026-03-22T13:11:11.475+01:00 level=INFO service=blockchain-services env=default thread=main logger=o.s.mock.web.MockServletContext msg="Initializing Spring TestDispatcherServlet ''" traceId= spanId=
ts=2026-03-22T13:11:11.475+01:00 level=INFO service=blockchain-services env=default thread=main logger=o.s.t.w.s.TestDispatcherServlet msg="Initializing Servlet ''" traceId= spanId=
ts=2026-03-22T13:11:11.476+01:00 level=INFO service=blockchain-services env=default thread=main logger=o.s.t.w.s.TestDispatcherServlet msg="Completed initialization in 1 ms" traceId= spanId=
ts=2026-03-22T13:11:11.493+01:00 level=INFO service=blockchain-services env=default thread=main logger=d.b.c.billing.BillingAdminController msg="Received server-side provider payout request for lab 3" traceId= spanId=
ts=2026-03-22T13:11:11.494+01:00 level=INFO service=blockchain-services env=default thread=main logger=d.b.c.billing.BillingAdminController msg="Server-side provider payout request completed. Tx: 0xcollect" traceId= spanId=
ts=2026-03-22T13:11:11.528+01:00 level=INFO service=blockchain-services env=default thread=main logger=o.s.mock.web.MockServletContext msg="Initializing Spring TestDispatcherServlet ''" traceId= spanId=
ts=2026-03-22T13:11:11.529+01:00 level=INFO service=blockchain-services env=default thread=main logger=o.s.t.w.s.TestDispatcherServlet msg="Initializing Servlet ''" traceId= spanId=
ts=2026-03-22T13:11:11.529+01:00 level=INFO service=blockchain-services env=default thread=main logger=o.s.t.w.s.TestDispatcherServlet msg="Completed initialization in 0 ms" traceId= spanId=
ts=2026-03-22T13:11:11.556+01:00 level=INFO service=blockchain-services env=default thread=main logger=d.b.c.billing.BillingAdminController msg="Received institutional admin request: AUTHORIZE_BACKEND" traceId= spanId=
ts=2026-03-22T13:11:11.559+01:00 level=ERROR service=blockchain-services env=default thread=main logger=d.b.c.billing.BillingAdminController msg="Error processing admin request: boom" traceId= spanId=
java.lang.RuntimeException: boom
	at decentralabs.blockchain.service.billing.InstitutionalAdminService.executeAdminOperation(InstitutionalAdminService.java:103)
	at decentralabs.blockchain.controller.billing.BillingAdminController.executeAdminOperation(BillingAdminController.java:36)
	at java.base/jdk.internal.reflect.DirectMethodHandleAccessor.invoke(DirectMethodHandleAccessor.java:103)
	at java.base/java.lang.reflect.Method.invoke(Method.java:580)
	at org.springframework.web.method.support.InvocableHandlerMethod.doInvoke(InvocableHandlerMethod.java:252)
	at org.springframework.web.method.support.InvocableHandlerMethod.invokeForRequest(InvocableHandlerMethod.java:184)
	at org.springframework.web.servlet.mvc.method.annotation.ServletInvocableHandlerMethod.invokeAndHandle(ServletInvocableHandlerMethod.java:117)
	at org.springframework.web.servlet.mvc.method.annotation.RequestMappingHandlerAdapter.invokeHandlerMethod(RequestMappingHandlerAdapter.java:934)
	at org.springframework.web.servlet.mvc.method.annotation.RequestMappingHandlerAdapter.handleInternal(RequestMappingHandlerAdapter.java:853)
	at org.springframework.web.servlet.mvc.method.AbstractHandlerMethodAdapter.handle(AbstractHandlerMethodAdapter.java:86)
	at org.springframework.web.servlet.DispatcherServlet.doDispatch(DispatcherServlet.java:963)
	at org.springframework.web.servlet.DispatcherServlet.doService(DispatcherServlet.java:866)
	at org.springframework.web.servlet.FrameworkServlet.processRequest(FrameworkServlet.java:1000)
	at org.springframework.web.servlet.FrameworkServlet.doPost(FrameworkServlet.java:903)
	at jakarta.servlet.http.HttpServlet.service(HttpServlet.java:649)
	at org.springframework.web.servlet.FrameworkServlet.service(FrameworkServlet.java:874)
	at org.springframework.test.web.servlet.TestDispatcherServlet.service(TestDispatcherServlet.java:72)
	at jakarta.servlet.http.HttpServlet.service(HttpServlet.java:710)
	at org.springframework.mock.web.MockFilterChain$ServletFilterProxy.doFilter(MockFilterChain.java:160)
	at org.springframework.mock.web.MockFilterChain.doFilter(MockFilterChain.java:127)
	at org.springframework.test.web.servlet.MockMvc.perform(MockMvc.java:199)
	at decentralabs.blockchain.controller.billing.BillingAdminControllerTest.executeAdminOperationReturnsServerErrorOnException(BillingAdminControllerTest.java:115)
	at java.base/jdk.internal.reflect.DirectMethodHandleAccessor.invoke(DirectMethodHandleAccessor.java:103)
	at java.base/java.lang.reflect.Method.invoke(Method.java:580)
	at org.junit.platform.commons.util.ReflectionUtils.invokeMethod(ReflectionUtils.java:701)
	at org.junit.platform.commons.support.ReflectionSupport.invokeMethod(ReflectionSupport.java:502)
	at org.junit.jupiter.engine.support.MethodReflectionUtils.invoke(MethodReflectionUtils.java:45)
	at org.junit.jupiter.engine.execution.MethodInvocation.proceed(MethodInvocation.java:61)
	at org.junit.jupiter.engine.execution.InvocationInterceptorChain$ValidatingInvocation.proceed(InvocationInterceptorChain.java:124)
	at org.junit.jupiter.engine.extension.TimeoutExtension.intercept(TimeoutExtension.java:163)
	at org.junit.jupiter.engine.extension.TimeoutExtension.interceptTestableMethod(TimeoutExtension.java:148)
	at org.junit.jupiter.engine.extension.TimeoutExtension.interceptTestMethod(TimeoutExtension.java:86)
	at org.junit.jupiter.engine.execution.InterceptingExecutableInvoker$ReflectiveInterceptorCall.lambda$ofVoidMethod$0(InterceptingExecutableInvoker.java:123)
	at org.junit.jupiter.engine.execution.InterceptingExecutableInvoker.lambda$invoke$0(InterceptingExecutableInvoker.java:105)
	at org.junit.jupiter.engine.execution.InvocationInterceptorChain$InterceptedInvocation.proceed(InvocationInterceptorChain.java:99)
	at org.junit.jupiter.engine.execution.InvocationInterceptorChain.proceed(InvocationInterceptorChain.java:66)
	at org.junit.jupiter.engine.execution.InvocationInterceptorChain.chainAndInvoke(InvocationInterceptorChain.java:47)
	at org.junit.jupiter.engine.execution.InvocationInterceptorChain.invoke(InvocationInterceptorChain.java:39)
	at org.junit.jupiter.engine.execution.InterceptingExecutableInvoker.invoke(InterceptingExecutableInvoker.java:104)
	at org.junit.jupiter.engine.execution.InterceptingExecutableInvoker.invoke(InterceptingExecutableInvoker.java:98)
	at org.junit.jupiter.engine.execution.InterceptingExecutableInvoker.invokeVoid(InterceptingExecutableInvoker.java:71)
	at org.junit.jupiter.engine.descriptor.TestMethodTestDescriptor.lambda$invokeTestMethod$0(TestMethodTestDescriptor.java:219)
	at org.junit.platform.engine.support.hierarchical.ThrowableCollector.execute(ThrowableCollector.java:74)
	at org.junit.jupiter.engine.descriptor.TestMethodTestDescriptor.invokeTestMethod(TestMethodTestDescriptor.java:215)
	at org.junit.jupiter.engine.descriptor.TestMethodTestDescriptor.execute(TestMethodTestDescriptor.java:157)
	at org.junit.jupiter.engine.descriptor.TestMethodTestDescriptor.execute(TestMethodTestDescriptor.java:70)
	at org.junit.platform.engine.support.hierarchical.NodeTestTask.lambda$executeRecursively$2(NodeTestTask.java:176)
	at org.junit.platform.engine.support.hierarchical.ThrowableCollector.execute(ThrowableCollector.java:74)
	at org.junit.platform.engine.support.hierarchical.NodeTestTask.lambda$executeRecursively$1(NodeTestTask.java:166)
	at org.junit.platform.engine.support.hierarchical.Node.around(Node.java:138)
	at org.junit.platform.engine.support.hierarchical.NodeTestTask.lambda$executeRecursively$0(NodeTestTask.java:164)
	at org.junit.platform.engine.support.hierarchical.ThrowableCollector.execute(ThrowableCollector.java:74)
	at org.junit.platform.engine.support.hierarchical.NodeTestTask.executeRecursively(NodeTestTask.java:163)
	at org.junit.platform.engine.support.hierarchical.NodeTestTask.execute(NodeTestTask.java:116)
	at java.base/java.util.ArrayList.forEach(ArrayList.java:1596)
	at org.junit.platform.engine.support.hierarchical.SameThreadHierarchicalTestExecutorService.invokeAll(SameThreadHierarchicalTestExecutorService.java:42)
	at org.junit.platform.engine.support.hierarchical.NodeTestTask.lambda$executeRecursively$2(NodeTestTask.java:180)
	at org.junit.platform.engine.support.hierarchical.ThrowableCollector.execute(ThrowableCollector.java:74)
	at org.junit.platform.engine.support.hierarchical.NodeTestTask.lambda$executeRecursively$1(NodeTestTask.java:166)
	at org.junit.platform.engine.support.hierarchical.Node.around(Node.java:138)
	at org.junit.platform.engine.support.hierarchical.NodeTestTask.lambda$executeRecursively$0(NodeTestTask.java:164)
	at org.junit.platform.engine.support.hierarchical.ThrowableCollector.execute(ThrowableCollector.java:74)
	at org.junit.platform.engine.support.hierarchical.NodeTestTask.executeRecursively(NodeTestTask.java:163)
	at org.junit.platform.engine.support.hierarchical.NodeTestTask.execute(NodeTestTask.java:116)
	at java.base/java.util.ArrayList.forEach(ArrayList.java:1596)
	at org.junit.platform.engine.support.hierarchical.SameThreadHierarchicalTestExecutorService.invokeAll(SameThreadHierarchicalTestExecutorService.java:42)
	at org.junit.platform.engine.support.hierarchical.NodeTestTask.lambda$executeRecursively$2(NodeTestTask.java:180)
	at org.junit.platform.engine.support.hierarchical.ThrowableCollector.execute(ThrowableCollector.java:74)
	at org.junit.platform.engine.support.hierarchical.NodeTestTask.lambda$executeRecursively$1(NodeTestTask.java:166)
	at org.junit.platform.engine.support.hierarchical.Node.around(Node.java:138)
	at org.junit.platform.engine.support.hierarchical.NodeTestTask.lambda$executeRecursively$0(NodeTestTask.java:164)
	at org.junit.platform.engine.support.hierarchical.ThrowableCollector.execute(ThrowableCollector.java:74)
	at org.junit.platform.engine.support.hierarchical.NodeTestTask.executeRecursively(NodeTestTask.java:163)
	at org.junit.platform.engine.support.hierarchical.NodeTestTask.execute(NodeTestTask.java:116)
	at org.junit.platform.engine.support.hierarchical.SameThreadHierarchicalTestExecutorService.submit(SameThreadHierarchicalTestExecutorService.java:36)
	at org.junit.platform.engine.support.hierarchical.HierarchicalTestExecutor.execute(HierarchicalTestExecutor.java:52)
	at org.junit.platform.engine.support.hierarchical.HierarchicalTestEngine.execute(HierarchicalTestEngine.java:58)
	at org.junit.platform.launcher.core.EngineExecutionOrchestrator.executeEngine(EngineExecutionOrchestrator.java:246)
	at org.junit.platform.launcher.core.EngineExecutionOrchestrator.failOrExecuteEngine(EngineExecutionOrchestrator.java:218)
	at org.junit.platform.launcher.core.EngineExecutionOrchestrator.execute(EngineExecutionOrchestrator.java:179)
	at org.junit.platform.launcher.core.EngineExecutionOrchestrator.execute(EngineExecutionOrchestrator.java:108)
	at org.junit.platform.launcher.core.EngineExecutionOrchestrator.lambda$execute$0(EngineExecutionOrchestrator.java:66)
	at org.junit.platform.launcher.core.EngineExecutionOrchestrator.withInterceptedStreams(EngineExecutionOrchestrator.java:157)
	at org.junit.platform.launcher.core.EngineExecutionOrchestrator.execute(EngineExecutionOrchestrator.java:65)
	at org.junit.platform.launcher.core.DefaultLauncher.execute(DefaultLauncher.java:125)
	at org.junit.platform.launcher.core.DefaultLauncher.execute(DefaultLauncher.java:114)
	at org.junit.platform.launcher.core.DelegatingLauncher.execute(DelegatingLauncher.java:58)
	at org.junit.platform.launcher.core.InterceptingLauncher.lambda$execute$2(InterceptingLauncher.java:57)
	at org.junit.platform.launcher.core.ClasspathAlignmentCheckingLauncherInterceptor.intercept(ClasspathAlignmentCheckingLauncherInterceptor.java:25)
	at org.junit.platform.launcher.core.InterceptingLauncher.execute(InterceptingLauncher.java:56)
	at org.junit.platform.launcher.core.DelegatingLauncher.execute(DelegatingLauncher.java:58)
	at java.base/jdk.internal.reflect.DirectMethodHandleAccessor.invoke(DirectMethodHandleAccessor.java:103)
	at java.base/java.lang.reflect.Method.invoke(Method.java:580)
	at org.apache.maven.surefire.api.util.ReflectionUtils.invokeMethodWithArray(ReflectionUtils.java:125)
	at org.apache.maven.surefire.junitplatform.LauncherAdapter.executeWithCancellationToken(LauncherAdapter.java:68)
	at org.apache.maven.surefire.junitplatform.LauncherAdapter.execute(LauncherAdapter.java:54)
	at org.apache.maven.surefire.junitplatform.JUnitPlatformProvider.execute(JUnitPlatformProvider.java:203)
	at org.apache.maven.surefire.junitplatform.JUnitPlatformProvider.invokeAllTests(JUnitPlatformProvider.java:168)
	at org.apache.maven.surefire.junitplatform.JUnitPlatformProvider.invoke(JUnitPlatformProvider.java:134)
	at org.apache.maven.surefire.booter.ForkedBooter.runSuitesInProcess(ForkedBooter.java:385)
	at org.apache.maven.surefire.booter.ForkedBooter.execute(ForkedBooter.java:162)
	at org.apache.maven.surefire.booter.ForkedBooter.run(ForkedBooter.java:507)
	at org.apache.maven.surefire.booter.ForkedBooter.main(ForkedBooter.java:495)
[INFO] Tests run: 5, Failures: 0, Errors: 0, Skipped: 0, Time elapsed: 11.12 s -- in decentralabs.blockchain.controller.billing.BillingAdminControllerTest
[INFO] Running decentralabs.blockchain.controller.billing.NotificationAdminControllerTest
[INFO] Running Update Config Endpoint Tests
13:11:19.357 [main] INFO org.hibernate.validator.internal.util.Version -- HV000001: Hibernate Validator 9.0.1.Final
13:11:21.382 [main] INFO org.springframework.mock.web.MockServletContext -- Initializing Spring TestDispatcherServlet ''
13:11:21.386 [main] INFO org.springframework.test.web.servlet.TestDispatcherServlet -- Initializing Servlet ''
13:11:21.396 [main] INFO org.springframework.test.web.servlet.TestDispatcherServlet -- Completed initialization in 7 ms
13:11:22.924 [main] INFO org.springframework.mock.web.MockServletContext -- Initializing Spring TestDispatcherServlet ''
13:11:22.925 [main] INFO org.springframework.test.web.servlet.TestDispatcherServlet -- Initializing Servlet ''
13:11:22.925 [main] INFO org.springframework.test.web.servlet.TestDispatcherServlet -- Completed initialization in 0 ms
13:11:22.961 [main] ERROR decentralabs.blockchain.controller.billing.NotificationAdminController -- Failed to update notification config: Database error
java.lang.RuntimeException: Database error
	at decentralabs.blockchain.notification.NotificationConfigService.updateMailConfig(NotificationConfigService.java:36)
	at decentralabs.blockchain.controller.billing.NotificationAdminController.updateConfig(NotificationAdminController.java:81)
	at java.base/jdk.internal.reflect.DirectMethodHandleAccessor.invoke(DirectMethodHandleAccessor.java:103)
	at java.base/java.lang.reflect.Method.invoke(Method.java:580)
	at org.springframework.web.method.support.InvocableHandlerMethod.doInvoke(InvocableHandlerMethod.java:252)
	at org.springframework.web.method.support.InvocableHandlerMethod.invokeForRequest(InvocableHandlerMethod.java:184)
	at org.springframework.web.servlet.mvc.method.annotation.ServletInvocableHandlerMethod.invokeAndHandle(ServletInvocableHandlerMethod.java:117)
	at org.springframework.web.servlet.mvc.method.annotation.RequestMappingHandlerAdapter.invokeHandlerMethod(RequestMappingHandlerAdapter.java:934)
	at org.springframework.web.servlet.mvc.method.annotation.RequestMappingHandlerAdapter.handleInternal(RequestMappingHandlerAdapter.java:853)
	at org.springframework.web.servlet.mvc.method.AbstractHandlerMethodAdapter.handle(AbstractHandlerMethodAdapter.java:86)
	at org.springframework.web.servlet.DispatcherServlet.doDispatch(DispatcherServlet.java:963)
	at org.springframework.web.servlet.DispatcherServlet.doService(DispatcherServlet.java:866)
	at org.springframework.web.servlet.FrameworkServlet.processRequest(FrameworkServlet.java:1000)
	at org.springframework.web.servlet.FrameworkServlet.doPost(FrameworkServlet.java:903)
	at jakarta.servlet.http.HttpServlet.service(HttpServlet.java:649)
	at org.springframework.web.servlet.FrameworkServlet.service(FrameworkServlet.java:874)
	at org.springframework.test.web.servlet.TestDispatcherServlet.service(TestDispatcherServlet.java:72)
	at jakarta.servlet.http.HttpServlet.service(HttpServlet.java:710)
	at org.springframework.mock.web.MockFilterChain$ServletFilterProxy.doFilter(MockFilterChain.java:160)
	at org.springframework.mock.web.MockFilterChain.doFilter(MockFilterChain.java:127)
	at org.springframework.test.web.servlet.MockMvc.perform(MockMvc.java:199)
	at decentralabs.blockchain.controller.billing.NotificationAdminControllerTest$UpdateConfigTests.shouldHandleErrorDuringUpdate(NotificationAdminControllerTest.java:162)
	at java.base/jdk.internal.reflect.DirectMethodHandleAccessor.invoke(DirectMethodHandleAccessor.java:103)
	at java.base/java.lang.reflect.Method.invoke(Method.java:580)
	at org.junit.platform.commons.util.ReflectionUtils.invokeMethod(ReflectionUtils.java:701)
	at org.junit.platform.commons.support.ReflectionSupport.invokeMethod(ReflectionSupport.java:502)
	at org.junit.jupiter.engine.support.MethodReflectionUtils.invoke(MethodReflectionUtils.java:45)
	at org.junit.jupiter.engine.execution.MethodInvocation.proceed(MethodInvocation.java:61)
	at org.junit.jupiter.engine.execution.InvocationInterceptorChain$ValidatingInvocation.proceed(InvocationInterceptorChain.java:124)
	at org.junit.jupiter.engine.extension.TimeoutExtension.intercept(TimeoutExtension.java:163)
	at org.junit.jupiter.engine.extension.TimeoutExtension.interceptTestableMethod(TimeoutExtension.java:148)
	at org.junit.jupiter.engine.extension.TimeoutExtension.interceptTestMethod(TimeoutExtension.java:86)
	at org.junit.jupiter.engine.execution.InterceptingExecutableInvoker$ReflectiveInterceptorCall.lambda$ofVoidMethod$0(InterceptingExecutableInvoker.java:123)
	at org.junit.jupiter.engine.execution.InterceptingExecutableInvoker.lambda$invoke$0(InterceptingExecutableInvoker.java:105)
	at org.junit.jupiter.engine.execution.InvocationInterceptorChain$InterceptedInvocation.proceed(InvocationInterceptorChain.java:99)
	at org.junit.jupiter.engine.execution.InvocationInterceptorChain.proceed(InvocationInterceptorChain.java:66)
	at org.junit.jupiter.engine.execution.InvocationInterceptorChain.chainAndInvoke(InvocationInterceptorChain.java:47)
	at org.junit.jupiter.engine.execution.InvocationInterceptorChain.invoke(InvocationInterceptorChain.java:39)
	at org.junit.jupiter.engine.execution.InterceptingExecutableInvoker.invoke(InterceptingExecutableInvoker.java:104)
	at org.junit.jupiter.engine.execution.InterceptingExecutableInvoker.invoke(InterceptingExecutableInvoker.java:98)
	at org.junit.jupiter.engine.execution.InterceptingExecutableInvoker.invokeVoid(InterceptingExecutableInvoker.java:71)
	at org.junit.jupiter.engine.descriptor.TestMethodTestDescriptor.lambda$invokeTestMethod$0(TestMethodTestDescriptor.java:219)
	at org.junit.platform.engine.support.hierarchical.ThrowableCollector.execute(ThrowableCollector.java:74)
	at org.junit.jupiter.engine.descriptor.TestMethodTestDescriptor.invokeTestMethod(TestMethodTestDescriptor.java:215)
	at org.junit.jupiter.engine.descriptor.TestMethodTestDescriptor.execute(TestMethodTestDescriptor.java:157)
	at org.junit.jupiter.engine.descriptor.TestMethodTestDescriptor.execute(TestMethodTestDescriptor.java:70)
	at org.junit.platform.engine.support.hierarchical.NodeTestTask.lambda$executeRecursively$2(NodeTestTask.java:176)
	at org.junit.platform.engine.support.hierarchical.ThrowableCollector.execute(ThrowableCollector.java:74)
	at org.junit.platform.engine.support.hierarchical.NodeTestTask.lambda$executeRecursively$1(NodeTestTask.java:166)
	at org.junit.platform.engine.support.hierarchical.Node.around(Node.java:138)
	at org.junit.platform.engine.support.hierarchical.NodeTestTask.lambda$executeRecursively$0(NodeTestTask.java:164)
	at org.junit.platform.engine.support.hierarchical.ThrowableCollector.execute(ThrowableCollector.java:74)
	at org.junit.platform.engine.support.hierarchical.NodeTestTask.executeRecursively(NodeTestTask.java:163)
	at org.junit.platform.engine.support.hierarchical.NodeTestTask.execute(NodeTestTask.java:116)
	at java.base/java.util.ArrayList.forEach(ArrayList.java:1596)
	at org.junit.platform.engine.support.hierarchical.SameThreadHierarchicalTestExecutorService.invokeAll(SameThreadHierarchicalTestExecutorService.java:42)
	at org.junit.platform.engine.support.hierarchical.NodeTestTask.lambda$executeRecursively$2(NodeTestTask.java:180)
	at org.junit.platform.engine.support.hierarchical.ThrowableCollector.execute(ThrowableCollector.java:74)
	at org.junit.platform.engine.support.hierarchical.NodeTestTask.lambda$executeRecursively$1(NodeTestTask.java:166)
	at org.junit.platform.engine.support.hierarchical.Node.around(Node.java:138)
	at org.junit.platform.engine.support.hierarchical.NodeTestTask.lambda$executeRecursively$0(NodeTestTask.java:164)
	at org.junit.platform.engine.support.hierarchical.ThrowableCollector.execute(ThrowableCollector.java:74)
	at org.junit.platform.engine.support.hierarchical.NodeTestTask.executeRecursively(NodeTestTask.java:163)
	at org.junit.platform.engine.support.hierarchical.NodeTestTask.execute(NodeTestTask.java:116)
	at java.base/java.util.ArrayList.forEach(ArrayList.java:1596)
	at org.junit.platform.engine.support.hierarchical.SameThreadHierarchicalTestExecutorService.invokeAll(SameThreadHierarchicalTestExecutorService.java:42)
	at org.junit.platform.engine.support.hierarchical.NodeTestTask.lambda$executeRecursively$2(NodeTestTask.java:180)
	at org.junit.platform.engine.support.hierarchical.ThrowableCollector.execute(ThrowableCollector.java:74)
	at org.junit.platform.engine.support.hierarchical.NodeTestTask.lambda$executeRecursively$1(NodeTestTask.java:166)
	at org.junit.platform.engine.support.hierarchical.Node.around(Node.java:138)
	at org.junit.platform.engine.support.hierarchical.NodeTestTask.lambda$executeRecursively$0(NodeTestTask.java:164)
	at org.junit.platform.engine.support.hierarchical.ThrowableCollector.execute(ThrowableCollector.java:74)
	at org.junit.platform.engine.support.hierarchical.NodeTestTask.executeRecursively(NodeTestTask.java:163)
	at org.junit.platform.engine.support.hierarchical.NodeTestTask.execute(NodeTestTask.java:116)
	at java.base/java.util.ArrayList.forEach(ArrayList.java:1596)
	at org.junit.platform.engine.support.hierarchical.SameThreadHierarchicalTestExecutorService.invokeAll(SameThreadHierarchicalTestExecutorService.java:42)
	at org.junit.platform.engine.support.hierarchical.NodeTestTask.lambda$executeRecursively$2(NodeTestTask.java:180)
	at org.junit.platform.engine.support.hierarchical.ThrowableCollector.execute(ThrowableCollector.java:74)
	at org.junit.platform.engine.support.hierarchical.NodeTestTask.lambda$executeRecursively$1(NodeTestTask.java:166)
	at org.junit.platform.engine.support.hierarchical.Node.around(Node.java:138)
	at org.junit.platform.engine.support.hierarchical.NodeTestTask.lambda$executeRecursively$0(NodeTestTask.java:164)
	at org.junit.platform.engine.support.hierarchical.ThrowableCollector.execute(ThrowableCollector.java:74)
	at org.junit.platform.engine.support.hierarchical.NodeTestTask.executeRecursively(NodeTestTask.java:163)
	at org.junit.platform.engine.support.hierarchical.NodeTestTask.execute(NodeTestTask.java:116)
	at org.junit.platform.engine.support.hierarchical.SameThreadHierarchicalTestExecutorService.submit(SameThreadHierarchicalTestExecutorService.java:36)
	at org.junit.platform.engine.support.hierarchical.HierarchicalTestExecutor.execute(HierarchicalTestExecutor.java:52)
	at org.junit.platform.engine.support.hierarchical.HierarchicalTestEngine.execute(HierarchicalTestEngine.java:58)
	at org.junit.platform.launcher.core.EngineExecutionOrchestrator.executeEngine(EngineExecutionOrchestrator.java:246)
	at org.junit.platform.launcher.core.EngineExecutionOrchestrator.failOrExecuteEngine(EngineExecutionOrchestrator.java:218)
	at org.junit.platform.launcher.core.EngineExecutionOrchestrator.execute(EngineExecutionOrchestrator.java:179)
	at org.junit.platform.launcher.core.EngineExecutionOrchestrator.execute(EngineExecutionOrchestrator.java:108)
	at org.junit.platform.launcher.core.EngineExecutionOrchestrator.lambda$execute$0(EngineExecutionOrchestrator.java:66)
	at org.junit.platform.launcher.core.EngineExecutionOrchestrator.withInterceptedStreams(EngineExecutionOrchestrator.java:157)
	at org.junit.platform.launcher.core.EngineExecutionOrchestrator.execute(EngineExecutionOrchestrator.java:65)
	at org.junit.platform.launcher.core.DefaultLauncher.execute(DefaultLauncher.java:125)
	at org.junit.platform.launcher.core.DefaultLauncher.execute(DefaultLauncher.java:114)
	at org.junit.platform.launcher.core.DelegatingLauncher.execute(DelegatingLauncher.java:58)
	at org.junit.platform.launcher.core.InterceptingLauncher.lambda$execute$2(InterceptingLauncher.java:57)
	at org.junit.platform.launcher.core.ClasspathAlignmentCheckingLauncherInterceptor.intercept(ClasspathAlignmentCheckingLauncherInterceptor.java:25)
	at org.junit.platform.launcher.core.InterceptingLauncher.execute(InterceptingLauncher.java:56)
	at org.junit.platform.launcher.core.DelegatingLauncher.execute(DelegatingLauncher.java:58)
	at java.base/jdk.internal.reflect.DirectMethodHandleAccessor.invoke(DirectMethodHandleAccessor.java:103)
	at java.base/java.lang.reflect.Method.invoke(Method.java:580)
	at org.apache.maven.surefire.api.util.ReflectionUtils.invokeMethodWithArray(ReflectionUtils.java:125)
	at org.apache.maven.surefire.junitplatform.LauncherAdapter.executeWithCancellationToken(LauncherAdapter.java:68)
	at org.apache.maven.surefire.junitplatform.LauncherAdapter.execute(LauncherAdapter.java:54)
	at org.apache.maven.surefire.junitplatform.JUnitPlatformProvider.execute(JUnitPlatformProvider.java:203)
	at org.apache.maven.surefire.junitplatform.JUnitPlatformProvider.invokeAllTests(JUnitPlatformProvider.java:168)
	at org.apache.maven.surefire.junitplatform.JUnitPlatformProvider.invoke(JUnitPlatformProvider.java:134)
	at org.apache.maven.surefire.booter.ForkedBooter.runSuitesInProcess(ForkedBooter.java:385)
	at org.apache.maven.surefire.booter.ForkedBooter.execute(ForkedBooter.java:162)
	at org.apache.maven.surefire.booter.ForkedBooter.run(ForkedBooter.java:507)
	at org.apache.maven.surefire.booter.ForkedBooter.main(ForkedBooter.java:495)
13:11:23.007 [main] INFO org.springframework.mock.web.MockServletContext -- Initializing Spring TestDispatcherServlet ''
13:11:23.007 [main] INFO org.springframework.test.web.servlet.TestDispatcherServlet -- Initializing Servlet ''
13:11:23.008 [main] INFO org.springframework.test.web.servlet.TestDispatcherServlet -- Completed initialization in 0 ms
[INFO] Tests run: 3, Failures: 0, Errors: 0, Skipped: 0, Time elapsed: 9.108 s -- in Update Config Endpoint Tests
[INFO] Running Get Config Endpoint Tests
13:11:23.161 [main] INFO org.springframework.mock.web.MockServletContext -- Initializing Spring TestDispatcherServlet ''
13:11:23.161 [main] INFO org.springframework.test.web.servlet.TestDispatcherServlet -- Initializing Servlet ''
13:11:23.162 [main] INFO org.springframework.test.web.servlet.TestDispatcherServlet -- Completed initialization in 0 ms
[INFO] Tests run: 1, Failures: 0, Errors: 0, Skipped: 0, Time elapsed: 0.040 s -- in Get Config Endpoint Tests
[INFO] Running Access Control Tests
13:11:23.201 [main] INFO org.springframework.mock.web.MockServletContext -- Initializing Spring TestDispatcherServlet ''
13:11:23.201 [main] INFO org.springframework.test.web.servlet.TestDispatcherServlet -- Initializing Servlet ''
13:11:23.201 [main] INFO org.springframework.test.web.servlet.TestDispatcherServlet -- Completed initialization in 0 ms
13:11:23.220 [main] INFO org.springframework.mock.web.MockServletContext -- Initializing Spring TestDispatcherServlet ''
13:11:23.221 [main] INFO org.springframework.test.web.servlet.TestDispatcherServlet -- Initializing Servlet ''
13:11:23.221 [main] INFO org.springframework.test.web.servlet.TestDispatcherServlet -- Completed initialization in 0 ms
13:11:23.262 [main] INFO org.springframework.mock.web.MockServletContext -- Initializing Spring TestDispatcherServlet ''
13:11:23.262 [main] INFO org.springframework.test.web.servlet.TestDispatcherServlet -- Initializing Servlet ''
13:11:23.263 [main] INFO org.springframework.test.web.servlet.TestDispatcherServlet -- Completed initialization in 1 ms
13:11:23.280 [main] INFO org.springframework.mock.web.MockServletContext -- Initializing Spring TestDispatcherServlet ''
13:11:23.280 [main] INFO org.springframework.test.web.servlet.TestDispatcherServlet -- Initializing Servlet ''
13:11:23.281 [main] INFO org.springframework.test.web.servlet.TestDispatcherServlet -- Completed initialization in 1 ms
13:11:23.284 [main] WARN decentralabs.blockchain.controller.billing.NotificationAdminController -- Blocked administrative notification access from non-local address.
[INFO] Tests run: 2, Failures: 0, Errors: 0, Skipped: 0, Time elapsed: 0.111 s -- in Access Control Tests
[INFO] Running Test Notification Endpoint Tests
13:11:23.318 [main] INFO org.springframework.mock.web.MockServletContext -- Initializing Spring TestDispatcherServlet ''
13:11:23.318 [main] INFO org.springframework.test.web.servlet.TestDispatcherServlet -- Initializing Servlet ''
13:11:23.319 [main] INFO org.springframework.test.web.servlet.TestDispatcherServlet -- Completed initialization in 1 ms
13:11:23.355 [main] INFO org.springframework.mock.web.MockServletContext -- Initializing Spring TestDispatcherServlet ''
13:11:23.355 [main] INFO org.springframework.test.web.servlet.TestDispatcherServlet -- Initializing Servlet ''
13:11:23.356 [main] INFO org.springframework.test.web.servlet.TestDispatcherServlet -- Completed initialization in 1 ms
13:11:23.386 [main] INFO org.springframework.mock.web.MockServletContext -- Initializing Spring TestDispatcherServlet ''
13:11:23.386 [main] INFO org.springframework.test.web.servlet.TestDispatcherServlet -- Initializing Servlet ''
13:11:23.386 [main] INFO org.springframework.test.web.servlet.TestDispatcherServlet -- Completed initialization in 0 ms
13:11:23.397 [main] ERROR decentralabs.blockchain.controller.billing.NotificationAdminController -- Failed to send test notification: SMTP connection failed
java.lang.RuntimeException: SMTP connection failed
	at decentralabs.blockchain.notification.MailSenderFactory.resolve(MailSenderFactory.java:40)
	at decentralabs.blockchain.controller.billing.NotificationAdminController.sendTest(NotificationAdminController.java:112)
	at java.base/jdk.internal.reflect.DirectMethodHandleAccessor.invoke(DirectMethodHandleAccessor.java:103)
	at java.base/java.lang.reflect.Method.invoke(Method.java:580)
	at org.springframework.web.method.support.InvocableHandlerMethod.doInvoke(InvocableHandlerMethod.java:252)
	at org.springframework.web.method.support.InvocableHandlerMethod.invokeForRequest(InvocableHandlerMethod.java:184)
	at org.springframework.web.servlet.mvc.method.annotation.ServletInvocableHandlerMethod.invokeAndHandle(ServletInvocableHandlerMethod.java:117)
	at org.springframework.web.servlet.mvc.method.annotation.RequestMappingHandlerAdapter.invokeHandlerMethod(RequestMappingHandlerAdapter.java:934)
	at org.springframework.web.servlet.mvc.method.annotation.RequestMappingHandlerAdapter.handleInternal(RequestMappingHandlerAdapter.java:853)
	at org.springframework.web.servlet.mvc.method.AbstractHandlerMethodAdapter.handle(AbstractHandlerMethodAdapter.java:86)
	at org.springframework.web.servlet.DispatcherServlet.doDispatch(DispatcherServlet.java:963)
	at org.springframework.web.servlet.DispatcherServlet.doService(DispatcherServlet.java:866)
	at org.springframework.web.servlet.FrameworkServlet.processRequest(FrameworkServlet.java:1000)
	at org.springframework.web.servlet.FrameworkServlet.doPost(FrameworkServlet.java:903)
	at jakarta.servlet.http.HttpServlet.service(HttpServlet.java:649)
	at org.springframework.web.servlet.FrameworkServlet.service(FrameworkServlet.java:874)
	at org.springframework.test.web.servlet.TestDispatcherServlet.service(TestDispatcherServlet.java:72)
	at jakarta.servlet.http.HttpServlet.service(HttpServlet.java:710)
	at org.springframework.mock.web.MockFilterChain$ServletFilterProxy.doFilter(MockFilterChain.java:160)
	at org.springframework.mock.web.MockFilterChain.doFilter(MockFilterChain.java:127)
	at org.springframework.test.web.servlet.MockMvc.perform(MockMvc.java:199)
	at decentralabs.blockchain.controller.billing.NotificationAdminControllerTest$TestNotificationTests.shouldHandleErrorDuringSend(NotificationAdminControllerTest.java:231)
	at java.base/jdk.internal.reflect.DirectMethodHandleAccessor.invoke(DirectMethodHandleAccessor.java:103)
	at java.base/java.lang.reflect.Method.invoke(Method.java:580)
	at org.junit.platform.commons.util.ReflectionUtils.invokeMethod(ReflectionUtils.java:701)
	at org.junit.platform.commons.support.ReflectionSupport.invokeMethod(ReflectionSupport.java:502)
	at org.junit.jupiter.engine.support.MethodReflectionUtils.invoke(MethodReflectionUtils.java:45)
	at org.junit.jupiter.engine.execution.MethodInvocation.proceed(MethodInvocation.java:61)
	at org.junit.jupiter.engine.execution.InvocationInterceptorChain$ValidatingInvocation.proceed(InvocationInterceptorChain.java:124)
	at org.junit.jupiter.engine.extension.TimeoutExtension.intercept(TimeoutExtension.java:163)
	at org.junit.jupiter.engine.extension.TimeoutExtension.interceptTestableMethod(TimeoutExtension.java:148)
	at org.junit.jupiter.engine.extension.TimeoutExtension.interceptTestMethod(TimeoutExtension.java:86)
	at org.junit.jupiter.engine.execution.InterceptingExecutableInvoker$ReflectiveInterceptorCall.lambda$ofVoidMethod$0(InterceptingExecutableInvoker.java:123)
	at org.junit.jupiter.engine.execution.InterceptingExecutableInvoker.lambda$invoke$0(InterceptingExecutableInvoker.java:105)
	at org.junit.jupiter.engine.execution.InvocationInterceptorChain$InterceptedInvocation.proceed(InvocationInterceptorChain.java:99)
	at org.junit.jupiter.engine.execution.InvocationInterceptorChain.proceed(InvocationInterceptorChain.java:66)
	at org.junit.jupiter.engine.execution.InvocationInterceptorChain.chainAndInvoke(InvocationInterceptorChain.java:47)
	at org.junit.jupiter.engine.execution.InvocationInterceptorChain.invoke(InvocationInterceptorChain.java:39)
	at org.junit.jupiter.engine.execution.InterceptingExecutableInvoker.invoke(InterceptingExecutableInvoker.java:104)
	at org.junit.jupiter.engine.execution.InterceptingExecutableInvoker.invoke(InterceptingExecutableInvoker.java:98)
	at org.junit.jupiter.engine.execution.InterceptingExecutableInvoker.invokeVoid(InterceptingExecutableInvoker.java:71)
	at org.junit.jupiter.engine.descriptor.TestMethodTestDescriptor.lambda$invokeTestMethod$0(TestMethodTestDescriptor.java:219)
	at org.junit.platform.engine.support.hierarchical.ThrowableCollector.execute(ThrowableCollector.java:74)
	at org.junit.jupiter.engine.descriptor.TestMethodTestDescriptor.invokeTestMethod(TestMethodTestDescriptor.java:215)
	at org.junit.jupiter.engine.descriptor.TestMethodTestDescriptor.execute(TestMethodTestDescriptor.java:157)
	at org.junit.jupiter.engine.descriptor.TestMethodTestDescriptor.execute(TestMethodTestDescriptor.java:70)
	at org.junit.platform.engine.support.hierarchical.NodeTestTask.lambda$executeRecursively$2(NodeTestTask.java:176)
	at org.junit.platform.engine.support.hierarchical.ThrowableCollector.execute(ThrowableCollector.java:74)
	at org.junit.platform.engine.support.hierarchical.NodeTestTask.lambda$executeRecursively$1(NodeTestTask.java:166)
	at org.junit.platform.engine.support.hierarchical.Node.around(Node.java:138)
	at org.junit.platform.engine.support.hierarchical.NodeTestTask.lambda$executeRecursively$0(NodeTestTask.java:164)
	at org.junit.platform.engine.support.hierarchical.ThrowableCollector.execute(ThrowableCollector.java:74)
	at org.junit.platform.engine.support.hierarchical.NodeTestTask.executeRecursively(NodeTestTask.java:163)
	at org.junit.platform.engine.support.hierarchical.NodeTestTask.execute(NodeTestTask.java:116)
	at java.base/java.util.ArrayList.forEach(ArrayList.java:1596)
	at org.junit.platform.engine.support.hierarchical.SameThreadHierarchicalTestExecutorService.invokeAll(SameThreadHierarchicalTestExecutorService.java:42)
	at org.junit.platform.engine.support.hierarchical.NodeTestTask.lambda$executeRecursively$2(NodeTestTask.java:180)
	at org.junit.platform.engine.support.hierarchical.ThrowableCollector.execute(ThrowableCollector.java:74)
	at org.junit.platform.engine.support.hierarchical.NodeTestTask.lambda$executeRecursively$1(NodeTestTask.java:166)
	at org.junit.platform.engine.support.hierarchical.Node.around(Node.java:138)
	at org.junit.platform.engine.support.hierarchical.NodeTestTask.lambda$executeRecursively$0(NodeTestTask.java:164)
	at org.junit.platform.engine.support.hierarchical.ThrowableCollector.execute(ThrowableCollector.java:74)
	at org.junit.platform.engine.support.hierarchical.NodeTestTask.executeRecursively(NodeTestTask.java:163)
	at org.junit.platform.engine.support.hierarchical.NodeTestTask.execute(NodeTestTask.java:116)
	at java.base/java.util.ArrayList.forEach(ArrayList.java:1596)
	at org.junit.platform.engine.support.hierarchical.SameThreadHierarchicalTestExecutorService.invokeAll(SameThreadHierarchicalTestExecutorService.java:42)
	at org.junit.platform.engine.support.hierarchical.NodeTestTask.lambda$executeRecursively$2(NodeTestTask.java:180)
	at org.junit.platform.engine.support.hierarchical.ThrowableCollector.execute(ThrowableCollector.java:74)
	at org.junit.platform.engine.support.hierarchical.NodeTestTask.lambda$executeRecursively$1(NodeTestTask.java:166)
	at org.junit.platform.engine.support.hierarchical.Node.around(Node.java:138)
	at org.junit.platform.engine.support.hierarchical.NodeTestTask.lambda$executeRecursively$0(NodeTestTask.java:164)
	at org.junit.platform.engine.support.hierarchical.ThrowableCollector.execute(ThrowableCollector.java:74)
	at org.junit.platform.engine.support.hierarchical.NodeTestTask.executeRecursively(NodeTestTask.java:163)
	at org.junit.platform.engine.support.hierarchical.NodeTestTask.execute(NodeTestTask.java:116)
	at java.base/java.util.ArrayList.forEach(ArrayList.java:1596)
	at org.junit.platform.engine.support.hierarchical.SameThreadHierarchicalTestExecutorService.invokeAll(SameThreadHierarchicalTestExecutorService.java:42)
	at org.junit.platform.engine.support.hierarchical.NodeTestTask.lambda$executeRecursively$2(NodeTestTask.java:180)
	at org.junit.platform.engine.support.hierarchical.ThrowableCollector.execute(ThrowableCollector.java:74)
	at org.junit.platform.engine.support.hierarchical.NodeTestTask.lambda$executeRecursively$1(NodeTestTask.java:166)
	at org.junit.platform.engine.support.hierarchical.Node.around(Node.java:138)
	at org.junit.platform.engine.support.hierarchical.NodeTestTask.lambda$executeRecursively$0(NodeTestTask.java:164)
	at org.junit.platform.engine.support.hierarchical.ThrowableCollector.execute(ThrowableCollector.java:74)
	at org.junit.platform.engine.support.hierarchical.NodeTestTask.executeRecursively(NodeTestTask.java:163)
	at org.junit.platform.engine.support.hierarchical.NodeTestTask.execute(NodeTestTask.java:116)
	at org.junit.platform.engine.support.hierarchical.SameThreadHierarchicalTestExecutorService.submit(SameThreadHierarchicalTestExecutorService.java:36)
	at org.junit.platform.engine.support.hierarchical.HierarchicalTestExecutor.execute(HierarchicalTestExecutor.java:52)
	at org.junit.platform.engine.support.hierarchical.HierarchicalTestEngine.execute(HierarchicalTestEngine.java:58)
	at org.junit.platform.launcher.core.EngineExecutionOrchestrator.executeEngine(EngineExecutionOrchestrator.java:246)
	at org.junit.platform.launcher.core.EngineExecutionOrchestrator.failOrExecuteEngine(EngineExecutionOrchestrator.java:218)
	at org.junit.platform.launcher.core.EngineExecutionOrchestrator.execute(EngineExecutionOrchestrator.java:179)
	at org.junit.platform.launcher.core.EngineExecutionOrchestrator.execute(EngineExecutionOrchestrator.java:108)
	at org.junit.platform.launcher.core.EngineExecutionOrchestrator.lambda$execute$0(EngineExecutionOrchestrator.java:66)
	at org.junit.platform.launcher.core.EngineExecutionOrchestrator.withInterceptedStreams(EngineExecutionOrchestrator.java:157)
	at org.junit.platform.launcher.core.EngineExecutionOrchestrator.execute(EngineExecutionOrchestrator.java:65)
	at org.junit.platform.launcher.core.DefaultLauncher.execute(DefaultLauncher.java:125)
	at org.junit.platform.launcher.core.DefaultLauncher.execute(DefaultLauncher.java:114)
	at org.junit.platform.launcher.core.DelegatingLauncher.execute(DelegatingLauncher.java:58)
	at org.junit.platform.launcher.core.InterceptingLauncher.lambda$execute$2(InterceptingLauncher.java:57)
	at org.junit.platform.launcher.core.ClasspathAlignmentCheckingLauncherInterceptor.intercept(ClasspathAlignmentCheckingLauncherInterceptor.java:25)
	at org.junit.platform.launcher.core.InterceptingLauncher.execute(InterceptingLauncher.java:56)
	at org.junit.platform.launcher.core.DelegatingLauncher.execute(DelegatingLauncher.java:58)
	at java.base/jdk.internal.reflect.DirectMethodHandleAccessor.invoke(DirectMethodHandleAccessor.java:103)
	at java.base/java.lang.reflect.Method.invoke(Method.java:580)
	at org.apache.maven.surefire.api.util.ReflectionUtils.invokeMethodWithArray(ReflectionUtils.java:125)
	at org.apache.maven.surefire.junitplatform.LauncherAdapter.executeWithCancellationToken(LauncherAdapter.java:68)
	at org.apache.maven.surefire.junitplatform.LauncherAdapter.execute(LauncherAdapter.java:54)
	at org.apache.maven.surefire.junitplatform.JUnitPlatformProvider.execute(JUnitPlatformProvider.java:203)
	at org.apache.maven.surefire.junitplatform.JUnitPlatformProvider.invokeAllTests(JUnitPlatformProvider.java:168)
	at org.apache.maven.surefire.junitplatform.JUnitPlatformProvider.invoke(JUnitPlatformProvider.java:134)
	at org.apache.maven.surefire.booter.ForkedBooter.runSuitesInProcess(ForkedBooter.java:385)
	at org.apache.maven.surefire.booter.ForkedBooter.execute(ForkedBooter.java:162)
	at org.apache.maven.surefire.booter.ForkedBooter.run(ForkedBooter.java:507)
	at org.apache.maven.surefire.booter.ForkedBooter.main(ForkedBooter.java:495)
13:11:23.426 [main] INFO org.springframework.mock.web.MockServletContext -- Initializing Spring TestDispatcherServlet ''
13:11:23.426 [main] INFO org.springframework.test.web.servlet.TestDispatcherServlet -- Initializing Servlet ''
13:11:23.426 [main] INFO org.springframework.test.web.servlet.TestDispatcherServlet -- Completed initialization in 0 ms
[INFO] Tests run: 4, Failures: 0, Errors: 0, Skipped: 0, Time elapsed: 0.378 s -- in Test Notification Endpoint Tests
[INFO] Tests run: 0, Failures: 0, Errors: 0, Skipped: 0, Time elapsed: 9.698 s -- in decentralabs.blockchain.controller.billing.NotificationAdminControllerTest
[INFO] Running decentralabs.blockchain.controller.health.HealthControllerTest
[INFO] Running Invite Token Configuration Tests
13:11:33.241 [main] INFO org.hibernate.validator.internal.util.Version -- HV000001: Hibernate Validator 9.0.1.Final
13:11:35.378 [main] INFO org.springframework.mock.web.MockServletContext -- Initializing Spring TestDispatcherServlet ''
13:11:35.384 [main] INFO org.springframework.test.web.servlet.TestDispatcherServlet -- Initializing Servlet ''
13:11:35.395 [main] INFO org.springframework.test.web.servlet.TestDispatcherServlet -- Completed initialization in 8 ms
13:11:36.510 [main] INFO org.springframework.mock.web.MockServletContext -- Initializing Spring TestDispatcherServlet ''
13:11:36.510 [main] INFO org.springframework.test.web.servlet.TestDispatcherServlet -- Initializing Servlet ''
13:11:36.510 [main] INFO org.springframework.test.web.servlet.TestDispatcherServlet -- Completed initialization in 0 ms
[INFO] Tests run: 2, Failures: 0, Errors: 0, Skipped: 0, Time elapsed: 10.54 s -- in Invite Token Configuration Tests
[INFO] Running Health Check Basic Tests
13:11:36.580 [main] INFO org.springframework.mock.web.MockServletContext -- Initializing Spring TestDispatcherServlet ''
13:11:36.581 [main] INFO org.springframework.test.web.servlet.TestDispatcherServlet -- Initializing Servlet ''
13:11:36.581 [main] INFO org.springframework.test.web.servlet.TestDispatcherServlet -- Completed initialization in 0 ms
13:11:36.630 [main] INFO org.springframework.mock.web.MockServletContext -- Initializing Spring TestDispatcherServlet ''
13:11:36.630 [main] INFO org.springframework.test.web.servlet.TestDispatcherServlet -- Initializing Servlet ''
13:11:36.631 [main] INFO org.springframework.test.web.servlet.TestDispatcherServlet -- Completed initialization in 0 ms
[INFO] Tests run: 2, Failures: 0, Errors: 0, Skipped: 0, Time elapsed: 0.100 s -- in Health Check Basic Tests
[INFO] Running Database Health Tests
13:11:36.686 [main] INFO org.springframework.mock.web.MockServletContext -- Initializing Spring TestDispatcherServlet ''
13:11:36.687 [main] INFO org.springframework.test.web.servlet.TestDispatcherServlet -- Initializing Servlet ''
13:11:36.687 [main] INFO org.springframework.test.web.servlet.TestDispatcherServlet -- Completed initialization in 0 ms
13:11:36.728 [main] INFO org.springframework.mock.web.MockServletContext -- Initializing Spring TestDispatcherServlet ''
13:11:36.728 [main] INFO org.springframework.test.web.servlet.TestDispatcherServlet -- Initializing Servlet ''
13:11:36.729 [main] INFO org.springframework.test.web.servlet.TestDispatcherServlet -- Completed initialization in 0 ms
13:11:36.747 [main] WARN decentralabs.blockchain.controller.health.HealthController -- Database connectivity check failed: Connection refused
13:11:36.781 [main] INFO org.springframework.mock.web.MockServletContext -- Initializing Spring TestDispatcherServlet ''
13:11:36.782 [main] INFO org.springframework.test.web.servlet.TestDispatcherServlet -- Initializing Servlet ''
13:11:36.782 [main] INFO org.springframework.test.web.servlet.TestDispatcherServlet -- Completed initialization in 0 ms
13:11:36.791 [main] WARN decentralabs.blockchain.controller.health.HealthController -- No JdbcTemplate available for database health check
[INFO] Tests run: 3, Failures: 0, Errors: 0, Skipped: 0, Time elapsed: 0.145 s -- in Database Health Tests
[INFO] Running Endpoint Status Tests
13:11:36.837 [main] INFO org.springframework.mock.web.MockServletContext -- Initializing Spring TestDispatcherServlet ''
13:11:36.838 [main] INFO org.springframework.test.web.servlet.TestDispatcherServlet -- Initializing Servlet ''
13:11:36.838 [main] INFO org.springframework.test.web.servlet.TestDispatcherServlet -- Completed initialization in 0 ms
13:11:36.883 [main] INFO org.springframework.mock.web.MockServletContext -- Initializing Spring TestDispatcherServlet ''
13:11:36.883 [main] INFO org.springframework.test.web.servlet.TestDispatcherServlet -- Initializing Servlet ''
13:11:36.883 [main] INFO org.springframework.test.web.servlet.TestDispatcherServlet -- Completed initialization in 0 ms
[INFO] Tests run: 2, Failures: 0, Errors: 0, Skipped: 0, Time elapsed: 0.088 s -- in Endpoint Status Tests
[INFO] Running RPC Client Health Tests
13:11:36.927 [main] INFO org.springframework.mock.web.MockServletContext -- Initializing Spring TestDispatcherServlet ''
13:11:36.927 [main] INFO org.springframework.test.web.servlet.TestDispatcherServlet -- Initializing Servlet ''
13:11:36.928 [main] INFO org.springframework.test.web.servlet.TestDispatcherServlet -- Completed initialization in 1 ms
13:11:36.935 [main] WARN decentralabs.blockchain.controller.health.HealthController -- RPC connectivity check failed: RPC connection failed
13:11:36.967 [main] INFO org.springframework.mock.web.MockServletContext -- Initializing Spring TestDispatcherServlet ''
13:11:36.967 [main] INFO org.springframework.test.web.servlet.TestDispatcherServlet -- Initializing Servlet ''
13:11:36.968 [main] INFO org.springframework.test.web.servlet.TestDispatcherServlet -- Completed initialization in 0 ms
[INFO] Tests run: 2, Failures: 0, Errors: 0, Skipped: 0, Time elapsed: 0.082 s -- in RPC Client Health Tests
[INFO] Running Billing Configuration Tests
13:11:37.012 [main] INFO org.springframework.mock.web.MockServletContext -- Initializing Spring TestDispatcherServlet ''
13:11:37.012 [main] INFO org.springframework.test.web.servlet.TestDispatcherServlet -- Initializing Servlet ''
13:11:37.012 [main] INFO org.springframework.test.web.servlet.TestDispatcherServlet -- Completed initialization in 0 ms
13:11:37.048 [main] INFO org.springframework.mock.web.MockServletContext -- Initializing Spring TestDispatcherServlet ''
13:11:37.049 [main] INFO org.springframework.test.web.servlet.TestDispatcherServlet -- Initializing Servlet ''
13:11:37.049 [main] INFO org.springframework.test.web.servlet.TestDispatcherServlet -- Completed initialization in 0 ms
[INFO] Tests run: 2, Failures: 0, Errors: 0, Skipped: 0, Time elapsed: 0.079 s -- in Billing Configuration Tests
[INFO] Running SAML Validation Tests
13:11:37.092 [main] INFO org.springframework.mock.web.MockServletContext -- Initializing Spring TestDispatcherServlet ''
13:11:37.093 [main] INFO org.springframework.test.web.servlet.TestDispatcherServlet -- Initializing Servlet ''
13:11:37.093 [main] INFO org.springframework.test.web.servlet.TestDispatcherServlet -- Completed initialization in 0 ms
[INFO] Tests run: 1, Failures: 0, Errors: 0, Skipped: 0, Time elapsed: 0.040 s -- in SAML Validation Tests
[INFO] Running Wallet Configuration Tests
13:11:37.130 [main] INFO org.springframework.mock.web.MockServletContext -- Initializing Spring TestDispatcherServlet ''
13:11:37.130 [main] INFO org.springframework.test.web.servlet.TestDispatcherServlet -- Initializing Servlet ''
13:11:37.131 [main] INFO org.springframework.test.web.servlet.TestDispatcherServlet -- Completed initialization in 1 ms
13:11:37.166 [main] INFO org.springframework.mock.web.MockServletContext -- Initializing Spring TestDispatcherServlet ''
13:11:37.166 [main] INFO org.springframework.test.web.servlet.TestDispatcherServlet -- Initializing Servlet ''
13:11:37.167 [main] INFO org.springframework.test.web.servlet.TestDispatcherServlet -- Completed initialization in 1 ms
[INFO] Tests run: 2, Failures: 0, Errors: 0, Skipped: 0, Time elapsed: 0.071 s -- in Wallet Configuration Tests
[INFO] Running Marketplace Key Health Tests
13:11:37.203 [main] INFO org.springframework.mock.web.MockServletContext -- Initializing Spring TestDispatcherServlet ''
13:11:37.203 [main] INFO org.springframework.test.web.servlet.TestDispatcherServlet -- Initializing Servlet ''
13:11:37.204 [main] INFO org.springframework.test.web.servlet.TestDispatcherServlet -- Completed initialization in 0 ms
13:11:37.242 [main] INFO org.springframework.mock.web.MockServletContext -- Initializing Spring TestDispatcherServlet ''
13:11:37.243 [main] INFO org.springframework.test.web.servlet.TestDispatcherServlet -- Initializing Servlet ''
13:11:37.243 [main] INFO org.springframework.test.web.servlet.TestDispatcherServlet -- Completed initialization in 0 ms
13:11:37.274 [main] INFO org.springframework.mock.web.MockServletContext -- Initializing Spring TestDispatcherServlet ''
13:11:37.274 [main] INFO org.springframework.test.web.servlet.TestDispatcherServlet -- Initializing Servlet ''
13:11:37.274 [main] INFO org.springframework.test.web.servlet.TestDispatcherServlet -- Completed initialization in 0 ms
13:11:37.281 [main] WARN decentralabs.blockchain.controller.health.HealthController -- Marketplace key availability check failed: Key error
[INFO] Tests run: 3, Failures: 0, Errors: 0, Skipped: 0, Time elapsed: 0.106 s -- in Marketplace Key Health Tests
[INFO] Tests run: 0, Failures: 0, Errors: 0, Skipped: 0, Time elapsed: 11.32 s -- in decentralabs.blockchain.controller.health.HealthControllerTest
[INFO] Running decentralabs.blockchain.controller.intent.IntentAuthorizationControllerTest
¨Desea terminar el trabajo por lotes (S/N)? 
